07-25 12:14:12.580 10465 10516 I VRI[HomeFragmentHolderActivity]@ce54e4c: mWNT: t=0xb400006d385d5750 mBlastBufferQueue=0xb400006e7836fdb0 fn= 38 HdrRenderState mRenderHdrSdrRatio=1.0 caller= android.view.SurfaceView.applyOrMergeTransaction:1723 android.view.SurfaceView.-$$Nest$mapplyOrMergeTransaction:0 android.view.SurfaceView$SurfaceViewPositionUpdateListener.positionChanged:1792 
07-25 12:14:12.580 10465 10533 I VRI[HomeFragmentHolderActivity]@ce54e4c: mWNT: t=0xb400006d385d4b10 mBlastBufferQueue=0xb400006e7836fdb0 fn= 38 HdrRenderState mRenderHdrSdrRatio=1.0 caller= android.view.ViewRootImpl$9.onFrameDraw:6276 android.view.ViewRootImpl$3.onFrameDraw:2440 android.view.ThreadedRenderer$1.onFrameDraw:761 
07-25 12:14:12.586 10465 10465 I FKMediaViewManager: log: setPlayProgressDelay 1000
07-25 12:14:12.586 10465 10465 I newrelic: newrelic: {level=INFO,tag=FKMediaViewManager,message=log: setPlayProgressDelay 1000}
07-25 12:14:12.586 10465 10465 I FKMediaViewManager: log: setMuteState mute=true
07-25 12:14:12.586 10465 10465 I newrelic: newrelic: {level=INFO,tag=FKMediaViewManager,message=log: setMuteState mute=true}
07-25 12:14:12.586 10465 10465 I FKMediaViewManager: log: setVideoData hideTimer -> true, thumbnail -> https://rukminim1.flixcart.com/fk-p-user/{@width}/{@height}/2gudsocialimages/cb66fdbc-e44d-4cb2-84b6-ecb885d6e3de.jpg?q={@quality}, src -> https://2gud-live-cdn.akamaized.net/media/fk-p-user-2gudsocial072022/social-multimedia/video/publish/1566111059460730858/manifest.m3u8, showPlayButton -> false, disableVolumeControl -> true, loopCount -> 1.0, disableDefaultPlaceholderImage -> true, width -> 139.392, resizeMode -> 3.0, cacheDisabled -> true, hideBufferIndicator -> true, showReplayButton -> false, height -> 247.808
07-25 12:14:12.586 10465 10465 I newrelic: newrelic: {level=INFO,tag=FKMediaViewManager,message=log: setVideoData hideTimer -> true, thumbnail -> https://rukminim1.flixcart.com/fk-p-user/{@width}/{@height}/2gudsocialimages/cb66fdbc-e44d-4cb2-84b6-ecb885d6e3de.jpg?q={@quality}, src -> https://2gud-live-cdn.akamaized.net/media/fk-p-user-2gudsocial072022/social-multimedia/video/publish/1566111059460730858/manifest.m3u8, showPlayButton -> false, disableVolumeControl -> true, loopCount -> 1.0, disableDefaultPlaceholderImage -> true, width -> 139.392, resizeMode -> 3.0, cacheDisabled -> true, hideBufferIndicator -> true, showReplayButton -> false, height -> 247.808}
07-25 12:14:12.586 10465 10465 I FKMediaViewManager: log: setPlayProgressDelay 1000
07-25 12:14:12.586 10465 10465 I newrelic: newrelic: {level=INFO,tag=FKMediaViewManager,message=log: setPlayProgressDelay 1000}
07-25 12:14:12.586 10465 10465 I FKMediaViewManager: log: setMuteState mute=true
07-25 12:14:12.586 10465 10465 I newrelic: newrelic: {level=INFO,tag=FKMediaViewManager,message=log: setMuteState mute=true}
07-25 12:14:12.587 10465 10465 I FKMediaViewManager: log: setVideoData hideTimer -> true, thumbnail -> https://rukminim1.flixcart.com/fk-p-user/{@width}/{@height}/2gudsocialimages/b17f10f4-009f-4a01-9173-40b67d583abd.jpg?q={@quality}, src -> https://2gud-live-cdn.akamaized.net/media/fk-p-user-2gudsocial072022/social-multimedia/video/publish/4399685316514589596/manifest.m3u8, showPlayButton -> false, disableVolumeControl -> true, loopCount -> 1.0, disableDefaultPlaceholderImage -> true, width -> 139.392, resizeMode -> 3.0, cacheDisabled -> true, hideBufferIndicator -> true, showReplayButton -> false, height -> 247.808
07-25 12:14:12.587 10465 10465 I newrelic: newrelic: {level=INFO,tag=FKMediaViewManager,message=log: setVideoData hideTimer -> true, thumbnail -> https://rukminim1.flixcart.com/fk-p-user/{@width}/{@height}/2gudsocialimages/b17f10f4-009f-4a01-9173-40b67d583abd.jpg?q={@quality}, src -> https://2gud-live-cdn.akamaized.net/media/fk-p-user-2gudsocial072022/social-multimedia/video/publish/4399685316514589596/manifest.m3u8, showPlayButton -> false, disableVolumeControl -> true, loopCount -> 1.0, disableDefaultPlaceholderImage -> true, width -> 139.392, resizeMode -> 3.0, cacheDisabled -> true, hideBufferIndicator -> true, showReplayButton -> false, height -> 247.808}
07-25 12:14:12.590 10465 10465 I FKMediaViewManager: log: setPlayProgressDelay 1000
07-25 12:14:12.590 10465 10465 I newrelic: newrelic: {level=INFO,tag=FKMediaViewManager,message=log: setPlayProgressDelay 1000}
07-25 12:14:12.590 10465 10465 I FKMediaViewManager: log: setMuteState mute=true
07-25 12:14:12.590 10465 10465 I newrelic: newrelic: {level=INFO,tag=FKMediaViewManager,message=log: setMuteState mute=true}
07-25 12:14:12.590 10465 10465 I FKMediaViewManager: log: setVideoData hideTimer -> true, thumbnail -> https://rukminim1.flixcart.com/fk-p-user/{@width}/{@height}/2gudsocialimages/86ed3b20-35cd-4ac9-bce4-a5690bae8699.jpg?q={@quality}, src -> https://flipkartazurepni.akamaized.net/hls/live/2118785/zs6dbi/master.m3u8, showPlayButton -> false, disableVolumeControl -> true, loopCount -> 1.0, disableDefaultPlaceholderImage -> true, width -> 139.392, resizeMode -> 3.0, cacheDisabled -> true, hideBufferIndicator -> true, showReplayButton -> false, height -> 247.808
07-25 12:14:12.590 10465 10465 I newrelic: newrelic: {level=INFO,tag=FKMediaViewManager,message=log: setVideoData hideTimer -> true, thumbnail -> https://rukminim1.flixcart.com/fk-p-user/{@width}/{@height}/2gudsocialimages/86ed3b20-35cd-4ac9-bce4-a5690bae8699.jpg?q={@quality}, src -> https://flipkartazurepni.akamaized.net/hls/live/2118785/zs6dbi/master.m3u8, showPlayButton -> false, disableVolumeControl -> true, loopCount -> 1.0, disableDefaultPlaceholderImage -> true, width -> 139.392, resizeMode -> 3.0, cacheDisabled -> true, hideBufferIndicator -> true, showReplayButton -> false, height -> 247.808}
07-25 12:14:12.591 10465 10465 I FKMediaViewManager: log: setPlayProgressDelay 1000
07-25 12:14:12.591 10465 10465 I newrelic: newrelic: {level=INFO,tag=FKMediaViewManager,message=log: setPlayProgressDelay 1000}
07-25 12:14:12.591 10465 10465 I FKMediaViewManager: log: setMuteState mute=true
07-25 12:14:12.591 10465 10465 I newrelic: newrelic: {level=INFO,tag=FKMediaViewManager,message=log: setMuteState mute=true}
07-25 12:14:12.591 10465 10465 I FKMediaViewManager: log: setVideoData hideTimer -> true, thumbnail -> https://rukminim1.flixcart.com/fk-p-user/{@width}/{@height}/2gudsocialimages/b5783fc4-a5b8-4108-b1d8-9f5289ddcad3.jpg?q={@quality}, src -> https://flipkartazurepni.akamaized.net/hls/live/2118784/a0gzuj/master.m3u8, showPlayButton -> false, disableVolumeControl -> true, loopCount -> 1.0, disableDefaultPlaceholderImage -> true, width -> 139.392, resizeMode -> 3.0, cacheDisabled -> true, hideBufferIndicator -> true, showReplayButton -> false, height -> 247.808
07-25 12:14:12.591 10465 10465 I newrelic: newrelic: {level=INFO,tag=FKMediaViewManager,message=log: setVideoData hideTimer -> true, thumbnail -> https://rukminim1.flixcart.com/fk-p-user/{@width}/{@height}/2gudsocialimages/b5783fc4-a5b8-4108-b1d8-9f5289ddcad3.jpg?q={@quality}, src -> https://flipkartazurepni.akamaized.net/hls/live/2118784/a0gzuj/master.m3u8, showPlayButton -> false, disableVolumeControl -> true, loopCount -> 1.0, disableDefaultPlaceholderImage -> true, width -> 139.392, resizeMode -> 3.0, cacheDisabled -> true, hideBufferIndicator -> true, showReplayButton -> false, height -> 247.808}
07-25 12:14:12.603 10465 10465 I FKMediaViewManager: log: setPlayProgressDelay 1000
07-25 12:14:12.603 10465 10465 I newrelic: newrelic: {level=INFO,tag=FKMediaViewManager,message=log: setPlayProgressDelay 1000}
07-25 12:14:12.603 10465 10465 I FKMediaViewManager: log: setMuteState mute=true
07-25 12:14:12.603 10465 10465 I newrelic: newrelic: {level=INFO,tag=FKMediaViewManager,message=log: setMuteState mute=true}
07-25 12:14:12.603 10465 10465 I FKMediaViewManager: log: setVideoData hideTimer -> true, thumbnail -> https://rukminim1.flixcart.com/fk-p-user/{@width}/{@height}/2gudsocialimages/b0db598a-c595-48f7-a1f4-8016f560dc5f.jpg?q={@quality}, src -> https://2gud-live-cdn.akamaized.net/media/fk-p-user-2gudsocial072022/social-multimedia/video/publish/3417745919487703006/manifest.m3u8, showPlayButton -> false, disableVolumeControl -> true, loopCount -> 1.0, disableDefaultPlaceholderImage -> true, width -> 139.392, resizeMode -> 3.0, cacheDisabled -> true, hideBufferIndicator -> true, showReplayButton -> false, height -> 247.808
07-25 12:14:12.603 10465 10465 I newrelic: newrelic: {level=INFO,tag=FKMediaViewManager,message=log: setVideoData hideTimer -> true, thumbnail -> https://rukminim1.flixcart.com/fk-p-user/{@width}/{@height}/2gudsocialimages/b0db598a-c595-48f7-a1f4-8016f560dc5f.jpg?q={@quality}, src -> https://2gud-live-cdn.akamaized.net/media/fk-p-user-2gudsocial072022/social-multimedia/video/publish/3417745919487703006/manifest.m3u8, showPlayButton -> false, disableVolumeControl -> true, loopCount -> 1.0, disableDefaultPlaceholderImage -> true, width -> 139.392, resizeMode -> 3.0, cacheDisabled -> true, hideBufferIndicator -> true, showReplayButton -> false, height -> 247.808}
07-25 12:14:12.604 10465 10465 I FKMediaViewManager: log: setPlayProgressDelay 1000
07-25 12:14:12.604 10465 10465 I newrelic: newrelic: {level=INFO,tag=FKMediaViewManager,message=log: setPlayProgressDelay 1000}
07-25 12:14:12.604 10465 10465 I FKMediaViewManager: log: setMuteState mute=true
07-25 12:14:12.604 10465 10465 I newrelic: newrelic: {level=INFO,tag=FKMediaViewManager,message=log: setMuteState mute=true}
07-25 12:14:12.604 10465 10465 I FKMediaViewManager: log: setVideoData hideTimer -> true, thumbnail -> https://rukminim1.flixcart.com/fk-p-user/{@width}/{@height}/2gudsocialimages/a6a1dc06-6432-436c-bd73-7e87b1880fc0.jpg?q={@quality}, src -> https://2gud-live-cdn.akamaized.net/media/fk-p-user-2gudsocial072022/social-multimedia/video/publish/5047671238862175589/manifest.m3u8, showPlayButton -> false, disableVolumeControl -> true, loopCount -> 1.0, disableDefaultPlaceholderImage -> true, width -> 139.392, resizeMode -> 3.0, cacheDisabled -> true, hideBufferIndicator -> true, showReplayButton -> false, height -> 247.808
07-25 12:14:12.604 10465 10465 I newrelic: newrelic: {level=INFO,tag=FKMediaViewManager,message=log: setVideoData hideTimer -> true, thumbnail -> https://rukminim1.flixcart.com/fk-p-user/{@width}/{@height}/2gudsocialimages/a6a1dc06-6432-436c-bd73-7e87b1880fc0.jpg?q={@quality}, src -> https://2gud-live-cdn.akamaized.net/media/fk-p-user-2gudsocial072022/social-multimedia/video/publish/5047671238862175589/manifest.m3u8, showPlayButton -> false, disableVolumeControl -> true, loopCount -> 1.0, disableDefaultPlaceholderImage -> true, width -> 139.392, resizeMode -> 3.0, cacheDisabled -> true, hideBufferIndicator -> true, showReplayButton -> false, height -> 247.808}
07-25 12:14:12.786 10465 10693 I AudioManager: getParameters keys = offloadVariableRateSupported
07-25 12:14:12.800 10465 10693 W AudioCapabilities: Unsupported mime audio/x-ape
07-25 12:14:12.801 10465 10693 W AudioCapabilities: Unsupported mime audio/x-ima
07-25 12:14:12.801 10465 10693 W AudioCapabilities: Unsupported mime audio/mpeg-L1
07-25 12:14:12.801 10465 10693 W AudioCapabilities: Unsupported mime audio/mpeg-L2
07-25 12:14:12.801 10465 10693 W VideoCapabilities: Unsupported mime video/wvc1
07-25 12:14:12.801 10465 10693 W VideoCapabilities: Unsupported mime video/x-ms-wmv
07-25 12:14:12.807 10465 10693 W VideoCapabilities: Unrecognized profile/level 32768/256 for video/mp4v-es
07-25 12:14:12.807 10465 10693 W VideoCapabilities: Unsupported mime video/apv
07-25 12:14:12.807 10465 10693 W VideoCapabilities: Unsupported mime video/apv
07-25 12:14:12.812 10465 10693 I DMCodecAdapterFactory: Creating an asynchronous MediaCodec adapter for track type video
07-25 12:14:12.814 10465 10708 I CCodec  : state->set(ALLOCATING)
07-25 12:14:12.815 10465 10709 I CCodec  : allocate(c2.exynos.h264.decoder)
07-25 12:14:12.816 10465 10709 I Codec2Client: Available Codec2 services: "default" "default0" "software"
07-25 12:14:12.817 10465 10709 I CCodec  : setting up 'default' as default (vendor) store
07-25 12:14:12.821 10465 10709 I CCodec  : Created component [c2.exynos.h264.decoder]
07-25 12:14:12.821 10465 10709 I CCodec  : [c2.exynos.h264.decoder] state->set(ALLOCATED)
07-25 12:14:12.821 10465 10709 D CCodecConfig: read media type: video/avc
07-25 12:14:12.822 10465 10709 D ReflectedParamUpdater: extent() != 1 for single value type: output.subscribed-indices.values
07-25 12:14:12.822 10465 10709 D ReflectedParamUpdater: extent() != 1 for single value type: input.buffers.allocator-ids.values
07-25 12:14:12.823 10465 10709 D ReflectedParamUpdater: extent() != 1 for single value type: output.buffers.allocator-ids.values
07-25 12:14:12.823 10465 10709 D ReflectedParamUpdater: extent() != 1 for single value type: output.buffers.pool-ids.values
07-25 12:14:12.824 10465 10709 D ReflectedParamUpdater: ignored struct field coded.color-format.locations
07-25 12:14:12.825 10465 10709 D CCodecConfig: ignoring local param raw.size (0xd2001800) as it is already supported
07-25 12:14:12.825 10465 10709 D CCodecConfig: ignoring local param default.color (0x5200180b) as it is already supported
07-25 12:14:12.825 10465 10709 D ReflectedParamUpdater: ignored struct field raw.hdr-static-info.mastering
07-25 12:14:12.826 10465 10709 I CCodecConfig: query failed after returning 15 values (BAD_INDEX)
07-25 12:14:12.826 10465 10709 D CCodecConfig: c2 config diff is Dict {
07-25 12:14:12.826 10465 10709 D CCodecConfig:   c2::u32 algo.low-latency.value = 0
07-25 12:14:12.826 10465 10709 D CCodecConfig:   c2::i32 algo.priority.value = 0
07-25 12:14:12.826 10465 10709 D CCodecConfig:   c2::float algo.rate.value = 0
07-25 12:14:12.826 10465 10709 D CCodecConfig:   c2::u32 coded.pl.level = 20496
07-25 12:14:12.826 10465 10709 D CCodecConfig:   c2::u32 coded.pl.profile = 20481
07-25 12:14:12.826 10465 10709 D CCodecConfig:   c2::u32 coded.vui.color.matrix = 0
07-25 12:14:12.826 10465 10709 D CCodecConfig:   c2::u32 coded.vui.color.primaries = 0
07-25 12:14:12.826 10465 10709 D CCodecConfig:   c2::u32 coded.vui.color.range = 0
07-25 12:14:12.826 10465 10709 D CCodecConfig:   c2::u32 coded.vui.color.transfer = 0
07-25 12:14:12.826 10465 10709 D CCodecConfig:   c2::u32 default.color.matrix = 0
07-25 12:14:12.826 10465 10709 D CCodecConfig:   c2::u32 default.color.primaries = 0
07-25 12:14:12.826 10465 10709 D CCodecConfig:   c2::u32 default.color.range = 0
07-25 12:14:12.826 10465 10709 D CCodecConfig:   c2::u32 default.color.transfer = 0
07-25 12:14:12.826 10465 10709 D CCodecConfig:   c2::u32 input.buffers.max-size.value = 7340032
07-25 12:14:12.826 10465 10709 D CCodecConfig:   string input.media-type.value = "video/avc"
07-25 12:14:12.826 10465 10709 D CCodecConfig:   c2::u32 output.delay.value = 8
07-25 12:14:12.826 10465 10709 D CCodecConfig:   string output.media-type.value = "video/raw"
07-25 12:14:12.826 10465 10709 D CCodecConfig:   c2::u32 raw.color.matrix = 0
07-25 12:14:12.826 10465 10709 D CCodecConfig:   c2::u32 raw.color.primaries = 0
07-25 12:14:12.826 10465 10709 D CCodecConfig:   c2::u32 raw.color.range = 0
07-25 12:14:12.826 10465 10709 D CCodecConfig:   c2::u32 raw.color.transfer = 0
07-25 12:14:12.826 10465 10709 D CCodecConfig:   c2::float raw.hdr-static-info.max-cll = 0
07-25 12:14:12.826 10465 10709 D CCodecConfig:   c2::float raw.hdr-static-info.max-fall = 0
07-25 12:14:12.826 10465 10709 D CCodecConfig:   c2::u32 raw.max-size.height = 240
07-25 12:14:12.826 10465 10709 D CCodecConfig:   c2::u32 raw.max-size.width = 320
07-25 12:14:12.826 10465 10709 D CCodecConfig:   c2::u32 raw.pixel-format.value = 34
07-25 12:14:12.826 10465 10709 D CCodecConfig:   c2::i32 raw.rotation.flip = 
07-25 12:14:12.826 10465 10709 W ColorUtils: expected specified color aspects (0:0:0:0)
07-25 12:14:12.827 10465 10708 I MediaCodec: MediaCodec will operate in async mode
07-25 12:14:12.828 10465 10708 D SurfaceUtils: connecting to surface 0xb400006ea841eff0, reason connectToSurface
07-25 12:14:12.828 10465 10708 I MediaCodec: [c2.exynos.h264.decoder] setting surface generation to 10716161
07-25 12:14:12.828 10465 10708 D SurfaceUtils: disconnecting from surface 0xb400006ea841eff0, reason connectToSurface(reconnect)
07-25 12:14:12.828 10465 10708 D SurfaceUtils: connecting to surface 0xb400006ea841efe0, reason connectToSurface(reconnect-with-listener)
07-25 12:14:12.828 10465 10709 D CCodec  : [c2.exynos.h264.decoder] buffers are bound to CCodec for this session
07-25 12:14:12.828 10465 10709 I CCodec  : appPid(10465) width(1296) height(432)
07-25 12:14:12.829 10465 10709 D CCodecConfig: no c2 equivalents for csd-1
07-25 12:14:12.829 10465 10709 D CCodecConfig: no c2 equivalents for log-session-id
07-25 12:14:12.829 10465 10709 D CCodecConfig: no c2 equivalents for importance
07-25 12:14:12.829 10465 10709 D CCodecConfig: no c2 equivalents for native-window
07-25 12:14:12.829 10465 10709 D CCodecConfig: no c2 equivalents for native-window-generation
07-25 12:14:12.829 10465 10709 D CCodecConfig: no c2 equivalents for flags
07-25 12:14:12.829 10465 10709 D CCodecConfig: c2 config diff is   c2::u32 raw.max-size.height = 432
07-25 12:14:12.829 10465 10709 D CCodecConfig:   c2::u32 raw.max-size.width = 1296
07-25 12:14:12.829 10465 10709 D CCodecConfig:   c2::u32 raw.size.height = 432
07-25 12:14:12.829 10465 10709 D CCodecConfig:   c2::u32 raw.size.width = 1296
07-25 12:14:12.829 10465 10709 W Codec2Client: query -- param skipped: index = 1107298332.
07-25 12:14:12.829 10465 10709 D CCodec  : client requested max input size 419904, which is smaller than what component recommended (7340032); overriding with component recommendation.
07-25 12:14:12.829 10465 10709 W CCodec  : This behavior is subject to change. It is recommended that app developers double check whether the requested max input size is in reasonable range.
07-25 12:14:12.829 10465 10709 D CCodec  : encoding statistics level = 0
07-25 12:14:12.829 10465 10709 D CCodec  : setup formats input: AMessage(what = 0x00000000) = {
07-25 12:14:12.829 10465 10709 D CCodec  :   int32_t height = 432
07-25 12:14:12.829 10465 10709 D CCodec  :   int32_t level = 65536
07-25 12:14:12.829 10465 10709 D CCodec  :   int32_t max-input-size = 7340032
07-25 12:14:12.829 10465 10709 D CCodec  :   string mime = "video/avc"
07-25 12:14:12.829 10465 10709 D CCodec  :   int32_t priority = 0
07-25 12:14:12.829 10465 10709 D CCodec  :   int32_t profile = 65536
07-25 12:14:12.829 10465 10709 D CCodec  :   int32_t width = 1296
07-25 12:14:12.829 10465 10709 D CCodec  :   Rect crop(0, 0, 1295, 431)
07-25 12:14:12.829 10465 10709 D CCodec  : }
07-25 12:14:12.829 10465 10709 D CCodec  : setup formats output: AMessage(what = 0x00000000) = {
07-25 12:14:12.829 10465 10709 D CCodec  :   int32_t android._color-format = 2130708361
07-25 12:14:12.829 10465 10709 D CCodec  :   int32_t android._video-scaling = 1
07-25 12:14:12.829 10465 10709 D CCodec  :   int32_t rotation-degrees = 0
07-25 12:14:12.829 10465 10709 D CCodec  :   int32_t color-standard = 1
07-25 12:14:12.829 10465 10709 D CCodec  :   int32_t color-range = 2
07-25 12:14:12.829 10465 10709 D CCodec  :   int32_t color-transfer = 3
07-25 12:14:12.829 10465 10709 D CCodec  :   float cta861.max-cll = 0.000000
07-25 12:14:12.829 10465 10709 D CCodec  :   float cta861.max-fall = 0.000000
07-25 12:14:12.829 10465 10709 D CCodec  :   int32_t sar-height = 1
07-25 12:14:12.829 10465 10709 D CCodec  :   int32_t sar-width = 1
07-25 12:14:12.829 10465 10709 D CCodec  :   Rect crop(0, 0, 1295, 431)
07-25 12:14:12.829 10465 10709 D CCodec  :   int32_t width = 1296
07-25 12:14:12.829 10465 10709 D CCodec  :   int32_t height = 432
07-25 12:14:12.829 10465 10709 D CCodec  :   int32_t max-height = 432
07-25 12:14:12.829 10465 10709 D CCodec  :   int32_t max-width = 1296
07-25 12:14:12.829 10465 10709 D CCodec  :   string mime = "video/raw"
07-25 12:14:12.829 10465 10709 D CCodec  :   int32_t priority = 0
07-25 12:14:12.829 10465 10709 D CCodec  :   int32_t android._dataspace = 260
07-25 12:14:12.829 10465 10709 D CCodec  :   int32_t color-format = 2130708361
07-25 12:14:12.829 10465 10709 D CCodec  :   int32_t p-extraBC = 6
07-25 12:14:12.829 10465 10709 D CCodec  : }
07-25 12:14:12.829 10465 10709 I CCodecConfig: query failed after returning 15 values (BAD_INDEX)
07-25 12:14:12.830 10465 10693 D MediaCodec: keep callback message for reclaim
07-25 12:14:12.830 10465 10708 I CCodec  : [c2.exynos.h264.decoder] state->set(STARTING)
07-25 12:14:12.850 10465 10709 W Codec2Client: query -- param skipped: index = 1073743886.
07-25 12:14:12.850 10465 10709 W Codec2Client: query -- param skipped: index = 1610614798.
07-25 12:14:12.850 10465 10709 W Codec2Client: query -- param skipped: index = 1610614821.
07-25 12:14:12.850 10465 10709 D C2Store : debug.c2.use_dmabufheaps set, forcing DMABUF Heaps
07-25 12:14:12.850 10465 10709 D C2Store : Using DMABUF Heaps
07-25 12:14:12.851 10465 10709 D CCodecBufferChannel: [c2.exynos.h264.decoder#221] Created input block pool with allocatorID 16 => poolID 17 - OK (0)
07-25 12:14:12.851 10465 10709 I CCodecBufferChannel: [c2.exynos.h264.decoder#221] start: max output delay 15
07-25 12:14:12.851 10465 10709 I CCodecBufferChannel: [c2.exynos.h264.decoder#221] Created output block pool with allocatorID 18 => poolID 62611 - OK
07-25 12:14:12.852 10465 10709 D CCodecBufferChannel: [c2.exynos.h264.decoder#221] Configured output block pool ids 62611 => OK
07-25 12:14:12.852 10465 10709 D Codec2-OutputBufferQueue: C2SurfaceSyncMemory created 20(20)
07-25 12:14:12.852 10465 10709 D Codec2-OutputBufferQueue: remote graphic buffer migration 0/0
07-25 12:14:12.852 10465 10709 D Codec2Client: setOutputSurface -- generation=10716161 consumer usage=0x900 sync
07-25 12:14:12.852 10465 10709 D Codec2Client: Surface configure completed
07-25 12:14:12.852 10465 10709 I CCodec  : [c2.exynos.h264.decoder] state->set(RUNNING)
07-25 12:14:12.852 10465 10709 I DMABUFHEAPS: Using DMA-BUF heap named: system
07-25 12:14:12.853 10465 10709 I CCodecBufferChannel: [c2.exynos.h264.decoder#221] 4 initial input buffers available
07-25 12:14:12.856 10465 10708 I MediaCodec: setCodecState state(0), called in 6, domain 1, 1
07-25 12:14:12.857 10465 10683 D skia    : Tiff header had invalid endian marker 0x45,0x78,0x69,0x66.
07-25 12:14:12.857 10465 10701 D skia    : Tiff header had invalid endian marker 0x45,0x78,0x69,0x66.
07-25 12:14:12.858 10465 10682 D skia    : Tiff header had invalid endian marker 0x45,0x78,0x69,0x66.
07-25 12:14:12.858 10465 10683 D skia    : Tiff header had invalid endian marker 0x45,0x78,0x69,0x66.
07-25 12:14:12.858 10465 10701 D skia    : Tiff header had invalid endian marker 0x45,0x78,0x69,0x66.
07-25 12:14:12.858 10465 10682 D skia    : Tiff header had invalid endian marker 0x45,0x78,0x69,0x66.
07-25 12:14:12.859 10465 10702 D skia    : Tiff header had invalid endian marker 0x45,0x78,0x69,0x66.
07-25 12:14:12.860 10465 10702 D skia    : Tiff header had invalid endian marker 0x45,0x78,0x69,0x66.
07-25 12:14:12.863 10465 10709 D CCodecConfig: c2 config diff is   c2::u32 output.delay.value = 11
07-25 12:14:12.863 10465 10709 I CCodecBufferChannel: [c2.exynos.h264.decoder#221] updating max output delay 18
07-25 12:14:12.863 10465 10709 D Codec2-OutputBufferQueue: set max dequeue count 18 from update
07-25 12:14:12.865 10465 10713 D CCodecBufferChannel: [c2.exynos.h264.decoder#221] Ignoring stale input buffer done callback: last flush index = 0, frameIndex = 0
07-25 12:14:12.866 10465 10709 I CCodecBufferChannel: [c2.exynos.h264.decoder#221] updating max output delay 18
07-25 12:14:12.866 10465 10709 D Codec2-OutputBufferQueue: set max dequeue count 18 from update
07-25 12:14:12.866 10465 10709 I CCodecBufferChannel: [c2.exynos.h264.decoder#221] updating max output delay 18
07-25 12:14:12.866 10465 10709 D Codec2-OutputBufferQueue: set max dequeue count 18 from update
07-25 12:14:12.871 10465 10709 D CCodecConfig: c2 config diff is   c2::u32 raw.crop.height = 432
07-25 12:14:12.871 10465 10709 D CCodecConfig:   c2::u32 raw.crop.left = 0
07-25 12:14:12.871 10465 10709 D CCodecConfig:   c2::u32 raw.crop.top = 0
07-25 12:14:12.871 10465 10709 D CCodecConfig:   c2::u32 raw.crop.width = 1296
07-25 12:14:12.876 10465 10708 I BLASTBufferQueue: [SurfaceView[com.flipkart.android/com.flipkart.android.activity.HomeFragmentHolderActivity]@0#2](f:0,a:0,s:0) onFrameAvailable the first frame is available
07-25 12:14:12.876 10465 10708 I MediaCodec: setCodecState state(1), called in 6, domain 1, 1
07-25 12:14:13.849 10465 10473 W lipkart.android: Cleared Reference was only reachable from finalizer (only reported once)
07-25 12:14:13.884 10465 10473 I lipkart.android: Background concurrent mark compact GC freed 66MB AllocSpace bytes, 439(69MB) LOS objects, 63% free, 27MB/75MB, paused 749us,2.131ms total 143.238ms
07-25 12:14:13.901 10465 10474 W JavaBinder: BinderProxy is being destroyed but the application did not call unlinkToDeath to unlink all of its death recipients beforehand.  Releasing leaked death recipient: aj.r
07-25 12:14:13.901 10465 10474 I BpBinder: onLastStrongRef automatically unlinking death recipients: 
07-25 12:14:13.912 10465 10474 W JavaBinder: BinderProxy is being destroyed but the application did not call unlinkToDeath to unlink all of its death recipients beforehand.  Releasing leaked death recipient: aj.r
07-25 12:14:13.912 10465 10474 I BpBinder: onLastStrongRef automatically unlinking death recipients: 
07-25 12:14:13.919 10465 10475 W lipkart.android: ApkAssets: Deleting an ApkAssets object '<empty> and /data/app/~~N7fwAzqVAJWhHrsSWkqZKg==/com.google.android.apps.nbu.paisa.user-rREUdhZ2Z_ym4I_BIEdThQ==/base.apk' with 2 weak references
07-25 12:14:13.920 10465 10475 W lipkart.android: ApkAssets: Deleting an ApkAssets object '<empty> and /data/app/~~N7fwAzqVAJWhHrsSWkqZKg==/com.google.android.apps.nbu.paisa.user-rREUdhZ2Z_ym4I_BIEdThQ==/split_config.arm64_v8a.apk' with 2 weak references
07-25 12:14:13.920 10465 10475 W lipkart.android: ApkAssets: Deleting an ApkAssets object '<empty> and /data/app/~~N7fwAzqVAJWhHrsSWkqZKg==/com.google.android.apps.nbu.paisa.user-rREUdhZ2Z_ym4I_BIEdThQ==/split_config.xxhdpi.apk' with 2 weak references
07-25 12:14:13.920 10465 10475 W lipkart.android: ApkAssets: Deleting an ApkAssets object '<empty> and /data/app/~~cEJQJPWnZZ-2i4seSNVhMA==/com.phonepe.app-EuzayXaSITAzpkcOT-E8hQ==/base.apk' with 2 weak references
07-25 12:14:13.921 10465 10475 W lipkart.android: ApkAssets: Deleting an ApkAssets object '<empty> and /data/app/~~cEJQJPWnZZ-2i4seSNVhMA==/com.phonepe.app-EuzayXaSITAzpkcOT-E8hQ==/split_config.arm64_v8a.apk' with 2 weak references
07-25 12:14:13.921 10465 10475 W lipkart.android: ApkAssets: Deleting an ApkAssets object '<empty> and /data/app/~~cEJQJPWnZZ-2i4seSNVhMA==/com.phonepe.app-EuzayXaSITAzpkcOT-E8hQ==/split_config.xxhdpi.apk' with 2 weak references
07-25 12:14:13.926 10465 10475 W System  : A resource failed to call AbstractCursor.close. 
07-25 12:14:13.926 10465 10475 W System  : A resource failed to call CursorWrapperInner.close. 
07-25 12:14:13.927 10465 10475 W lipkart.android: ApkAssets: Deleting an ApkAssets object '<empty> and /data/app/~~aGzA_1Z5QF3J_1QBGO3QHQ==/com.google.android.webview-rfhONeC4KSuFBVN-kL4W2g==/base.apk' with 2 weak references
07-25 12:14:15.938 10465 10465 I VRI[HomeFragmentHolderActivity]@ce54e4c: onDisplayChanged oldDisplayState=2 newDisplayState=2
07-25 12:14:17.626 10465 10773 D ProfileInstaller: Skipping profile installation for com.flipkart.android
07-25 12:14:18.157 10465 10713 D BufferPoolAccessor2.0: bufferpool2 0xb400006e08417f08 : 5(36700160 size) total buffers - 5(36700160 size) used buffers - 171/176 (recycle/alloc) - 5/179 (fetch/transfer)
07-25 12:14:19.024 10465 10465 I VRI[HomeFragmentHolderActivity]@ce54e4c: onDisplayChanged oldDisplayState=2 newDisplayState=2
07-25 12:14:19.465 10465 10465 I VRI[HomeFragmentHolderActivity]@ce54e4c: onDisplayChanged oldDisplayState=2 newDisplayState=2
07-25 12:14:23.534 10465 10713 D BufferPoolAccessor2.0: bufferpool2 0xb400006e08417f08 : 5(36700160 size) total buffers - 5(36700160 size) used buffers - 331/336 (recycle/alloc) - 5/345 (fetch/transfer)
07-25 12:14:28.840 10465 10713 D BufferPoolAccessor2.0: bufferpool2 0xb400006e08417f08 : 5(36700160 size) total buffers - 5(36700160 size) used buffers - 491/496 (recycle/alloc) - 5/509 (fetch/transfer)
07-25 12:14:34.180 10465 10713 D BufferPoolAccessor2.0: bufferpool2 0xb400006e08417f08 : 5(36700160 size) total buffers - 5(36700160 size) used buffers - 651/656 (recycle/alloc) - 5/674 (fetch/transfer)
07-25 12:14:39.520 10465 10713 D BufferPoolAccessor2.0: bufferpool2 0xb400006e08417f08 : 5(36700160 size) total buffers - 5(36700160 size) used buffers - 811/816 (recycle/alloc) - 5/839 (fetch/transfer)
07-25 12:14:44.854 10465 10713 D BufferPoolAccessor2.0: bufferpool2 0xb400006e08417f08 : 5(36700160 size) total buffers - 5(36700160 size) used buffers - 971/976 (recycle/alloc) - 5/1002 (fetch/transfer)
07-25 12:14:50.200 10465 10713 D BufferPoolAccessor2.0: bufferpool2 0xb400006e08417f08 : 5(36700160 size) total buffers - 5(36700160 size) used buffers - 1131/1136 (recycle/alloc) - 5/1162 (fetch/transfer)
07-25 12:14:55.536 10465 10713 D BufferPoolAccessor2.0: bufferpool2 0xb400006e08417f08 : 5(36700160 size) total buffers - 5(36700160 size) used buffers - 1291/1296 (recycle/alloc) - 5/1324 (fetch/transfer)
07-25 12:15:00.152 10465 10465 I VRI[HomeFragmentHolderActivity]@ce54e4c: onDisplayChanged oldDisplayState=2 newDisplayState=2
07-25 12:15:00.822 10465 10713 D BufferPoolAccessor2.0: bufferpool2 0xb400006e08417f08 : 5(36700160 size) total buffers - 5(36700160 size) used buffers - 1451/1456 (recycle/alloc) - 5/1490 (fetch/transfer)
07-25 12:15:01.324 10465 10465 I VRI[HomeFragmentHolderActivity]@ce54e4c: onDisplayChanged oldDisplayState=2 newDisplayState=2
07-25 12:15:06.183 10465 10713 D BufferPoolAccessor2.0: bufferpool2 0xb400006e08417f08 : 5(36700160 size) total buffers - 5(36700160 size) used buffers - 1611/1616 (recycle/alloc) - 5/1654 (fetch/transfer)
07-25 12:15:10.366 10465 10465 I VRI[HomeFragmentHolderActivity]@ce54e4c: onDisplayChanged oldDisplayState=2 newDisplayState=2
07-25 12:15:11.621 10465 10713 D BufferPoolAccessor2.0: bufferpool2 0xb400006e08417f08 : 6(44040192 size) total buffers - 5(36700160 size) used buffers - 1774/1780 (recycle/alloc) - 6/1822 (fetch/transfer)
07-25 12:15:11.799 10465 10465 I VRI[HomeFragmentHolderActivity]@ce54e4c: onDisplayChanged oldDisplayState=2 newDisplayState=2
07-25 12:15:11.832 10465 10465 I VRI[HomeFragmentHolderActivity]@ce54e4c: onDisplayChanged oldDisplayState=2 newDisplayState=2
07-25 12:15:12.156 10465 10532 I newrelic: UI has become hidden (app backgrounded)
07-25 12:15:12.156 10465 10610 I ReactNativeJNI: Memory warning (pressure level: TRIM_MEMORY_UI_HIDDEN) received by JS VM, ignoring because it's non-severe
07-25 12:15:12.156 10465 10532 I newrelic: AndroidAgentImpl: application backgrounded
07-25 12:15:12.159 10465 10516 D HWUI    : CacheManager::trimMemory(20)
07-25 12:15:12.169 10465 11024 W libEGL  : Couldn't find an OpenGL ES implementation from 
07-25 12:15:12.199 10465 10584 I newrelic: Harvester: connected
07-25 12:15:12.199 10465 10584 I newrelic: Harvester: Sending [41] HTTP transactions.
07-25 12:15:12.199 10465 10584 I newrelic: Harvester: Sending [0] activity traces.
07-25 12:15:12.199 10465 10584 I newrelic: Harvester: Sending [33] session attributes.
07-25 12:15:12.199 10465 10584 I newrelic: Harvester: Sending [546] analytics events.
07-25 12:15:12.206 10465 11024 V XGL     : ----------------------------------------------------------------------
07-25 12:15:12.206 10465 11024 V XGL     : SUMD version compiled date     = 2025-03-11 10:23 - KST
07-25 12:15:12.206 10465 11024 V XGL     : SUMD version revision number   = e5014ade39
07-25 12:15:12.206 10465 11024 V XGL     : SUMD version info              = Driver version: 24.3.9, git hash: e5014ade39
07-25 12:15:12.206 10465 11024 V XGL     : ----------------------------------------------------------------------
07-25 12:15:12.206 10465 11024 V XGL     : Entering: Create
07-25 12:15:12.231 10465 11024 I XGL     : ShaderCache::PopulateIndexMap : 240/240 passed, result: 1
07-25 12:15:12.231 10465 11024 V XGL     : Exiting: Create
07-25 12:15:12.236 10465 11024 I vulkan  : CreateInfoWrapper::FilterExtension: already have 'VK_KHR_external_fence_fd'.
07-25 12:15:12.244 10465 11024 I ANGLE   : Version (24.1.265 git hash: 24f47ea4b93e), Renderer (ANGLE (Samsung Xclipse 940) on Vulkan 1.3.279)
07-25 12:15:12.249 10465 10708 D SurfaceUtils: connecting to surface 0xb400006ea84145a0, reason connectToSurface
07-25 12:15:12.249 10465 10708 I MediaCodec: [c2.exynos.h264.decoder] setting surface generation to 10716162
07-25 12:15:12.249 10465 10708 D SurfaceUtils: disconnecting from surface 0xb400006ea84145a0, reason connectToSurface(reconnect)
07-25 12:15:12.250 10465 10708 D SurfaceUtils: connecting to surface 0xb400006ea8414590, reason connectToSurface(reconnect-with-listener)
07-25 12:15:12.250 10465 10708 D Codec2-OutputBufferQueue: C2SurfaceSyncMemory created 20(20)
07-25 12:15:12.250 10465 10708 D Codec2-OutputBufferQueue: remote graphic buffer migration 13/13
07-25 12:15:12.250 10465 10708 D Codec2Client: setOutputSurface -- generation=10716162 consumer usage=0x900 sync
07-25 12:15:12.252 10465 10708 D Codec2Client: Surface configure completed
07-25 12:15:12.252 10465 10708 D SurfaceUtils: disconnecting from surface 0xb400006ea841eff0, reason disconnectFromSurface
07-25 12:15:12.254 10465 10465 I SurfaceView@d71a5c9: onWindowVisibilityChanged(8) false android.view.SurfaceView{d71a5c9 V.E...... ........ 0,0-990,330} of VRI[HomeFragmentHolderActivity]@ce54e4c
07-25 12:15:12.254 10465 10465 I SurfaceView: 225551817 Changes: creating=false format=false size=false visible=true alpha=false hint=false visible=true left=false top=false z=false attached=true lifecycleStrategy=false
07-25 12:15:12.254 10465 10465 I SurfaceView: 225551817 Cur surface: Surface(name=null mNativeObject=-5476376671613261920)/@0xc8a077
07-25 12:15:12.254 10465 10465 I SurfaceView@d71a5c9: updateSurface: mVisible = false mSurface.isValid() = true
07-25 12:15:12.254 10465 10465 I SurfaceView@d71a5c9: updateSurface: mSurfaceCreated = true surfaceChanged = false visibleChanged = true
07-25 12:15:12.254 10465 10465 V SurfaceView: Layout: x=45 y=1990 w=990 h=330, frame=Rect(0, 0 - 990, 330)
07-25 12:15:12.254 10465 10465 I SurfaceView: 225551817 Detaching SV
07-25 12:15:12.254 10465 10465 I SurfaceView: 225551817 Changes: creating=false format=false size=false visible=false alpha=false hint=false visible=false left=false top=false z=false attached=false lifecycleStrategy=false
07-25 12:15:12.254 10465 10465 I SurfaceView: 225551817 Cur surface: Surface(name=null mNativeObject=-5476376671613261920)/@0xc8a077
07-25 12:15:12.254 10465 10465 I SurfaceView: 225551817 surfaceDestroyed
07-25 12:15:12.254 10465 10465 I SurfaceView@d71a5c9: surfaceDestroyed callback.size 0 #4 android.view.SurfaceView{d71a5c9 V.E...... ........ 0,0-990,330}
07-25 12:15:12.254 10465 10465 I SurfaceView@d71a5c9: updateSurface: mVisible = false mSurface.isValid() = true
07-25 12:15:12.254 10465 10465 I SurfaceView@d71a5c9: releaseSurfaces: viewRoot = VRI[HomeFragmentHolderActivity]@ce54e4c
07-25 12:15:12.255 10465 10465 V SurfaceView: Layout: x=45 y=1990 w=990 h=330, frame=Rect(0, 0 - 990, 330)
07-25 12:15:12.255 10465 10465 I SurfaceView@d71a5c9: onDetachedFromWindow: tryReleaseSurfaces()
07-25 12:15:12.255 10465 10465 I SurfaceView@d71a5c9: releaseSurfaces: viewRoot = VRI[HomeFragmentHolderActivity]@ce54e4c
07-25 12:15:12.263 10465 10465 I VRI[HomeFragmentHolderActivity]@ce54e4c: registerCallbackForPendingTransactions
07-25 12:15:12.266 10465 10516 D SurfaceView: 207242618 windowPositionLost, frameNr = 1939
07-25 12:15:12.267 10465 10534 I VRI[HomeFragmentHolderActivity]@ce54e4c: mWNT: t=0xb400006d385f9a90 mBlastBufferQueue=0xb400006e7836fdb0 fn= 1939 HdrRenderState mRenderHdrSdrRatio=1.0 caller= android.view.ViewRootImpl$9.onFrameDraw:6276 android.view.ViewRootImpl$3.onFrameDraw:2440 android.view.ThreadedRenderer$1.onFrameDraw:761 
07-25 12:15:12.267 10465 10465 I VRI[HomeFragmentHolderActivity]@ce54e4c: handleAppVisibility mAppVisible = true visible = false
07-25 12:15:12.267 10465 10465 D VRI[HomeFragmentHolderActivity]@ce54e4c: visibilityChanged oldVisibility=true newVisibility=false
07-25 12:15:12.268 10465 10465 I VRI[HomeFragmentHolderActivity]@ce54e4c: onDisplayChanged oldDisplayState=2 newDisplayState=1
07-25 12:15:12.270 10465 10465 I VRI[HomeFragmentHolderActivity]@ce54e4c: stopped(true) old = false
07-25 12:15:12.270 10465 10465 D VRI[HomeFragmentHolderActivity]@ce54e4c: WindowStopped on com.flipkart.android/com.flipkart.android.activity.HomeFragmentHolderActivity set to true
07-25 12:15:12.272 10465 10516 D HWUI    : CacheManager::trimMemory(20)
07-25 12:15:12.301 10465 10516 D HWUI    : CacheManager::trimMemory(20)
07-25 12:15:12.307 10465 10465 I VRI[HomeFragmentHolderActivity]@ce54e4c: Relayout returned: old=(0,0,1080,2340) new=(0,0,1080,2340) relayoutAsync=false req=(1080,2340)8 dur=4 res=0x2 s={false 0x0} ch=false seqId=0
07-25 12:15:12.307 10465 10465 D VRI[HomeFragmentHolderActivity]@ce54e4c: Not drawing due to not visible. Reason=!mAppVisible && !mForceDecorViewVisibility
07-25 12:15:12.339 10465 10465 I ImeFocusController: onPreWindowFocus: skipped hasWindowFocus=false mHasImeFocus=true
07-25 12:15:12.343 10465 10465 I ImeFocusController: onPostWindowFocus: skipped hasWindowFocus=false mHasImeFocus=true
07-25 12:15:12.345 10465 10465 I VRI[HomeFragmentHolderActivity]@ce54e4c: onDisplayChanged oldDisplayState=1 newDisplayState=1
07-25 12:15:12.589 10465 10532 W newrelic: Agent stopped with 1 events left in event pool.
07-25 12:15:12.589 10465 10532 W newrelic: Event manager is shutting down with [1] events remaining in the queue
07-25 12:15:12.589 10465 10532 I newrelic: Analytics Controller shutdown
07-25 12:15:12.590 10465 10532 I newrelic: Measurement Engine shutting down.
07-25 12:15:12.876 10465 10465 I VRI[HomeFragmentHolderActivity]@ce54e4c: onDisplayChanged oldDisplayState=1 newDisplayState=3
07-25 12:15:13.122 10465 10465 I VRI[HomeFragmentHolderActivity]@ce54e4c: onDisplayChanged oldDisplayState=3 newDisplayState=3
07-25 12:15:13.896 10465 10708 I MediaCodec: setCodecState state(0), called in 6, domain 1, 1
07-25 12:15:14.180 10465 11023 I FA      : Application backgrounded at: timestamp_millis: 1753425912177
07-25 12:15:15.135 10465 10473 I lipkart.android: Background concurrent mark compact GC freed 46MB AllocSpace bytes, 50(2640KB) LOS objects, 59% free, 32MB/80MB, paused 3.065ms,7.983ms total 347.925ms
07-25 12:15:16.666 10465 11094 W newrelic: Analytics controller is not initialized!
07-25 12:15:16.667 10465 11023 E FA      : Name must consist of letters, digits or _ (underscores). Type, name: event, Push Notification
07-25 12:15:16.667 10465 11023 E FA      : Invalid public event name. Event will not be logged (FE): Push Notification
07-25 12:15:16.682 10465 11094 W newrelic: Analytics controller is not initialized!
07-25 12:15:16.684 10465 11023 E FA      : Name must consist of letters, digits or _ (underscores). Type, name: event, Push Notification
07-25 12:15:16.684 10465 11023 E FA      : Invalid public event name. Event will not be logged (FE): Push Notification
07-25 12:15:17.089 10465 11095 D nativeloader: Load /data/app/~~delSMetEMhs5CbG55ag8ZQ==/com.flipkart.android-cwMGpr6vBiw-DlwdrbfdRg==/lib/arm64/libnative-imagetranscoder.so using ns clns-7 from class loader (caller=/data/app/~~delSMetEMhs5CbG55ag8ZQ==/com.flipkart.android-cwMGpr6vBiw-DlwdrbfdRg==/base.apk): ok
07-25 12:15:17.109 10465 10667 W newrelic: Analytics controller is not initialized!
07-25 12:15:17.109 10465 11023 E FA      : Name must consist of letters, digits or _ (underscores). Type, name: event, Push Notification
07-25 12:15:17.109 10465 11023 E FA      : Invalid public event name. Event will not be logged (FE): Push Notification
07-25 12:15:17.114 10465 10465 I NotificationManager: com.flipkart.android: notify(-249482519, RlPfWV0O8H4sYcW9, Notification(channel=prodfeedback shortcut=null contentView=null vibrate=null sound=null defaults=0 flags=0 color=0xff4f8df3 vis=PRIVATE semFlags=0x0 semPriority=0 semMissedCount=0)) as user
07-25 12:15:17.115 10465 10465 D NotificationManager: BOOTING pkg =com.flipkart.android mBlockedChannelsForOverflowNoti=[]
07-25 12:15:17.878 10465 10712 D BufferPoolAccessor2.0: bufferpool2 0xb400006e08417f08 : 6(44040192 size) total buffers - 4(29360128 size) used buffers - 1796/1802 (recycle/alloc) - 7/1847 (fetch/transfer)
07-25 12:15:17.879 10465 10712 D BufferPoolAccessor2.0: evictor expired: 1, evicted: 1
07-25 12:15:18.459 10465 10465 I VRI[HomeFragmentHolderActivity]@ce54e4c: onDisplayChanged oldDisplayState=3 newDisplayState=4
07-25 12:15:18.461 10465 10465 I VRI[HomeFragmentHolderActivity]@ce54e4c: onDisplayChanged oldDisplayState=4 newDisplayState=4
07-25 12:15:27.079 10465 10473 I lipkart.android: Background concurrent mark compact GC freed 48MB AllocSpace bytes, 11(348KB) LOS objects, 59% free, 33MB/81MB, paused 3.024ms,8.728ms total 341.936ms
07-25 12:15:33.104 10465 10465 I VRI[HomeFragmentHolderActivity]@ce54e4c: onDisplayChanged oldDisplayState=4 newDisplayState=3
07-25 12:15:33.128 10465 10465 I VRI[HomeFragmentHolderActivity]@ce54e4c: onDisplayChanged oldDisplayState=3 newDisplayState=3
07-25 12:15:38.619 10465 10465 I VRI[HomeFragmentHolderActivity]@ce54e4c: onDisplayChanged oldDisplayState=3 newDisplayState=4
07-25 12:15:38.630 10465 10465 I VRI[HomeFragmentHolderActivity]@ce54e4c: onDisplayChanged oldDisplayState=4 newDisplayState=4
