07-25 12:14:11.922 10465 10465 W System.err: 	at com.android.internal.os.RuntimeInit$MethodAndArgsCaller.run(RuntimeInit.java:619)
07-25 12:14:11.922 10465 10465 W System.err: 	at com.android.internal.os.ZygoteInit.main(ZygoteInit.java:929)
07-25 12:14:11.922 10465 10465 W System.err: java.net.MalformedURLException: no protocol: homepage
07-25 12:14:11.922 10465 10465 W System.err: 	at java.net.URL.<init>(URL.java:601)
07-25 12:14:11.922 10465 10465 W System.err: 	at java.net.URL.<init>(URL.java:498)
07-25 12:14:11.922 10465 10465 W System.err: 	at java.net.URL.<init>(URL.java:447)
07-25 12:14:11.922 10465 10465 W System.err: 	at com.flipkart.android.utils.j1.getUrlPath(UrlUtils.java:3)
07-25 12:14:11.922 10465 10465 W System.err: 	at W3.d.a(BottomBarVisibilityControllerImpl.kt:318)
07-25 12:14:11.922 10465 10465 W System.err: 	at androidx.media3.ui.D.run(R8$$SyntheticClass:14)
07-25 12:14:11.922 10465 10465 W System.err: 	at android.os.Handler.handleCallback(Handler.java:959)
07-25 12:14:11.922 10465 10465 W System.err: 	at android.os.Handler.dispatchMessage(Handler.java:100)
07-25 12:14:11.922 10465 10465 W System.err: 	at android.os.Looper.loopOnce(Looper.java:257)
07-25 12:14:11.922 10465 10465 W System.err: 	at android.os.Looper.loop(Looper.java:342)
07-25 12:14:11.922 10465 10465 W System.err: 	at android.app.ActivityThread.main(ActivityThread.java:9634)
07-25 12:14:11.922 10465 10465 W System.err: 	at java.lang.reflect.Method.invoke(Native Method)
07-25 12:14:11.922 10465 10465 W System.err: 	at com.android.internal.os.RuntimeInit$MethodAndArgsCaller.run(RuntimeInit.java:619)
07-25 12:14:11.922 10465 10465 W System.err: 	at com.android.internal.os.ZygoteInit.main(ZygoteInit.java:929)
07-25 12:14:11.926 10465 10518 I PlayCore: UID: [10347]  PID: [10465] OnRequestInstallCallback : onRequestInfo
07-25 12:14:11.926 10465 10526 I PlayCore: UID: [10347]  PID: [10465] AppUpdateService : Unbind from service.
07-25 12:14:11.926 10465 10518 I newrelic: newrelic: {level=INFO,tag=PlayCore,message=UID: [10347]  PID: [10465] OnRequestInstallCallback : onRequestInfo}
07-25 12:14:11.926 10465 10526 I newrelic: newrelic: {level=INFO,tag=PlayCore,message=UID: [10347]  PID: [10465] AppUpdateService : Unbind from service.}
07-25 12:14:11.946 10465 10520 D ConnectivityManager: StackLog: [android.net.ConnectivityManager.sendRequestForNetwork(ConnectivityManager.java:4709)] [android.net.ConnectivityManager.registerDefaultNetworkCallbackForUid(ConnectivityManager.java:5433)] [android.net.ConnectivityManager.registerDefaultNetworkCallback(ConnectivityManager.java:5400)] [android.net.ConnectivityManager.registerDefaultNetworkCallback(ConnectivityManager.java:5374)] [b3.Q.e(R8$$SyntheticClass:1)] [r1.e.e(NetworkStateTracker.java:31)] [r1.d.a(ConstraintTracker.java:62)] [q1.c.e(ConstraintController.java:46)] [p1.d.d(WorkConstraintsTracker.java:33)] [n1.b.schedule(GreedyScheduler.java:296)] [androidx.work.impl.a.b(Schedulers.java:156)] [u1.e.run(EnqueueRunnable.java:66)] [u1.o$a.run(SerialExecutor.java:5)] [java.util.concurrent.ThreadPoolExecutor.runWorker(ThreadPoolExecutor.java:1145)] [java.util.concurrent.ThreadPoolExecutor$Worker.run(ThreadPoolExecutor.java:644)] [java.lang.Thread.run(Thread.java:1012)]
07-25 12:14:11.948 10465 10520 D CompatChangeReporter: Compat change id reported: 263076149; UID 10347; state: ENABLED
07-25 12:14:11.949 10465 10566 D BinaryFileManager: Returning bundle: /data/user/0/com.flipkart.android/files/binaryfilemanager/multiWidget/538884bb078e7ed868a70c60de6109d1-150.ota version: 150
07-25 12:14:11.950 10465 10566 E newrelic: Attribute value for name [message] is null, empty, or exceeds the maximum length of 4096 bytes.
07-25 12:14:11.950 10465 10566 W newrelic: Attribute [message] ignored: value is null, empty or exceeds the maximum name length
07-25 12:14:11.952 10465 10465 W System.err: java.net.MalformedURLException: no protocol: homepage
07-25 12:14:11.952 10465 10465 W System.err: 	at java.net.URL.<init>(URL.java:601)
07-25 12:14:11.952 10465 10465 W System.err: 	at java.net.URL.<init>(URL.java:498)
07-25 12:14:11.952 10465 10465 W System.err: 	at java.net.URL.<init>(URL.java:447)
07-25 12:14:11.952 10465 10465 W System.err: 	at com.flipkart.android.utils.j1.getUrlPath(UrlUtils.java:3)
07-25 12:14:11.952 10465 10465 W System.err: 	at W3.d.a(BottomBarVisibilityControllerImpl.kt:318)
07-25 12:14:11.952 10465 10465 W System.err: 	at androidx.media3.ui.D.run(R8$$SyntheticClass:14)
07-25 12:14:11.952 10465 10465 W System.err: 	at android.os.Handler.handleCallback(Handler.java:959)
07-25 12:14:11.952 10465 10465 W System.err: 	at android.os.Handler.dispatchMessage(Handler.java:100)
07-25 12:14:11.952 10465 10465 W System.err: 	at android.os.Looper.loopOnce(Looper.java:257)
07-25 12:14:11.952 10465 10465 W System.err: 	at android.os.Looper.loop(Looper.java:342)
07-25 12:14:11.952 10465 10465 W System.err: 	at android.app.ActivityThread.main(ActivityThread.java:9634)
07-25 12:14:11.952 10465 10465 W System.err: 	at java.lang.reflect.Method.invoke(Native Method)
07-25 12:14:11.952 10465 10465 W System.err: 	at com.android.internal.os.RuntimeInit$MethodAndArgsCaller.run(RuntimeInit.java:619)
07-25 12:14:11.952 10465 10465 W System.err: 	at com.android.internal.os.ZygoteInit.main(ZygoteInit.java:929)
07-25 12:14:11.952 10465 10465 D VRI[HomeFragmentHolderActivity]@ce54e4c: mThreadedRenderer.initializeIfNeeded()#2 mSurface={isValid=true 0xb400006ea8376cf0}
07-25 12:14:11.952 10465 10465 D InputMethodManagerUtils: startInputInner - Id : 0
07-25 12:14:11.953 10465 10465 I InputMethodManager: startInputInner - IInputMethodManagerGlobalInvoker.startInputOrWindowGainedFocus
07-25 12:14:11.955 10465 10465 D nativeloader: Load /data/app/~~delSMetEMhs5CbG55ag8ZQ==/com.flipkart.android-cwMGpr6vBiw-DlwdrbfdRg==/lib/arm64/libhermes.so using ns clns-7 from class loader (caller=/data/app/~~delSMetEMhs5CbG55ag8ZQ==/com.flipkart.android-cwMGpr6vBiw-DlwdrbfdRg==/base.apk): ok
07-25 12:14:11.955 10465 10479 D InputTransport: Input channel constructed: 'ClientS', fd=224
07-25 12:14:11.956 10465 10465 D nativeloader: Load /data/app/~~delSMetEMhs5CbG55ag8ZQ==/com.flipkart.android-cwMGpr6vBiw-DlwdrbfdRg==/lib/arm64/libhermes_executor.so using ns clns-7 from class loader (caller=/data/app/~~delSMetEMhs5CbG55ag8ZQ==/com.flipkart.android-cwMGpr6vBiw-DlwdrbfdRg==/base.apk): ok
07-25 12:14:11.959 10465 10609 D nativeloader: Load /data/app/~~delSMetEMhs5CbG55ag8ZQ==/com.flipkart.android-cwMGpr6vBiw-DlwdrbfdRg==/lib/arm64/libebooksjni.so using ns clns-7 from class loader (caller=/data/app/~~delSMetEMhs5CbG55ag8ZQ==/com.flipkart.android-cwMGpr6vBiw-DlwdrbfdRg==/base.apk): ok
07-25 12:14:11.960 10465 10609 V AsyncStorageExpoMigration: No scoped database found
07-25 12:14:11.963 10465 10609 W unknown:ReactContext: initializeMessageQueueThreads() is called.
07-25 12:14:11.964 10465 10611 D ConnectivityManager: StackLog: [android.net.ConnectivityManager.sendRequestForNetwork(ConnectivityManager.java:4709)] [android.net.ConnectivityManager.registerDefaultNetworkCallbackForUid(ConnectivityManager.java:5433)] [android.net.ConnectivityManager.registerDefaultNetworkCallback(ConnectivityManager.java:5400)] [android.net.ConnectivityManager.registerDefaultNetworkCallback(ConnectivityManager.java:5374)] [b3.Q.e(R8$$SyntheticClass:1)] [com.reactnativecommunity.netinfo.c.e(NetworkCallbackConnectivityReceiver.java:7)] [com.reactnativecommunity.netinfo.NetInfoModule.initialize(NetInfoModule.java:3)] [com.facebook.react.bridge.ModuleHolder.doInitialize(ModuleHolder.java:46)] [com.facebook.react.bridge.ModuleHolder.markInitializable(ModuleHolder.java:26)] [com.facebook.react.bridge.NativeModuleRegistry.notifyJSInstanceInitialized(NativeModuleRegistry.java:40)] [com.facebook.react.bridge.CatalystInstanceImpl$2.run(CatalystInstanceImpl.java:7)]
07-25 12:14:11.975 10465 10520 I WM-WorkerWrapper: Worker result SUCCESS for Work [ id=d0eb5a8e-0dd0-419f-866d-2e3fda62e5a4, tags={ com.flipkart.android.notification.FkPNTaskWorker } ]
07-25 12:14:11.987 10465 10465 D <AudioPlayerModule>: Host Resume
07-25 12:14:11.987 10465 10610 W unknown:ViewManagerPropertyUpdater: Could not find generated setter for class com.facebook.react.views.drawer.ReactDrawerLayoutManager
07-25 12:14:11.989 10465 10610 W unknown:ViewManagerPropertyUpdater: Could not find generated setter for class com.facebook.react.uimanager.LayoutShadowNode
07-25 12:14:11.989 10465 10610 W unknown:ViewManagerPropertyUpdater: Could not find generated setter for class com.facebook.react.views.scroll.ReactHorizontalScrollViewManager
07-25 12:14:11.989 10465 10465 D <AudioPlayerModule>: Host Pause
07-25 12:14:11.989 10465 10465 D <AudioPlayerModule>: Host Resume
07-25 12:14:11.989 10465 10610 W unknown:ViewManagerPropertyUpdater: Could not find generated setter for class com.facebook.react.views.scroll.ReactHorizontalScrollContainerViewManager
07-25 12:14:11.990 10465 10610 W unknown:ViewManagerPropertyUpdater: Could not find generated setter for class com.facebook.react.views.progressbar.ReactProgressBarViewManager
07-25 12:14:11.990 10465 10610 W unknown:ViewManagerPropertyUpdater: Could not find generated setter for class com.facebook.react.views.progressbar.ProgressBarShadowNode
07-25 12:14:11.990 10465 10610 W unknown:ViewManagerPropertyUpdater: Could not find generated setter for class com.facebook.react.views.scroll.ReactScrollViewManager
07-25 12:14:11.990 10465 10610 W unknown:ViewManagerPropertyUpdater: Could not find generated setter for class com.facebook.react.views.switchview.ReactSwitchManager
07-25 12:14:11.990 10465 10610 W unknown:ViewManagerPropertyUpdater: Could not find generated setter for class com.facebook.react.views.switchview.ReactSwitchManager$ReactSwitchShadowNode
07-25 12:14:11.990 10465 10465 I InsetsSourceConsumer: applyRequestedVisibilityToControl: visible=false, type=ime, host=com.flipkart.android/com.flipkart.android.activity.HomeFragmentHolderActivity
07-25 12:14:11.990 10465 10610 W unknown:ViewManagerPropertyUpdater: Could not find generated setter for class com.facebook.react.views.swiperefresh.SwipeRefreshLayoutManager
07-25 12:14:11.990 10465 10610 W unknown:ViewManagerPropertyUpdater: Could not find generated setter for class com.facebook.react.views.text.frescosupport.FrescoBasedReactTextInlineImageViewManager
07-25 12:14:11.990 10465 10610 W unknown:ViewManagerPropertyUpdater: Could not find generated setter for class com.facebook.react.views.text.frescosupport.FrescoBasedReactTextInlineImageShadowNode
07-25 12:14:11.990 10465 10610 W unknown:ViewManagerPropertyUpdater: Could not find generated setter for class com.facebook.react.views.image.ReactImageManager
07-25 12:14:11.990 10465 10610 W unknown:ViewManagerPropertyUpdater: Could not find generated setter for class com.facebook.react.views.modal.ReactModalHostManager
07-25 12:14:11.990 10465 10610 W unknown:ViewManagerPropertyUpdater: Could not find generated setter for class com.facebook.react.views.modal.ModalHostShadowNode
07-25 12:14:11.990 10465 10610 W unknown:ViewManagerPropertyUpdater: Could not find generated setter for class com.facebook.react.views.text.ReactRawTextManager
07-25 12:14:11.990 10465 10610 W unknown:ViewManagerPropertyUpdater: Could not find generated setter for class com.facebook.react.views.text.ReactRawTextShadowNode
07-25 12:14:11.990 10465 10610 W unknown:ViewManagerPropertyUpdater: Could not find generated setter for class com.facebook.react.views.textinput.ReactTextInputManager
07-25 12:14:11.991 10465 10610 W unknown:ViewManagerPropertyUpdater: Could not find generated setter for class com.facebook.react.views.textinput.ReactTextInputShadowNode
07-25 12:14:11.991 10465 10610 W unknown:ViewManagerPropertyUpdater: Could not find generated setter for class com.facebook.react.views.text.ReactTextViewManager
07-25 12:14:11.991 10465 10610 W unknown:ViewManagerPropertyUpdater: Could not find generated setter for class com.facebook.react.views.text.ReactTextShadowNode
07-25 12:14:11.991 10465 10610 W unknown:ViewManagerPropertyUpdater: Could not find generated setter for class com.facebook.react.views.view.ReactViewManager
07-25 12:14:11.991 10465 10610 W unknown:ViewManagerPropertyUpdater: Could not find generated setter for class com.facebook.react.views.text.ReactVirtualTextViewManager
07-25 12:14:11.991 10465 10610 W unknown:ViewManagerPropertyUpdater: Could not find generated setter for class com.facebook.react.views.text.ReactVirtualTextShadowNode
07-25 12:14:11.991 10465 10610 W unknown:ViewManagerPropertyUpdater: Could not find generated setter for class com.facebook.react.views.unimplementedview.ReactUnimplementedViewManager
07-25 12:14:11.991 10465 10610 W unknown:ViewManagerPropertyUpdater: Could not find generated setter for class com.flipkart.reactuimodules.reusableviews.lineargradient.LinearGradientManager
07-25 12:14:11.991 10465 10610 W unknown:ViewManagerPropertyUpdater: Could not find generated setter for class com.flipkart.reacthelpersdk.modules.nestedscrollview.ReactNestedScrollViewManager
07-25 12:14:11.991 10465 10610 W unknown:ViewManagerPropertyUpdater: Could not find generated setter for class com.flipkart.reacthelpersdk.modules.nestedscrollview.ReactHorizontalNestedScrollViewManager
07-25 12:14:11.991 10465 10610 W unknown:ViewManagerPropertyUpdater: Could not find generated setter for class com.flipkart.reactuimodules.reusableviews.absolutelayoutcontainer.AbsoluteLayoutContainerManager
07-25 12:14:11.991 10465 10610 W unknown:ViewManagerPropertyUpdater: Could not find generated setter for class com.flipkart.android.reactnative.nativeuimodules.AdContainer
07-25 12:14:11.991 10465 10610 W unknown:ViewManagerPropertyUpdater: Could not find generated setter for class com.flipkart.android.reactnative.nativeuimodules.image.SatyabhamaReactImageManager
07-25 12:14:11.992 10465 10610 W unknown:ViewManagerPropertyUpdater: Could not find generated setter for class com.flipkart.android.reactnative.nativeuimodules.youtube.ReactYouTubeManager
07-25 12:14:11.992 10465 10610 W unknown:ViewManagerPropertyUpdater: Could not find generated setter for class com.flipkart.android.reactnative.nativeuimodules.WishlistAnimation
07-25 12:14:11.992 10465 10610 W unknown:ViewManagerPropertyUpdater: Could not find generated setter for class com.flipkart.android.reactnative.nativeuimodules.viewability.TrackerViewManager
07-25 12:14:11.992 10465 10610 W unknown:ViewManagerPropertyUpdater: Could not find generated setter for class com.flipkart.android.reactnative.nativeuimodules.recyclerview.ReactNestedScrollViewabilityViewManager
07-25 12:14:11.992 10465 10610 W unknown:ViewManagerPropertyUpdater: Could not find generated setter for class com.flipkart.android.reactnative.nativeuimodules.viewability.PlaceholderViewManager
07-25 12:14:11.992 10465 10610 W unknown:ViewManagerPropertyUpdater: Could not find generated setter for class com.flipkart.android.reactnative.nativeuimodules.material.AppBarLayoutManager
07-25 12:14:11.992 10465 10610 W unknown:ViewManagerPropertyUpdater: Could not find generated setter for class com.flipkart.android.reactnative.nativeuimodules.material.CoordinatorLayoutManager
07-25 12:14:11.992 10465 10610 W unknown:ViewManagerPropertyUpdater: Could not find generated setter for class com.flipkart.android.reactnative.nativeuimodules.material.BottomViewManager
07-25 12:14:11.992 10465 10610 W unknown:ViewManagerPropertyUpdater: Could not find generated setter for class com.flipkart.android.reactnative.nativeuimodules.material.toolbar.ToolbarManager
07-25 12:14:11.992 10465 10610 W unknown:ViewManagerPropertyUpdater: Could not find generated setter for class com.oblador.shimmer.RNShimmerManager
07-25 12:14:11.992 10465 10610 W unknown:ViewManagerPropertyUpdater: Could not find generated setter for class com.flipkart.android.reactnative.nativeuimodules.image.Fk360ImageViewManager
07-25 12:14:11.992 10465 10610 W unknown:ViewManagerPropertyUpdater: Could not find generated setter for class com.flipkart.android.reactnative.nativeuimodules.ExtendedReactViewManager
07-25 12:14:11.992 10465 10610 W unknown:ViewManagerPropertyUpdater: Could not find generated setter for class com.flipkart.android.reactnative.nativeuimodules.viewability.MultiConditionTrackerViewManager
07-25 12:14:11.992 10465 10610 W unknown:ViewManagerPropertyUpdater: Could not find generated setter for class com.flipkart.android.reactnative.nativeuimodules.tryonlooks.TryOnLipstickFaceView
07-25 12:14:11.992 10465 10610 W unknown:ViewManagerPropertyUpdater: Could not find generated setter for class com.flipkart.android.reactnative.nativeuimodules.ViewWrapperManager
07-25 12:14:11.992 10465 10610 W unknown:ViewManagerPropertyUpdater: Could not find generated setter for class com.flipkart.android.reactnative.nativeuimodules.voice.VoiceInputBarViewManager
07-25 12:14:11.992 10465 10610 W unknown:ViewManagerPropertyUpdater: Could not find generated setter for class com.flipkart.android.reactnative.nativeuimodules.camera.CameraViewManager
07-25 12:14:11.993 10465 10610 W unknown:ViewManagerPropertyUpdater: Could not find generated setter for class com.flipkart.android.reactnative.nativeuimodules.voice.MicViewManager
07-25 12:14:11.993 10465 10610 W unknown:ViewManagerPropertyUpdater: Could not find generated setter for class com.flipkart.android.reactnative.nativeuimodules.virtualtryon.VirtualTryOnViewManager
07-25 12:14:11.993 10465 10610 W unknown:ViewManagerPropertyUpdater: Could not find generated setter for class com.airbnb.android.react.lottie.LottieAnimationViewManager
07-25 12:14:11.993 10465 10610 W unknown:ViewManagerPropertyUpdater: Could not find generated setter for class com.flipkart.android.reactnative.nativeuimodules.perfmetrics.PerfMetricsViewManager
07-25 12:14:11.993 10465 10610 W unknown:ViewManagerPropertyUpdater: Could not find generated setter for class com.flipkart.android.reactnative.nativeuimodules.snapview.SnapViewManager
07-25 12:14:11.993 10465 10610 W unknown:ViewManagerPropertyUpdater: Could not find generated setter for class com.flipkart.android.reactnative.nativeuimodules.watchtryon.WatchTryOnManager
07-25 12:14:11.993 10465 10610 W unknown:ViewManagerPropertyUpdater: Could not find generated setter for class com.flipkart.android.reactnative.nativeuimodules.camera.SimpleCameraViewManager
07-25 12:14:11.993 10465 10610 W unknown:ViewManagerPropertyUpdater: Could not find generated setter for class com.flipkart.android.reactnative.nativeuimodules.voice.RecognitionViewManager
07-25 12:14:11.993 10465 10610 W unknown:ViewManagerPropertyUpdater: Could not find generated setter for class com.flipkart.android.reactnative.nativeuimodules.scratchimageview.FkScratchImageViewManager
07-25 12:14:11.993 10465 10610 W unknown:ViewManagerPropertyUpdater: Could not find generated setter for class com.flipkart.android.reactnative.nativeuimodules.arsceneview.viewmanagers.ARFragmentViewManager
07-25 12:14:11.993 10465 10610 W unknown:ViewManagerPropertyUpdater: Could not find generated setter for class com.flipkart.android.reactnative.nativeuimodules.arsceneview.viewmanagers.SceneFragmentViewManager
07-25 12:14:11.993 10465 10610 W unknown:ViewManagerPropertyUpdater: Could not find generated setter for class com.flipkart.android.reactnative.nativeuimodules.videotrimmer.VideoTrimmerViewManager
07-25 12:14:11.993 10465 10610 W unknown:ViewManagerPropertyUpdater: Could not find generated setter for class com.flipkart.android.reactnative.nativeuimodules.fkarview.viewmanager.FkArViewManager
07-25 12:14:11.994 10465 10610 W unknown:ViewManagerPropertyUpdater: Could not find generated setter for class com.flipkart.android.reactnative.nativeuimodules.fkarview.viewmanager.Fk3dViewManager
07-25 12:14:11.994 10465 10610 W unknown:ViewManagerPropertyUpdater: Could not find generated setter for class com.flipkart.android.reactnative.nativeuimodules.camerax.CameraXViewManager
07-25 12:14:11.994 10465 10610 W unknown:ViewManagerPropertyUpdater: Could not find generated setter for class com.flipkart.android.reactnative.nativeuimodules.qrcodescanner.FkCameraWithQRScannerViewManager
07-25 12:14:11.994 10465 10610 W unknown:ViewManagerPropertyUpdater: Could not find generated setter for class com.flipkart.android.reactnative.nativeuimodules.videosv2.viewmanagers.FkVideoViewManager
07-25 12:14:11.994 10465 10610 W unknown:ViewManagerPropertyUpdater: Could not find generated setter for class com.flipkart.android.reactnative.nativeuimodules.videosv2.viewmanagers.FkGifViewManager
07-25 12:14:11.994 10465 10610 W unknown:ViewManagerPropertyUpdater: Could not find generated setter for class com.flipkart.android.reactnative.nativeuimodules.videosv2.viewmanagers.FkLiveVideoViewManager
07-25 12:14:11.994 10465 10610 W unknown:ViewManagerPropertyUpdater: Could not find generated setter for class com.reactnativecommunity.webview.RNCWebViewManager
07-25 12:14:11.994 10465 10610 W unknown:ViewManagerPropertyUpdater: Could not find generated setter for class com.reactnativepagerview.PagerViewViewManager
07-25 12:14:11.994 10465 10610 W unknown:ViewManagerPropertyUpdater: Could not find generated setter for class com.horcrux.svg.RenderableViewManager$GroupViewManager
07-25 12:14:11.994 10465 10610 W unknown:ViewManagerPropertyUpdater: Could not find generated setter for class com.horcrux.svg.RenderableViewManager$d
07-25 12:14:11.994 10465 10610 W unknown:ViewManagerPropertyUpdater: Could not find generated setter for class com.horcrux.svg.RenderableViewManager$PathViewManager
07-25 12:14:11.994 10465 10610 W unknown:ViewManagerPropertyUpdater: Could not find generated setter for class com.horcrux.svg.RenderableViewManager$CircleViewManager
07-25 12:14:11.995 10465 10610 W unknown:ViewManagerPropertyUpdater: Could not find generated setter for class com.horcrux.svg.RenderableViewManager$EllipseViewManager
07-25 12:14:11.995 10465 10610 W unknown:ViewManagerPropertyUpdater: Could not find generated setter for class com.horcrux.svg.RenderableViewManager$LineViewManager
07-25 12:14:11.995 10465 10610 W unknown:ViewManagerPropertyUpdater: Could not find generated setter for class com.horcrux.svg.RenderableViewManager$RectViewManager
07-25 12:14:11.995 10465 10610 W unknown:ViewManagerPropertyUpdater: Could not find generated setter for class com.horcrux.svg.RenderableViewManager$TextViewManager
07-25 12:14:11.995 10465 10610 W unknown:ViewManagerPropertyUpdater: Could not find generated setter for class com.horcrux.svg.RenderableViewManager$TSpanViewManager
07-25 12:14:11.995 10465 10610 W unknown:ViewManagerPropertyUpdater: Could not find generated setter for class com.horcrux.svg.RenderableViewManager$TextPathViewManager
07-25 12:14:11.995 10465 10610 W unknown:ViewManagerPropertyUpdater: Could not find generated setter for class com.horcrux.svg.RenderableViewManager$ImageViewManager
07-25 12:14:11.995 10465 10610 W unknown:ViewManagerPropertyUpdater: Could not find generated setter for class com.horcrux.svg.RenderableViewManager$ClipPathViewManager
07-25 12:14:11.995 10465 10610 W unknown:ViewManagerPropertyUpdater: Could not find generated setter for class com.horcrux.svg.RenderableViewManager$DefsViewManager
07-25 12:14:11.995 10465 10610 W unknown:ViewManagerPropertyUpdater: Could not find generated setter for class com.horcrux.svg.RenderableViewManager$UseViewManager
07-25 12:14:11.995 10465 10610 W unknown:ViewManagerPropertyUpdater: Could not find generated setter for class com.horcrux.svg.RenderableViewManager$SymbolManager
07-25 12:14:11.995 10465 10610 W unknown:ViewManagerPropertyUpdater: Could not find generated setter for class com.horcrux.svg.RenderableViewManager$LinearGradientManager
07-25 12:14:11.995 10465 10610 W unknown:ViewManagerPropertyUpdater: Could not find generated setter for class com.horcrux.svg.RenderableViewManager$RadialGradientManager
07-25 12:14:11.995 10465 10610 W unknown:ViewManagerPropertyUpdater: Could not find generated setter for class com.horcrux.svg.RenderableViewManager$PatternManager
07-25 12:14:11.995 10465 10610 W unknown:ViewManagerPropertyUpdater: Could not find generated setter for class com.horcrux.svg.RenderableViewManager$MaskManager
07-25 12:14:11.995 10465 10610 W unknown:ViewManagerPropertyUpdater: Could not find generated setter for class com.horcrux.svg.RenderableViewManager$ForeignObjectManager
07-25 12:14:11.995 10465 10610 W unknown:ViewManagerPropertyUpdater: Could not find generated setter for class com.horcrux.svg.RenderableViewManager$MarkerManager
07-25 12:14:11.995 10465 10610 W unknown:ViewManagerPropertyUpdater: Could not find generated setter for class com.horcrux.svg.SvgViewManager
07-25 12:14:11.995 10465 10610 W unknown:ViewManagerPropertyUpdater: Could not find generated setter for class com.reactnativecommunity.art.ARTGroupViewManager
07-25 12:14:11.995 10465 10610 W unknown:ViewManagerPropertyUpdater: Could not find generated setter for class com.reactnativecommunity.art.a
07-25 12:14:11.995 10465 10610 W unknown:ViewManagerPropertyUpdater: Could not find generated setter for class com.reactnativecommunity.art.ARTShapeViewManager
07-25 12:14:11.995 10465 10610 W unknown:ViewManagerPropertyUpdater: Could not find generated setter for class com.reactnativecommunity.art.c
07-25 12:14:11.996 10465 10610 W unknown:ViewManagerPropertyUpdater: Could not find generated setter for class com.reactnativecommunity.art.ARTTextViewManager
07-25 12:14:11.996 10465 10610 W unknown:ViewManagerPropertyUpdater: Could not find generated setter for class com.reactnativecommunity.art.e
07-25 12:14:11.996 10465 10610 W unknown:ViewManagerPropertyUpdater: Could not find generated setter for class com.reactnativecommunity.art.ARTSurfaceViewManager
07-25 12:14:11.996 10465 10610 W unknown:ViewManagerPropertyUpdater: Could not find generated setter for class com.reactnativecommunity.art.d
07-25 12:14:12.002 10465 10465 W unknown:ReactContext: initializeMessageQueueThreads() is called.
07-25 12:14:12.003 10465 10465 D nativeloader: Load /data/app/~~delSMetEMhs5CbG55ag8ZQ==/com.flipkart.android-cwMGpr6vBiw-DlwdrbfdRg==/lib/arm64/libyoga.so using ns clns-7 from class loader (caller=/data/app/~~delSMetEMhs5CbG55ag8ZQ==/com.flipkart.android-cwMGpr6vBiw-DlwdrbfdRg==/base.apk): ok
07-25 12:14:12.005 10465 10465 D ConnectivityManager: StackLog: [android.net.ConnectivityManager.unregisterNetworkCallback(ConnectivityManager.java:5543)] [r1.e.f(NetworkStateTracker.java:31)] [r1.d.c(ConstraintTracker.java:20)] [q1.c.e(ConstraintController.java:42)] [p1.d.d(WorkConstraintsTracker.java:33)] [n1.b.c(GreedyScheduler.java:68)] [m1.d.c(Processor.java:73)] [m1.d$a.run(Processor.java:19)]
07-25 12:14:12.015 10465 10549 D BinaryFileManagerRunner: Attempting operation for module: multiWidget
07-25 12:14:12.015 10465 10549 D BinaryFileManagerRunner: Starting operation for module: multiWidget
07-25 12:14:12.016 10465 10549 E newrelic: Attribute value for name [message] is null, empty, or exceeds the maximum length of 4096 bytes.
07-25 12:14:12.016 10465 10549 W newrelic: Attribute [message] ignored: value is null, empty or exceeds the maximum name length
07-25 12:14:12.016 10465 10512 D BinaryFileManagerRunner: Attempting operation for module: cross
07-25 12:14:12.016 10465 10512 D BinaryFileManagerRunner: Starting operation for module: cross
07-25 12:14:12.017 10465 10512 E newrelic: Attribute value for name [message] is null, empty, or exceeds the maximum length of 4096 bytes.
07-25 12:14:12.017 10465 10512 W newrelic: Attribute [message] ignored: value is null, empty or exceeds the maximum name length
07-25 12:14:12.019 10465 10465 W System.err: java.net.MalformedURLException: no protocol: homepage
07-25 12:14:12.019 10465 10465 W System.err: 	at java.net.URL.<init>(URL.java:601)
07-25 12:14:12.019 10465 10465 W System.err: 	at java.net.URL.<init>(URL.java:498)
07-25 12:14:12.019 10465 10465 W System.err: 	at java.net.URL.<init>(URL.java:447)
07-25 12:14:12.019 10465 10465 W System.err: 	at com.flipkart.android.utils.j1.getUrlPath(UrlUtils.java:3)
07-25 12:14:12.019 10465 10465 W System.err: 	at W3.d.a(BottomBarVisibilityControllerImpl.kt:318)
07-25 12:14:12.019 10465 10465 W System.err: 	at androidx.media3.ui.D.run(R8$$SyntheticClass:14)
07-25 12:14:12.019 10465 10465 W System.err: 	at android.os.Handler.handleCallback(Handler.java:959)
07-25 12:14:12.019 10465 10465 W System.err: 	at android.os.Handler.dispatchMessage(Handler.java:100)
07-25 12:14:12.019 10465 10465 W System.err: 	at android.os.Looper.loopOnce(Looper.java:257)
07-25 12:14:12.019 10465 10465 W System.err: 	at android.os.Looper.loop(Looper.java:342)
07-25 12:14:12.019 10465 10465 W System.err: 	at android.app.ActivityThread.main(ActivityThread.java:9634)
07-25 12:14:12.019 10465 10465 W System.err: 	at java.lang.reflect.Method.invoke(Native Method)
07-25 12:14:12.019 10465 10465 W System.err: 	at com.android.internal.os.RuntimeInit$MethodAndArgsCaller.run(RuntimeInit.java:619)
07-25 12:14:12.019 10465 10465 W System.err: 	at com.android.internal.os.ZygoteInit.main(ZygoteInit.java:929)
07-25 12:14:12.021 10465 10512 E newrelic: Attribute value for name [message] is null, empty, or exceeds the maximum length of 4096 bytes.
07-25 12:14:12.021 10465 10512 W newrelic: Attribute [message] ignored: value is null, empty or exceeds the maximum name length
07-25 12:14:12.022 10465 10512 E newrelic: Attribute value for name [message] is null, empty, or exceeds the maximum length of 4096 bytes.
07-25 12:14:12.022 10465 10512 W newrelic: Attribute [message] ignored: value is null, empty or exceeds the maximum name length
07-25 12:14:12.022 10465 10512 D BinaryFileManager: No Update Available
07-25 12:14:12.022 10465 10549 E newrelic: Attribute value for name [message] is null, empty, or exceeds the maximum length of 4096 bytes.
07-25 12:14:12.022 10465 10549 W newrelic: Attribute [message] ignored: value is null, empty or exceeds the maximum name length
07-25 12:14:12.025 10465 10549 E newrelic: Attribute value for name [message] is null, empty, or exceeds the maximum length of 4096 bytes.
07-25 12:14:12.025 10465 10549 W newrelic: Attribute [message] ignored: value is null, empty or exceeds the maximum name length
07-25 12:14:12.025 10465 10549 D BinaryFileManager: No Update Available
07-25 12:14:12.035 10465 10465 W unknown:ReactContext: initializeMessageQueueThreads() is called.
07-25 12:14:12.036 10465 10550 D BinaryFileManager: Returning bundle: /data/user/0/com.flipkart.android/files/binaryfilemanager/cross/88990840d615a343185c46c4b28aba24-71.ota version: 71
07-25 12:14:12.037 10465 10550 E newrelic: Attribute value for name [message] is null, empty, or exceeds the maximum length of 4096 bytes.
07-25 12:14:12.037 10465 10550 W newrelic: Attribute [message] ignored: value is null, empty or exceeds the maximum name length
07-25 12:14:12.053 10465 10465 W System.err: java.net.MalformedURLException: no protocol: homepage
07-25 12:14:12.054 10465 10465 W System.err: 	at java.net.URL.<init>(URL.java:601)
07-25 12:14:12.054 10465 10465 W System.err: 	at java.net.URL.<init>(URL.java:498)
07-25 12:14:12.054 10465 10465 W System.err: 	at java.net.URL.<init>(URL.java:447)
07-25 12:14:12.054 10465 10465 W System.err: 	at com.flipkart.android.utils.j1.getUrlPath(UrlUtils.java:3)
07-25 12:14:12.054 10465 10465 W System.err: 	at W3.d.a(BottomBarVisibilityControllerImpl.kt:318)
07-25 12:14:12.054 10465 10465 W System.err: 	at androidx.media3.ui.D.run(R8$$SyntheticClass:14)
07-25 12:14:12.054 10465 10465 W System.err: 	at android.os.Handler.handleCallback(Handler.java:959)
07-25 12:14:12.054 10465 10465 W System.err: 	at android.os.Handler.dispatchMessage(Handler.java:100)
07-25 12:14:12.054 10465 10465 W System.err: 	at android.os.Looper.loopOnce(Looper.java:257)
07-25 12:14:12.054 10465 10465 W System.err: 	at android.os.Looper.loop(Looper.java:342)
07-25 12:14:12.054 10465 10465 W System.err: 	at android.app.ActivityThread.main(ActivityThread.java:9634)
07-25 12:14:12.054 10465 10465 W System.err: 	at java.lang.reflect.Method.invoke(Native Method)
07-25 12:14:12.054 10465 10465 W System.err: 	at com.android.internal.os.RuntimeInit$MethodAndArgsCaller.run(RuntimeInit.java:619)
07-25 12:14:12.054 10465 10465 W System.err: 	at com.android.internal.os.ZygoteInit.main(ZygoteInit.java:929)
07-25 12:14:12.083 10465 10610 D nativeloader: Load /data/app/~~delSMetEMhs5CbG55ag8ZQ==/com.flipkart.android-cwMGpr6vBiw-DlwdrbfdRg==/lib/arm64/libreactnativeblob.so using ns clns-7 from class loader (caller=/data/app/~~delSMetEMhs5CbG55ag8ZQ==/com.flipkart.android-cwMGpr6vBiw-DlwdrbfdRg==/base.apk): ok
07-25 12:14:12.088 10465 10549 D BinaryFileManager: Returning bundle: /data/user/0/com.flipkart.android/files/binaryfilemanager/multiWidget/538884bb078e7ed868a70c60de6109d1-150.ota version: 150
07-25 12:14:12.088 10465 10549 E newrelic: Attribute value for name [message] is null, empty, or exceeds the maximum length of 4096 bytes.
07-25 12:14:12.088 10465 10549 W newrelic: Attribute [message] ignored: value is null, empty or exceeds the maximum name length
07-25 12:14:12.091 10465 10611 D CompatChangeReporter: Compat change id reported: 289878283; UID 10347; state: ENABLED
07-25 12:14:12.093 10465 10642 I WebViewFactory: Loading com.google.android.webview version 138.0.7204.67 (code 720406733)
07-25 12:14:12.098 10465 10642 V ResourcesManager: The following library key has been added: ResourcesKey{ mHash=f9962e28 mResDir=null mSplitDirs=[] mOverlayDirs=[] mLibDirs=[/data/app/~~aGzA_1Z5QF3J_1QBGO3QHQ==/com.google.android.webview-rfhONeC4KSuFBVN-kL4W2g==/base.apk,/data/app/~~6BaZB8dhHlEE3GO4LMAokw==/com.google.android.trichromelibrary_720406733-YesUOP6PS7HTJMNO-KenMw==/base.apk,/system_ext/framework/androidx.window.extensions.jar] mDisplayId=0 mOverrideConfig=v35 mCompatInfo={450dpi always-compat} mLoaders=[]}
07-25 12:14:12.099 10465 10642 W ziparchive: Unable to open '/data/app/~~6BaZB8dhHlEE3GO4LMAokw==/com.google.android.trichromelibrary_720406733-YesUOP6PS7HTJMNO-KenMw==/base.dm': No such file or directory
07-25 12:14:12.099 10465 10642 W ziparchive: Unable to open '/data/app/~~6BaZB8dhHlEE3GO4LMAokw==/com.google.android.trichromelibrary_720406733-YesUOP6PS7HTJMNO-KenMw==/base.dm': No such file or directory
07-25 12:14:12.099 10465 10642 W lipkart.android: Entry not found
07-25 12:14:12.100 10465 10642 D nativeloader: Configuring clns-15 for other apk /data/app/~~6BaZB8dhHlEE3GO4LMAokw==/com.google.android.trichromelibrary_720406733-YesUOP6PS7HTJMNO-KenMw==/base.apk. target_sdk_version=35, uses_libraries=ALL, library_path=/data/app/~~aGzA_1Z5QF3J_1QBGO3QHQ==/com.google.android.webview-rfhONeC4KSuFBVN-kL4W2g==/lib/arm64:/data/app/~~aGzA_1Z5QF3J_1QBGO3QHQ==/com.google.android.webview-rfhONeC4KSuFBVN-kL4W2g==/base.apk!/lib/arm64-v8a:/data/app/~~6BaZB8dhHlEE3GO4LMAokw==/com.google.android.trichromelibrary_720406733-YesUOP6PS7HTJMNO-KenMw==/base.apk!/lib/arm64-v8a, permitted_path=/data:/mnt/expand
07-25 12:14:12.100 10465 10642 D nativeloader: Extending system_exposed_libraries: libhumantracking.arcsoft.so:libface_recognition.arcsoft.so:libpic_best.arcsoft.so:libPortraitDistortionCorrection.arcsoft.so:libPortraitDistortionCorrectionCali.arcsoft.so:libface_landmark.arcsoft.so:libFacialStickerEngine.arcsoft.so:libfrtracking_engine.arcsoft.so:libFaceRecognition.arcsoft.so:libveengine.arcsoft.so:lib_pet_detection.arcsoft.so:libae_bracket_hdr.arcsoft.so:libdigital_tele_scope.arcsoft.so:libdigital_tele_scope_rawsr.arcsoft.so:libsf_tetra_enhance.arcsoft.so:libmf_bayer_enhance.arcsoft.so:libhybrid_high_dynamic_range.arcsoft.so:libimage_enhancement.arcsoft.so:libobjectcapture_jni.arcsoft.so:libobjectcapture.arcsoft.so:libFacialAttributeDetection.arcsoft.so:libmultisourceseparator.audio.samsung.so:libaudiomirroring_jni.audiomirroring.samsung.so:libBeauty_v4.camera.samsung.so:libexifa.camera.samsung.so:libjpega.camera.samsung.so:libOpenCv.camera.samsung.so:libaifrcInterface.camera.samsung.so:libC2paDps.camera.samsung.so:libVideoClassifier.camera.samsung.so:l
07-25 12:14:12.100 10465 10642 D ApplicationLoaders: Returning zygote-cached class loader: /system_ext/framework/androidx.window.extensions.jar
07-25 12:14:12.103 10465 10642 D nativeloader: Configuring clns-16 for other apk /data/app/~~aGzA_1Z5QF3J_1QBGO3QHQ==/com.google.android.webview-rfhONeC4KSuFBVN-kL4W2g==/base.apk. target_sdk_version=35, uses_libraries=, library_path=/data/app/~~aGzA_1Z5QF3J_1QBGO3QHQ==/com.google.android.webview-rfhONeC4KSuFBVN-kL4W2g==/lib/arm64:/data/app/~~aGzA_1Z5QF3J_1QBGO3QHQ==/com.google.android.webview-rfhONeC4KSuFBVN-kL4W2g==/base.apk!/lib/arm64-v8a:/data/app/~~6BaZB8dhHlEE3GO4LMAokw==/com.google.android.trichromelibrary_720406733-YesUOP6PS7HTJMNO-KenMw==/base.apk!/lib/arm64-v8a, permitted_path=/data:/mnt/expand
07-25 12:14:12.113 10465 10642 I cr_WVCFactoryProvider: version=138.0.7204.67 (720406733) minSdkVersion=29 isBundle=true multiprocess=true packageId=2
07-25 12:14:12.115 10465 10642 D nativeloader: Load /data/app/~~6BaZB8dhHlEE3GO4LMAokw==/com.google.android.trichromelibrary_720406733-YesUOP6PS7HTJMNO-KenMw==/base.apk!/lib/arm64-v8a/libmonochrome_64.so using ns clns-16 from class loader (caller=/data/app/~~aGzA_1Z5QF3J_1QBGO3QHQ==/com.google.android.webview-rfhONeC4KSuFBVN-kL4W2g==/base.apk): ok
07-25 12:14:12.116 10465 10642 D nativeloader: Load /system/lib64/libwebviewchromium_plat_support.so using ns clns-16 from class loader (caller=/data/app/~~aGzA_1Z5QF3J_1QBGO3QHQ==/com.google.android.webview-rfhONeC4KSuFBVN-kL4W2g==/base.apk): ok
07-25 12:14:12.121 10465 10642 I cr_LibraryLoader: Successfully loaded native library
07-25 12:14:12.121 10465 10642 I cr_CachingUmaRecorder: Flushed 8 samples from 8 histograms, 0 samples were dropped.
07-25 12:14:12.123 10465 10653 I chromium: [INFO:android_webview/browser/variations/variations_seed_loader.cc:67] Failed to open file for reading.: No such file or directory (2)
07-25 12:14:12.140 10465 10465 W System.err: java.net.MalformedURLException: no protocol: homepage
07-25 12:14:12.140 10465 10465 W System.err: 	at java.net.URL.<init>(URL.java:601)
07-25 12:14:12.140 10465 10465 W System.err: 	at java.net.URL.<init>(URL.java:498)
07-25 12:14:12.140 10465 10465 W System.err: 	at java.net.URL.<init>(URL.java:447)
07-25 12:14:12.140 10465 10465 W System.err: 	at com.flipkart.android.utils.j1.getUrlPath(UrlUtils.java:3)
07-25 12:14:12.140 10465 10465 W System.err: 	at W3.d.a(BottomBarVisibilityControllerImpl.kt:318)
07-25 12:14:12.140 10465 10465 W System.err: 	at androidx.media3.ui.D.run(R8$$SyntheticClass:14)
07-25 12:14:12.140 10465 10465 W System.err: 	at android.os.Handler.handleCallback(Handler.java:959)
07-25 12:14:12.140 10465 10465 W System.err: 	at android.os.Handler.dispatchMessage(Handler.java:100)
07-25 12:14:12.140 10465 10465 W System.err: 	at android.os.Looper.loopOnce(Looper.java:257)
07-25 12:14:12.140 10465 10465 W System.err: 	at android.os.Looper.loop(Looper.java:342)
07-25 12:14:12.140 10465 10465 W System.err: 	at android.app.ActivityThread.main(ActivityThread.java:9634)
07-25 12:14:12.140 10465 10465 W System.err: 	at java.lang.reflect.Method.invoke(Native Method)
07-25 12:14:12.140 10465 10465 W System.err: 	at com.android.internal.os.RuntimeInit$MethodAndArgsCaller.run(RuntimeInit.java:619)
07-25 12:14:12.140 10465 10465 W System.err: 	at com.android.internal.os.ZygoteInit.main(ZygoteInit.java:929)
07-25 12:14:12.140 10465 10465 W System.err: java.net.MalformedURLException: no protocol: homepage
07-25 12:14:12.141 10465 10465 W System.err: 	at java.net.URL.<init>(URL.java:601)
07-25 12:14:12.141 10465 10465 W System.err: 	at java.net.URL.<init>(URL.java:498)
07-25 12:14:12.141 10465 10465 W System.err: 	at java.net.URL.<init>(URL.java:447)
07-25 12:14:12.141 10465 10465 W System.err: 	at com.flipkart.android.utils.j1.getUrlPath(UrlUtils.java:3)
07-25 12:14:12.141 10465 10465 W System.err: 	at W3.d.a(BottomBarVisibilityControllerImpl.kt:318)
07-25 12:14:12.141 10465 10465 W System.err: 	at androidx.media3.ui.D.run(R8$$SyntheticClass:14)
07-25 12:14:12.141 10465 10465 W System.err: 	at android.os.Handler.handleCallback(Handler.java:959)
07-25 12:14:12.141 10465 10465 W System.err: 	at android.os.Handler.dispatchMessage(Handler.java:100)
07-25 12:14:12.141 10465 10465 W System.err: 	at android.os.Looper.loopOnce(Looper.java:257)
07-25 12:14:12.141 10465 10465 W System.err: 	at android.os.Looper.loop(Looper.java:342)
07-25 12:14:12.141 10465 10465 W System.err: 	at android.app.ActivityThread.main(ActivityThread.java:9634)
07-25 12:14:12.141 10465 10465 W System.err: 	at java.lang.reflect.Method.invoke(Native Method)
07-25 12:14:12.141 10465 10465 W System.err: 	at com.android.internal.os.RuntimeInit$MethodAndArgsCaller.run(RuntimeInit.java:619)
07-25 12:14:12.141 10465 10465 W System.err: 	at com.android.internal.os.ZygoteInit.main(ZygoteInit.java:929)
07-25 12:14:12.179 10465 10468 W lipkart.android: Missing inline cache for void m7.sc.ab(java.lang.String, java.lang.String, long, android.os.Bundle, boolean, boolean, boolean)
07-25 12:14:12.179 10465 10465 I BLASTBufferQueue_Java: update, w= 1080 h= 2340 mName = VRI[HomeFragmentHolderActivity]@ce54e4c mNativeObject= 0xb400006e7836fdb0 sc.mNativeObject= 0xb400006f2835df50 format= -1 caller= android.view.ViewRootImpl.updateBlastSurfaceIfNeeded:3386 android.view.ViewRootImpl.relayoutWindow:11361 android.view.ViewRootImpl.performTraversals:4544 android.view.ViewRootImpl.doTraversal:3708 android.view.ViewRootImpl$TraversalRunnable.run:12542 android.view.Choreographer$CallbackRecord.run:1751 
07-25 12:14:12.179 10465 10465 I VRI[HomeFragmentHolderActivity]@ce54e4c: Relayout returned: old=(0,0,1080,2340) new=(0,0,1080,2340) relayoutAsync=true req=(1080,2340)0 dur=0 res=0x0 s={true 0xb400006ea8376cf0} ch=false seqId=0
07-25 12:14:12.180 10465 10465 I VRI[HomeFragmentHolderActivity]@ce54e4c: registerCallbackForPendingTransactions
07-25 12:14:12.182 10465 10533 I VRI[HomeFragmentHolderActivity]@ce54e4c: mWNT: t=0xb400006d384788d0 mBlastBufferQueue=0xb400006e7836fdb0 fn= 16 HdrRenderState mRenderHdrSdrRatio=1.0 caller= android.view.ViewRootImpl$9.onFrameDraw:6276 android.view.ViewRootImpl$3.onFrameDraw:2440 android.view.ThreadedRenderer$1.onFrameDraw:761 
07-25 12:14:12.227 10465 10465 I VRI[SplashActivity]@66bffb: stopped(true) old = false
07-25 12:14:12.227 10465 10465 D VRI[SplashActivity]@66bffb: WindowStopped on com.flipkart.android/com.flipkart.android.SplashActivity set to true
07-25 12:14:12.228 10465 10465 W WindowOnBackDispatcher: sendCancelIfRunning: isInProgress=false callback=android.view.ViewRootImpl$$ExternalSyntheticLambda15@642c66d
07-25 12:14:12.229 10465 10465 I VRI[SplashActivity]@66bffb: dispatchDetachedFromWindow
07-25 12:14:12.230 10465 10465 D InputTransport: Input channel destroyed: '2ce2d89', fd=152
07-25 12:14:12.231 10465 10465 D VRI[SplashActivity]@66bffb: Pending transaction will not be applied in sync with a draw due to shutting down VRI
07-25 12:14:12.260 10465 10662 D nativeloader: Load /data/app/~~delSMetEMhs5CbG55ag8ZQ==/com.flipkart.android-cwMGpr6vBiw-DlwdrbfdRg==/lib/arm64/libimagepipeline.so using ns clns-7 from class loader (caller=/data/app/~~delSMetEMhs5CbG55ag8ZQ==/com.flipkart.android-cwMGpr6vBiw-DlwdrbfdRg==/base.apk): ok
07-25 12:14:12.319 10465 10465 I FKMediaViewManager: log: setPlayProgressDelay 1000
07-25 12:14:12.319 10465 10465 I newrelic: newrelic: {level=INFO,tag=FKMediaViewManager,message=log: setPlayProgressDelay 1000}
07-25 12:14:12.320 10465 10465 I FKMediaViewManager: log: setMuteState mute=true
07-25 12:14:12.320 10465 10465 I newrelic: newrelic: {level=INFO,tag=FKMediaViewManager,message=log: setMuteState mute=true}
07-25 12:14:12.320 10465 10465 I FKMediaViewManager: log: setVideoData hideTimer -> true, thumbnail -> https://rukminim1.flixcart.com/fk-p-flap/{@width}/{@height}/image/34f3b1dbe4f50b3a.jpeg?q={@quality}, src -> https://trinity-fk.akamaized.net/videos/0740b0cbeffab4d8/master.m3u8, showPlayButton -> false, disableVolumeControl -> true, loopCount -> -1.0, disableDefaultPlaceholderImage -> true, width -> 352.0, resizeMode -> 3.0, cacheDisabled -> false, hideBufferIndicator -> true, showReplayButton -> false, height -> 117.33333333333333
07-25 12:14:12.320 10465 10465 I newrelic: newrelic: {level=INFO,tag=FKMediaViewManager,message=log: setVideoData hideTimer -> true, thumbnail -> https://rukminim1.flixcart.com/fk-p-flap/{@width}/{@height}/image/34f3b1dbe4f50b3a.jpeg?q={@quality}, src -> https://trinity-fk.akamaized.net/videos/0740b0cbeffab4d8/master.m3u8, showPlayButton -> false, disableVolumeControl -> true, loopCount -> -1.0, disableDefaultPlaceholderImage -> true, width -> 352.0, resizeMode -> 3.0, cacheDisabled -> false, hideBufferIndicator -> true, showReplayButton -> false, height -> 117.33333333333333}
07-25 12:14:12.545 10465 10465 D SurfaceView: 225551817 updateSurface: has no frame
07-25 12:14:12.554 10465 10465 I SurfaceView@d71a5c9: onWindowVisibilityChanged(0) true android.view.SurfaceView{d71a5c9 V.E...... ......I. 0,0-0,0} of VRI[HomeFragmentHolderActivity]@ce54e4c
07-25 12:14:12.554 10465 10465 D SurfaceView: 225551817 updateSurface: has no frame
07-25 12:14:12.554 10465 10465 I ExoPlayerImpl: Init 5799f8c [AndroidXMedia3/1.4.1] [e2s, SM-S926B, samsung, 35]
07-25 12:14:12.565 10465 10465 I BLASTBufferQueue_Java: update, w= 1080 h= 2340 mName = VRI[HomeFragmentHolderActivity]@ce54e4c mNativeObject= 0xb400006e7836fdb0 sc.mNativeObject= 0xb400006f2835df50 format= -3 caller= android.view.ViewRootImpl.updateBlastSurfaceIfNeeded:3386 android.view.ViewRootImpl.relayoutWindow:11361 android.view.ViewRootImpl.performTraversals:4544 android.view.ViewRootImpl.doTraversal:3708 android.view.ViewRootImpl$TraversalRunnable.run:12542 android.view.Choreographer$CallbackRecord.run:1751 
07-25 12:14:12.565 10465 10465 I VRI[HomeFragmentHolderActivity]@ce54e4c: Relayout returned: old=(0,0,1080,2340) new=(0,0,1080,2340) relayoutAsync=true req=(1080,2340)0 dur=0 res=0x0 s={true 0xb400006ea8376cf0} ch=false seqId=0
07-25 12:14:12.567 10465 10465 D SurfaceView: 225551817 updateSurface: has no frame
07-25 12:14:12.567 10465 10465 D SurfaceView: 225551817 updateSurface: has no frame
07-25 12:14:12.567 10465 10465 I VRI[HomeFragmentHolderActivity]@ce54e4c: registerCallbackForPendingTransactions
07-25 12:14:12.569 10465 10534 I VRI[HomeFragmentHolderActivity]@ce54e4c: mWNT: t=0xb400006d385ce210 mBlastBufferQueue=0xb400006e7836fdb0 fn= 37 HdrRenderState mRenderHdrSdrRatio=1.0 caller= android.view.ViewRootImpl$9.onFrameDraw:6276 android.view.ViewRootImpl$3.onFrameDraw:2440 android.view.ThreadedRenderer$1.onFrameDraw:761 
07-25 12:14:12.571 10465 10465 D SurfaceView: 225551817 updateSurface: has no frame
07-25 12:14:12.576 10465 10465 I SurfaceView: 225551817 Changes: creating=true format=true size=true visible=true alpha=false hint=false visible=true left=true top=true z=false attached=true lifecycleStrategy=true
07-25 12:14:12.577 10465 10465 I BLASTBufferQueue_Java: update, w= 990 h= 330 mName = null mNativeObject= 0xb400006e784e1950 sc.mNativeObject= 0xb400006f2839ab50 format= 4 caller= android.view.SurfaceView.createBlastSurfaceControls:1642 android.view.SurfaceView.updateSurface:1318 android.view.SurfaceView.lambda$new$0:268 android.view.SurfaceView.$r8$lambda$NfZyM_TG8F8lqzaOVZ7noREFjzU:0 android.view.SurfaceView$$ExternalSyntheticLambda1.onPreDraw:0 android.view.ViewTreeObserver.dispatchOnPreDraw:1226 
07-25 12:14:12.577 10465 10465 I SurfaceView: 225551817 Cur surface: Surface(name=null mNativeObject=0)/@0xc8a077
07-25 12:14:12.577 10465 10465 I SurfaceView@d71a5c9: pST: sr = Rect(45, 1990 - 1035, 2320) sw = 990 sh = 330
07-25 12:14:12.577 10465 10465 D SurfaceView: 225551817 performSurfaceTransaction RenderWorker position = [45, 1990, 1035, 2320] surfaceSize = 990x330
07-25 12:14:12.578 10465 10465 I SurfaceView@d71a5c9: updateSurface: mVisible = true mSurface.isValid() = true
07-25 12:14:12.578 10465 10465 I SurfaceView@d71a5c9: updateSurface: mSurfaceCreated = false surfaceChanged = true visibleChanged = true
07-25 12:14:12.578 10465 10465 I SurfaceView: 225551817 visibleChanged -- surfaceCreated
07-25 12:14:12.578 10465 10465 I SurfaceView@d71a5c9: surfaceCreated 1 #8 android.view.SurfaceView{d71a5c9 V.E...... ......ID 0,0-990,330}
07-25 12:14:12.578 10465 10465 I SurfaceView: 225551817 surfaceChanged -- format=4 w=990 h=330
07-25 12:14:12.578 10465 10465 I SurfaceView@d71a5c9: surfaceChanged (990,330) 1 #8 android.view.SurfaceView{d71a5c9 V.E...... ......ID 0,0-990,330}
07-25 12:14:12.578 10465 10465 I SurfaceView: 225551817 surfaceRedrawNeeded
07-25 12:14:12.578 10465 10465 I SurfaceView: 225551817 finishedDrawing
07-25 12:14:12.578 10465 10465 V SurfaceView: Layout: x=45 y=1990 w=990 h=330, frame=Rect(0, 0 - 990, 330)
07-25 12:14:12.578 10465 10465 I VRI[HomeFragmentHolderActivity]@ce54e4c: registerCallbackForPendingTransactions
07-25 12:14:12.580 10465 10516 D SurfaceView: 225551817 updateSurfacePosition RenderWorker, frameNr = 38, position = [45, 1990, 1035, 2320] surfaceSize = 990x330
07-25 12:14:12.580 10465 10516 I SurfaceView@d71a5c9: uSP: rtp = Rect(45, 1990 - 1035, 2320) rtsw = 990 rtsh = 330
07-25 12:14:12.580 10465 10516 I SurfaceView@d71a5c9: onSSPAndSRT: pl = 45 pt = 1990 sx = 1.0 sy = 1.0
07-25 12:14:12.580 10465 10516 I SurfaceView@d71a5c9: aOrMT: VRI[HomeFragmentHolderActivity]@ce54e4c t = android.view.SurfaceControl$Transaction@f0fa149 fN = 38 android.view.SurfaceView.-$$Nest$mapplyOrMergeTransaction:0 android.view.SurfaceView$SurfaceViewPositionUpdateListener.positionChanged:1792 android.graphics.RenderNode$CompositePositionUpdateListener.positionChanged:398 
