07-25 11:25:59.991  6058  6137 E chromium: [ERROR:cc/tiles/tile_manager.cc:1001] WARNING: tile memory limits exceeded, some content may not draw
07-25 11:25:59.992  6058  6137 E chromium: [ERROR:cc/tiles/tile_manager.cc:1001] WARNING: tile memory limits exceeded, some content may not draw
07-25 11:25:59.993 24087 24187 E BtGatt.GattService: [GSIM LOG]: gsimLogHandler, msg: MESSAGE_ADV_SET_START, appName: com.google.android.gms, id: 0, isLegacy: true
07-25 11:26:00.001 24087 24187 E BtGatt.GattService: [GSIM LOG]: gsimLogHandler, msg: MESSAGE_ADV_SET_START, appName: com.google.android.gms, id: 1, isLegacy: false
07-25 11:26:00.003  1081  2377 E WindowManager: win=Window{df8ed61 u0 NotificationShade} destroySurfaces: appStopped=true cleanupOnResume=false win.mWindowRemovalAllowed=false win.mRemoveOnExit=false win.mViewVisibility=4 caller=com.android.server.wm.WindowManagerService.tryStartExitingAnimation:147 com.android.server.wm.WindowManagerService.relayoutWindowInner:112 com.android.server.wm.WindowManagerService.relayoutWindow:6 com.android.server.wm.Session.relayout:27 android.view.IWindowSession$Stub.onTransact:861 com.android.server.wm.Session.onTransact:1 android.os.Binder.execTransactInternal:1541 
07-25 11:26:00.007 24087 24187 E BtGatt.GattService: [GSIM LOG]: gsimLogHandler, msg: MESSAGE_ADV_SET_START, appName: com.google.android.gms, id: 2, isLegacy: true
07-25 11:26:00.085  1081  1253 E WindowManager: win=Window{c0c4d6c u0 SnapshotStartingWindow for taskId=6589 EXITING} destroySurfaces: appStopped=false cleanupOnResume=false win.mWindowRemovalAllowed=true win.mRemoveOnExit=true win.mViewVisibility=0 caller=com.android.server.wm.WindowState.onExitAnimationDone:222 com.android.server.wm.WindowState.onAnimationFinished:161 com.android.server.wm.WindowContainer$$ExternalSyntheticLambda5.onAnimationFinished:26 com.android.server.wm.SurfaceAnimator$$ExternalSyntheticLambda1.run:28 com.android.server.wm.SurfaceAnimator$$ExternalSyntheticLambda0.onAnimationFinished:65 com.android.server.wm.LocalAnimationAdapter$$ExternalSyntheticLambda0.run:10 android.os.Handler.handleCallback:959 
07-25 11:26:00.101   894   894 E SurfaceFlinger: alpha changed 0.113 -> 0.000 - Surface(name=c0c4d6c SnapshotStartingWindow for taskId=6589)/@0xf4999a - animation-leash of window_animation#1001235
07-25 11:26:00.189  1081  3190 E SemWifiService: getCurrentNetworkScore - invalid score data
07-25 11:26:00.189  1081  3190 E WifiProfileShare.Caster: failed to generate qos array, need to check network score data
07-25 11:26:00.227  1081  1081 E PocketProximityCluster: data duplication
07-25 11:26:00.242  1081  1081 E PocketModeEvent: Acc, AT is unregister by condition 2, 26
07-25 11:26:00.242  1081  1861 E PocketModeEvent: MSG_TYPE_STOP_SENSING
07-25 11:26:00.242  1081  1861 E PocketModeEvent: unregisterSensor L : -1 P : 0
07-25 11:26:00.243  1081  1081 E PocketMotionManager: unregister activity tracker
07-25 11:26:00.287  1081  3141 E SemWifiApSmartBleScanner: mGuidScanFilterBluetoothLeScanFilter [mDeviceName=null, mDeviceAddress=null, mUuid=null, mUuidMask=null, mServiceSolicitationUuid=null, mServiceSolicitationUuidMask=null, mServiceDataUuid=null, mServiceData=null, mServiceDataMask=null, mManufacturerId=117, mManufacturerData=[1, 18, -17, -100, 41, 80, 0, 0, 0, 0, 4, 0, 0, 0, 0, 0, 0, 0, 0, 0, 0, 0, 0, 0], mManufacturerDataMask=[0, -1, -1, -1, -1, -1, 0, 0, 0, 0, 0, 0, 0, 0, 0, 0, 0, 0, 0, 0, 0, 0, 0, 0], mAdvertisingDataType=-1, mAdvertisingData=null, mAdvertisingDataMask=null, mTransportBlockFilter=null]
07-25 11:26:00.292 24087  6548 E BluetoothUtils: Permission denial: Location is off.
07-25 11:26:00.305  1081  4589 E WindowManager: win=Window{3dd6c32 u0 FP Iconview} destroySurfaces: appStopped=true cleanupOnResume=false win.mWindowRemovalAllowed=false win.mRemoveOnExit=false win.mViewVisibility=8 caller=com.android.server.wm.WindowManagerService.tryStartExitingAnimation:147 com.android.server.wm.WindowManagerService.relayoutWindowInner:112 com.android.server.wm.WindowManagerService.relayoutWindow:6 com.android.server.wm.Session.relayout:27 android.view.IWindowSession$Stub.onTransact:861 com.android.server.wm.Session.onTransact:1 android.os.Binder.execTransactInternal:1536 
07-25 11:26:00.310 24087 24187 E BtGatt.GattService: [GSIM LOG]: gsimLogHandler, msg: MESSAGE_SCAN_START, appName: android, scannerId: 7, reportDelayMillis=0
07-25 11:26:00.351  1081  1940 E AidlResponseHandler: Client monitor is not an instance of com.android.server.biometrics.sensors.AcquisitionClient
07-25 11:26:00.576  2226  2226 E NowBarItemManager: refreshBatteryItem data is null
07-25 11:26:00.670   873  1683 E NativeCustomFrequencyManager: [NativeCFMS] BpCustomFrequencyManager::release()
07-25 11:26:00.915  1081  3190 E SemWifiService: getCurrentNetworkScore - invalid score data
07-25 11:26:00.915  1081  3190 E WifiProfileShare.Caster: failed to generate qos array, need to check network score data
07-25 11:26:00.959   852   852 E SecVibrator-HAL-AIDL-EXT: V_5_0: performPrebakedHapticPattern 14 : 4000 : 0
07-25 11:26:00.959   852   852 E SecVibrator-HAL-AIDL-CORE: HW_API: [setForceFeedbackAmplitude]amplitude: 4000
07-25 11:26:00.974   852   852 E SecVibrator-HAL-AIDL-CORE: HW_API: [uploadForceFeedbackeffect]ioctl success ,uploaded effect with ID: 0
07-25 11:26:00.974   852   852 E SecVibrator-HAL-AIDL-CORE: HW_API: do_on for timeoutMs: 1000
07-25 11:26:00.974   852   852 E SecVibrator-HAL-AIDL-CORE: HW_API: [triggerForceFeedbackVibration]on: 1
07-25 11:26:01.088   817   857 E HYPER-HAL: [HandlerSysfs.cpp]doResourceHandling(): Couldn't Open Sysfs - /sys/kernel/zram/app_launch
07-25 11:26:01.089   852   852 E SecVibrator-HAL-AIDL-CORE: V_2_0: Vibrator off
07-25 11:26:01.089   852   852 E SecVibrator-HAL-AIDL-CORE: HW_API: do_off
07-25 11:26:01.089   852   852 E SecVibrator-HAL-AIDL-CORE: HW_API: [triggerForceFeedbackVibration]on: 0
07-25 11:26:01.096  3288  3288 E pageboostd: Received HALT command code 2
07-25 11:26:01.142  2886 10666 E AppIconSolution: Couldn't get theme package resources, package is null
07-25 11:26:01.152   894   894 E SurfaceFlinger: alpha changed 1.000 -> 0.000 - Surface(name=Task=1)/@0x572fb64_transition-leash#1001242
07-25 11:26:01.152   894   894 E SurfaceFlinger: alpha changed 1.000 -> 0.000 - (1-1)-Window{6e19a26 alpha=1.0 fl=}$_7208#1001237
07-25 11:26:01.169   894   894 E SurfaceFlinger: alpha changed 0.000 -> 1.000 - Surface(name=Task=1)/@0x572fb64_transition-leash#1001242
07-25 11:26:01.181 18748 18773 E SamsungAccount: [FamilyGroupUtil] getCountryCodeListWithRegionMcc - no country code with region mcc
07-25 11:26:01.219   894   894 E SurfaceFlinger: alpha changed 1.000 -> 0.000 - Surface(name=c011cc2 InputMethod)/@0xc2cffad - animation-leash of insets_animation#1001245
07-25 11:26:01.386  2886  2886 E SurfaceComposerClient: SurfaceComposerClient::Transaction::setAlpha: invalid alpha -0.015027, clamping
07-25 11:26:01.402   894   894 E SurfaceFlinger: alpha changed 0.022 -> 0.000 - Surface(name=Task=6589)/@0x8875a82_transition-leash#1001243
07-25 11:26:01.402  2886  2886 E SurfaceComposerClient: SurfaceComposerClient::Transaction::setAlpha: invalid alpha -0.036481, clamping
07-25 11:26:01.419  2886  2886 E SurfaceComposerClient: SurfaceComposerClient::Transaction::setAlpha: invalid alpha -0.047539, clamping
07-25 11:26:01.436  2886  2886 E SurfaceComposerClient: SurfaceComposerClient::Transaction::setAlpha: invalid alpha -0.050438, clamping
07-25 11:26:01.453  2886  2886 E SurfaceComposerClient: SurfaceComposerClient::Transaction::setAlpha: invalid alpha -0.047134, clamping
07-25 11:26:01.469  2886  2886 E SurfaceComposerClient: SurfaceComposerClient::Transaction::setAlpha: invalid alpha -0.040076, clamping
07-25 11:26:01.486  2886  2886 E SurfaceComposerClient: SurfaceComposerClient::Transaction::setAlpha: invalid alpha -0.029535, clamping
07-25 11:26:01.503  2886  2886 E SurfaceComposerClient: SurfaceComposerClient::Transaction::setAlpha: invalid alpha -0.015622, clamping
07-25 11:26:01.556  1081  4250 E WindowManager: win=Window{ed7f830 u0 com.google.android.gm/com.google.android.gm.ConversationListActivityGmail} destroySurfaces: appStopped=true cleanupOnResume=false win.mWindowRemovalAllowed=false win.mRemoveOnExit=false win.mViewVisibility=8 caller=com.android.server.wm.ActivityRecord.destroySurfaces:25 com.android.server.wm.ActivityRecord.activityStopped:204 com.android.server.wm.ActivityClientController.activityStopped:95 android.app.IActivityClientController$Stub.onTransact:722 com.android.server.wm.ActivityClientController.onTransact:1 android.os.Binder.execTransactInternal:1541 android.os.Binder.execTransact:1480 
07-25 11:26:02.001 24087 24187 E BtGatt.GattService: [GSIM LOG]: gsimLogHandler, msg: MESSAGE_ADV_SET_STOP, appName: com.google.android.gms, id: 0, isLegacy: true
07-25 11:26:02.588   817 14906 E HYPER-HAL: [HandlerSysfs.cpp]doResourceHandling(): Couldn't Open Sysfs - /sys/kernel/zram/app_launch
07-25 11:26:02.985  1081  3190 E SemWifiService: getCurrentNetworkScore - invalid score data
07-25 11:26:02.985  1081  3190 E WifiProfileShare.Caster: failed to generate qos array, need to check network score data
07-25 11:26:03.359 14327 14368 E ActivityThread: Failed to find provider info for gmail-ofls
07-25 11:26:03.360 14327 14368 E ActivityThread: Failed to find provider info for gmail-ofls
07-25 11:26:03.361 14327 14368 E ActivityThread: Failed to find provider info for gmail-ofls
07-25 11:26:04.540 14327 14368 E ActivityThread: Failed to find provider info for gmail-ofls
07-25 11:26:04.544 14327 14368 E ActivityThread: Failed to find provider info for gmail-ofls
07-25 11:26:05.916 24087 24187 E BtGatt.GattService: [GSIM LOG]: gsimLogHandler, msg: MESSAGE_SCAN_STOP, appName: com.google.android.gms, scannerId: 3, reportDelayMillis=0
07-25 11:26:05.918 24087 24187 E LeAppInfo: updateScanStopInfo(), There is NO scan process with :                             com.google.android.gms|    Normal|  Balanced|    Filter|      true|
07-25 11:26:05.929 24087 24187 E BtGatt.GattService: [GSIM LOG]: gsimLogHandler, msg: MESSAGE_SCAN_START, appName: com.google.android.gms, scannerId: 3, reportDelayMillis=0
07-25 11:26:06.016  1081  3190 E SemWifiService: getCurrentNetworkScore - invalid score data
07-25 11:26:06.016  1081  3190 E WifiProfileShare.Caster: failed to generate qos array, need to check network score data
07-25 11:26:10.011   838   849 E BatteryDump: !@new_battery_dump : 4195,1010,1100,4189,76,308,314,343,308,0,309,336,0,Charging,NO_CHARGING,Normal,Good,USB,1,Normal,0,0,8338,0x8000,0x10010000,0x0,0,0,0000,0000,00000000,0,0,0,0,192,4158,7565,990,0,
07-25 11:26:10.156  2226  2524 E FrameTracker: force finish cuj, time out: J<LOCKSCREEN_UNLOCK_ANIMATION::KeyguardUnlock>
07-25 11:26:12.123  1081  3190 E SemWifiService: getCurrentNetworkScore - invalid score data
07-25 11:26:12.123  1081  3190 E WifiProfileShare.Caster: failed to generate qos array, need to check network score data
07-25 11:26:14.030  1081  4250 E BatteryStatsService: Invalid uid for waking network packet: -1
07-25 11:26:15.267   799 32327 E audio_hw_proxy_mixer: proxy-proxy_set_mixer_value_int: cannot find ABOX Display Mixer Control
07-25 11:26:16.234   799 32327 E audio_hw_proxy_mixer: proxy-proxy_set_mixer_value_int: cannot find ABOX Display Mixer Control
07-25 11:26:16.577  1081  1255 E Watchdog: !@Sync: 50550 heap(MB): 193 / 204 FD: 1310 [2025-07-25 11:26:16.576]
07-25 11:26:18.201  1081  3190 E SemWifiService: getCurrentNetworkScore - invalid score data
07-25 11:26:18.201  1081  3190 E WifiProfileShare.Caster: failed to generate qos array, need to check network score data
07-25 11:26:18.255   799 32327 E audio_hw_proxy_mixer: proxy-proxy_set_mixer_value_int: cannot find ABOX Display Mixer Control
07-25 11:26:20.258   838   849 E BatteryDump: !@new_battery_dump : 4200,1055,1100,4189,76,308,314,342,308,0,314,333,0,Charging,NO_CHARGING,Normal,Good,USB,1,Normal,0,0,8338,0x8000,0x10010000,0x0,0,0,0000,0000,00000000,0,0,0,0,192,4158,7570,990,0,
07-25 11:26:21.297  1081  3190 E SemWifiService: getCurrentNetworkScore - invalid score data
07-25 11:26:21.297  1081  3190 E WifiProfileShare.Caster: failed to generate qos array, need to check network score data
07-25 11:26:26.289 15048 15048 E tworkdiagnostic: Not starting debugger since process cannot load the jdwp agent.
07-25 11:26:26.296 15050 15050 E id.partnersetup: Not starting debugger since process cannot load the jdwp agent.
07-25 11:26:26.304 15051 15051 E .apps.turbo:aab: Not starting debugger since process cannot load the jdwp agent.
07-25 11:26:26.735 15048 15110 E [ND]GetPolicyForActivationWorkListWorker: pool-4-thread-1 | onError: Couldn't find policy
07-25 11:26:27.399  2161  3506 E SmsApplication: com.google.android.apps.messaging lost android:read_cell_broadcasts:  (fixing)
07-25 11:26:27.402  2161  2161 E SmsApplication: com.google.android.apps.messaging lost android:read_cell_broadcasts:  (fixing)
07-25 11:26:27.445  1081  8470 E RoleControllerServiceImpl: Default/fallback role holder package doesn't qualify for the role, package: com.google.android.gms.supervision, role: android.app.role.SYSTEM_SUPERVISION
07-25 11:26:27.448 32101 32135 E Finsky  : [3297] [Counters] attempted to use a non-positive increment for: 4752
07-25 11:26:27.452 32101 32135 E Finsky  : [3297] [Counters] attempted to use a non-positive increment for: 4753
07-25 11:26:27.453 15134 15134 E ding:background: Not starting debugger since process cannot load the jdwp agent.
07-25 11:26:27.457 32101 32135 E Finsky  : [3297] [Counters] attempted to use a non-positive increment for: 4752
07-25 11:26:27.457 32101 32135 E Finsky  : [3297] [Counters] attempted to use a non-positive increment for: 4753
07-25 11:26:27.626  2886 11582 E HoneySpace.MinusOnePageUtils: com.samsung.android.app.spage is not installed 
07-25 11:26:28.420  2226  8464 E AbsSettings: refreshInner: refreshedSettingsDBItem key enabled_complication_widgets_id_list val = 
07-25 11:26:28.421  2226  8464 E AbsSettings: refreshInner: refreshedSettingsDBItem key enabled_complication_widgets_id_list val = 
07-25 11:26:30.516   838   849 E BatteryDump: !@new_battery_dump : 4203,1042,1100,4189,76,308,314,345,308,0,315,333,0,Charging,NO_CHARGING,Normal,Good,USB,1,Normal,0,0,8338,0x8000,0x10010000,0x0,0,0,0000,0000,00000000,0,0,0,0,192,4159,7576,990,0,
07-25 11:26:30.557  1081  3190 E SemWifiService: getCurrentNetworkScore - invalid score data
07-25 11:26:30.557  1081  3190 E WifiProfileShare.Caster: failed to generate qos array, need to check network score data
07-25 11:26:30.705   799 32327 E audio_hw_proxy_mixer: proxy-proxy_set_mixer_value_int: cannot find ABOX Display Mixer Control
07-25 11:26:36.257   799 32327 E audio_hw_proxy_mixer: proxy-proxy_set_mixer_value_int: cannot find ABOX Display Mixer Control
07-25 11:26:36.646  1081  3190 E SemWifiService: getCurrentNetworkScore - invalid score data
07-25 11:26:36.646  1081  3190 E WifiProfileShare.Caster: failed to generate qos array, need to check network score data
07-25 11:26:36.748  1081  4510 E BatteryStatsService: Invalid uid for waking network packet: -1
07-25 11:26:36.776   799 32327 E audio_hw_proxy_mixer: proxy-proxy_set_mixer_value_int: cannot find ABOX Display Mixer Control
07-25 11:26:38.359  1081  2046 E SmartFaceManager: checkForSmartStay S
07-25 11:26:38.394  1066  8663 E cameraserver: isBiometricsFaceService : face AIDL HAL Pid(814) is not same with callingPid(8914)
07-25 11:26:38.403  1066  8663 E cameraserver: isBiometricsFaceService : face AIDL HAL Pid(814) is not same with callingPid(8914)
07-25 11:26:38.420  1066  8663 E Camera2-FrameProcessorBase: FrameProcessorBase: created
07-25 11:26:38.420  1066  8663 E Camera2-FrameProcessorBase: registerListener: Registering listener for frame id range 0 - 2147483647
07-25 11:26:38.440   829  1784 E Unihal  : BeautyVideoUnit.cpp: BeautyVideoUnit: 36: Failed to Fetch Samsung Camera Value
07-25 11:26:38.506   829 15264 E WNC]ColorFormat: [calculateBufferInfo:962] Invalid pixelFormat(0)
07-25 11:26:38.514  1081  4043 E SensorService: BigData:Pakage) 4 already enabled. 
07-25 11:26:38.514   811   855 E SensorsHub: GyroSensor : Meta event
07-25 11:26:38.553   829  1784 E Unihal  : CameraMetadata.cpp: SetData: 992: Failed to set data. : parameterTag=PARAMETER_SAMSUNG_EXTRA_UNIHAL_PREVIEW_DATASPACE(0xe000007c), tag=0x00000000, tagName=.PARAMETER_SAMSUNG_EXTRA_UNIHAL_PREVIEW_DATASPACE, count=1
07-25 11:26:38.553   829  1784 E Unihal  : CameraMetadata.cpp: SetData: 992: Failed to set data. : parameterTag=PARAMETER_SAMSUNG_EXTRA_UNIHAL_RECORD_DATASPACE(0xe000007d), tag=0x00000000, tagName=.PARAMETER_SAMSUNG_EXTRA_UNIHAL_RECORD_DATASPACE, count=1
07-25 11:26:38.553   829  1784 E Unihal  : CameraMetadata.cpp: SetData: 992: Failed to set data. : parameterTag=PARAMETER_SAMSUNG_EXTRA_UNIHAL_YUV_CAPTURE_DATASPACE(0xe000007e), tag=0x00000000, tagName=.PARAMETER_SAMSUNG_EXTRA_UNIHAL_YUV_CAPTURE_DATASPACE, count=1
07-25 11:26:38.558  1066 15331 E cameraserver: isBiometricsFaceService : face AIDL HAL Pid(814) is not same with callingPid(8914)
07-25 11:26:38.563  1081 15261 E SmartFaceManager: Listener does not implements SmartFaceInfoListener2
07-25 11:26:38.605  1081  2739 E SensorService: BigData:Pakage) 4 already enabled. 
07-25 11:26:38.606   811   855 E SensorsHub: GyroSensor : Meta event
07-25 11:26:38.624   829 15356 E WNC]SensorHWProcessorImpl: [acquire3aaPath:122] [F_0_Preview] reserved 0 is used for specific scednario(pip:1, single:0)
07-25 11:26:38.756   811   855 E SensorsHub: GyroSensor : Meta event
07-25 11:26:38.792   829 15369 E WNC]SensorHWProcessorImpl: [acquire3aaPath:122] [F_0_Preview] reserved 0 is used for specific scednario(pip:1, single:0)
07-25 11:26:39.013   829 15357 E WNC]LmeMcscPreviewHWProcessor: [handleLmePrevImage:206] [F_104_Preview] lmePrevQueue is empty.
07-25 11:26:39.034  8914  8933 E SmartScreen_JNI: processImage start : prev time [ 123970 ]
07-25 11:26:39.114  8914  8933 E SmartScreen_JNI: processImage end : function time [ 123434 ] [-1] 
07-25 11:26:39.115  8914  8933 E SmartScreen_JNI: processImage start : prev time [ 123848 ]
07-25 11:26:39.115  1081 15261 E SmartFaceManager: checkForSmartStay onInfo: 100: 0
07-25 11:26:39.165  8914  8933 E SmartScreen_JNI: processImage end : function time [ 77230 ] [-1] 
07-25 11:26:39.166  8914  8933 E SmartScreen_JNI: processImage start : prev time [ 77722 ]
07-25 11:26:39.166  1081 15261 E SmartFaceManager: checkForSmartStay onInfo: 100: 0
07-25 11:26:39.188  1066  1066 E Camera2-FrameProcessorBase: removeListener: 
07-25 11:26:39.196   829 15334 E WNC]ProcessController: [handleRequestProcessFail:716] [Cam1][(N) camIndex:0 frN:6 HwfrN:16 Id:6 T:3442495457] 
07-25 11:26:39.196   829 15334 E WNC]Scenario: [onRequestProcessFail:981] [Cam1][(N) camIndex:0 frN:6 HwfrN:16 Id:6 T:3442495457] (frameType:1)
07-25 11:26:39.196   829 15334 E WNC]Scenario: [sendBufferError:862] [Cam1][(N) camIndex:0 frN:6 HwfrN:16 Id:6 T:3442495457] streamBuffer is skipped. buf idx(0) state ERROR
07-25 11:26:39.220  8914  8933 E SmartScreen_JNI: processImage end : function time [ 74235 ] [-1] 
07-25 11:26:39.222   829 15368 E WNC]DeviceNode: [dequeueImage:808] [F_0_Preview_FRONT0_SENSOR:/dev/video102:0xb400007abaef0990] failed to dequeueImage. videoNodeFd = 54 buf->id = -1 errno(22-Invalid argument), length:4
07-25 11:26:39.222   829 15368 E WNC]DeviceNode: [dequeueImage:808] [F_0_Preview_FRONT0_SENSOR:/dev/video102:0xb400007abaef0990] failed to dequeueImage. videoNodeFd = 54 buf->id = -1 errno(22-Invalid argument), length:3
07-25 11:26:39.222   829 15368 E WNC]DeviceNode: [dequeueImage:808] [F_0_Preview_FRONT0_SENSOR:/dev/video102:0xb400007abaef0990] failed to dequeueImage. videoNodeFd = 54 buf->id = -1 errno(22-Invalid argument), length:2
07-25 11:26:39.222   829 15368 E WNC]DeviceNode: [dequeueImage:808] [F_0_Preview_FRONT0_SENSOR:/dev/video102:0xb400007abaef0990] failed to dequeueImage. videoNodeFd = 54 buf->id = -1 errno(22-Invalid argument), length:1
07-25 11:26:39.222   829 15334 E WNC]CaptureController: [handleRequestCaptureFail:1350] [Cam1][(N) camIndex:0 frN:7 HwfrN:17 Id:7 T:3442495521] (frameType:1, frameCount:1)
07-25 11:26:39.223   829 15334 E WNC]CaptureController: [handleRequestCaptureFail:1350] [Cam1][(N) camIndex:0 frN:8 HwfrN:18 Id:8 T:3442495521] (frameType:1, frameCount:1)
07-25 11:26:39.223   829 15334 E WNC]CaptureController: [handleRequestCaptureFail:1350] [Cam1][(N) camIndex:0 frN:9 HwfrN:0 Id:9 T:0] (frameType:1, frameCount:1)
07-25 11:26:39.223   829 15334 E WNC]CaptureController: [handleRequestCaptureFail:1350] [Cam1][(N) camIndex:0 frN:10 HwfrN:0 Id:10 T:0] (frameType:1, frameCount:1)
07-25 11:26:39.287  1081  2739 E SensorService: BigData:Pakage) 4 already disabled. 
07-25 11:26:39.291   829 15264 E WNC]RequestManager: [sendBufferError:763] sendBufferError: frN:6 Send Buffer:0 fence(-1, -1)
07-25 11:26:39.292   829 15264 E WNC]RequestManager: [sendBufferError:763] sendBufferError: frN:7 Send Buffer:0 fence(-1, -1)
07-25 11:26:39.292   829 15264 E WNC]RequestManager: [sendBufferError:763] sendBufferError: frN:8 Send Buffer:0 fence(-1, -1)
07-25 11:26:39.292   829 15264 E WNC]RequestManager: [sendBufferError:763] sendBufferError: frN:9 Send Buffer:0 fence(-1, -1)
07-25 11:26:39.292   829 15264 E WNC]RequestManager: [sendBufferError:763] sendBufferError: frN:10 Send Buffer:0 fence(-1, -1)
07-25 11:26:39.292  1066  6433 E CameraDeviceClient: notifyError: pid=8914, errorCode=5, errorStreamId=0, frameNumber=6
07-25 11:26:39.292  1066  6433 E CameraDeviceClient: notifyError: pid=8914, skipClientNotification=false
07-25 11:26:39.292  1066  6433 E Camera3-OutputStream: returnBufferCheckedLocked: A frame is dropped for stream 0 frame 6 , due to buffer error.
07-25 11:26:39.293  1066  8663 E CameraDeviceClient: notifyError: pid=8914, errorCode=3, errorStreamId=0, frameNumber=7
07-25 11:26:39.293  1066  8663 E CameraDeviceClient: notifyError: pid=8914, skipClientNotification=false
07-25 11:26:39.294  1066  8663 E Camera3-OutputStream: returnBufferCheckedLocked: A frame is dropped for stream 0 frame 7 , due to buffer error.
07-25 11:26:39.294  1066  8663 E CameraDeviceClient: notifyError: pid=8914, errorCode=3, errorStreamId=0, frameNumber=8
07-25 11:26:39.294  1066  8663 E CameraDeviceClient: notifyError: pid=8914, skipClientNotification=false
07-25 11:26:39.295  1066  8663 E Camera3-OutputStream: returnBufferCheckedLocked: A frame is dropped for stream 0 frame 8 , due to buffer error.
07-25 11:26:39.295  1066  8663 E CameraDeviceClient: notifyError: pid=8914, errorCode=3, errorStreamId=0, frameNumber=9
07-25 11:26:39.295  1066  8663 E CameraDeviceClient: notifyError: pid=8914, skipClientNotification=false
07-25 11:26:39.296  1066  8663 E Camera3-OutputStream: returnBufferCheckedLocked: A frame is dropped for stream 0 frame 9 , due to buffer error.
07-25 11:26:39.296  1066  8663 E CameraDeviceClient: notifyError: pid=8914, errorCode=3, errorStreamId=0, frameNumber=10
07-25 11:26:39.296  1066  8663 E CameraDeviceClient: notifyError: pid=8914, skipClientNotification=false
07-25 11:26:39.297  1066  8663 E Camera3-OutputStream: returnBufferCheckedLocked: A frame is dropped for stream 0 frame 10 , due to buffer error.
07-25 11:26:39.302   829 15264 E WNC]Scenario: [stop:258] invalid state 1
07-25 11:26:39.307  1081  4230 E SensorService: BigData:Pakage) 4 already disabled. 
07-25 11:26:39.337  1066  1066 E cameraserver: isBiometricsFaceService : face AIDL HAL Pid(814) is not same with callingPid(8914)
07-25 11:26:39.348  1081  2046 E SmartFaceManager: checkForSmartStay X: false
07-25 11:26:39.349   829 15270 E ExynosGDCInterface: [LIB_GDC][stop:139]Can't stop since current state is 1
07-25 11:26:39.389 15372 15409 E m.meesho.supply: No package ID 6a found for resource ID 0x6a0b000f.
07-25 11:26:39.391 15372 15411 E FirebaseCrashlytics: Settings request failed.
07-25 11:26:39.585 15372 15475 E m.meesho.supply: class com.bumptech.glide.load.engine.GlideException: Failed to load resource
07-25 11:26:39.585 15372 15475 E m.meesho.supply: There was 1 root cause:
07-25 11:26:39.585 15372 15475 E m.meesho.supply: java.io.IOException(java.util.concurrent.ExecutionException: m1.mq: Exception in CronetUrlRequest: net::ERR_NAME_NOT_RESOLVED, ErrorCode=1, InternalErrorCode=-105, Retryable=false)
07-25 11:26:39.585 15372 15475 E m.meesho.supply:  call GlideException#logRootCauses(String) for more detail
07-25 11:26:39.585 15372 15475 E m.meesho.supply:   Cause (1 of 1): class com.bumptech.glide.load.engine.GlideException: Fetching data failed, class java.io.InputStream, REMOTE
07-25 11:26:39.585 15372 15475 E m.meesho.supply: There was 1 root cause:
07-25 11:26:39.585 15372 15475 E m.meesho.supply: java.io.IOException(java.util.concurrent.ExecutionException: m1.mq: Exception in CronetUrlRequest: net::ERR_NAME_NOT_RESOLVED, ErrorCode=1, InternalErrorCode=-105, Retryable=false)
07-25 11:26:39.585 15372 15475 E m.meesho.supply:  call GlideException#logRootCauses(String) for more detail
07-25 11:26:39.585 15372 15475 E m.meesho.supply:     Cause (1 of 1): class com.bumptech.glide.load.engine.GlideException: Fetch failed
07-25 11:26:39.585 15372 15475 E m.meesho.supply: There was 1 root cause:
07-25 11:26:39.585 15372 15475 E m.meesho.supply: java.io.IOException(java.util.concurrent.ExecutionException: m1.mq: Exception in CronetUrlRequest: net::ERR_NAME_NOT_RESOLVED, ErrorCode=1, InternalErrorCode=-105, Retryable=false)
07-25 11:26:39.585 15372 15475 E m.meesho.supply:  call GlideException#logRootCauses(String) for more detail
07-25 11:26:39.585 15372 15475 E m.meesho.supply:       Cause (1 of 1): class java.io.IOException: java.util.concurrent.ExecutionException: m1.mq: Exception in CronetUrlRequest: net::ERR_NAME_NOT_RESOLVED, ErrorCode=1, InternalErrorCode=-105, Retryable=false
07-25 11:26:39.585 15372 15474 E m.meesho.supply: class com.bumptech.glide.load.engine.GlideException: Failed to load resource
07-25 11:26:39.585 15372 15474 E m.meesho.supply: There was 1 root cause:
07-25 11:26:39.585 15372 15474 E m.meesho.supply: java.io.IOException(java.util.concurrent.ExecutionException: m1.mq: Exception in CronetUrlRequest: net::ERR_NAME_NOT_RESOLVED, ErrorCode=1, InternalErrorCode=-105, Retryable=false)
07-25 11:26:39.585 15372 15474 E m.meesho.supply:  call GlideException#logRootCauses(String) for more detail
07-25 11:26:39.585 15372 15474 E m.meesho.supply:   Cause (1 of 1): class com.bumptech.glide.load.engine.GlideException: Fetching data failed, class java.io.InputStream, REMOTE
07-25 11:26:39.585 15372 15474 E m.meesho.supply: There was 1 root cause:
07-25 11:26:39.585 15372 15474 E m.meesho.supply: java.io.IOException(java.util.concurrent.ExecutionException: m1.mq: Exception in CronetUrlRequest: net::ERR_NAME_NOT_RESOLVED, ErrorCode=1, InternalErrorCode=-105, Retryable=false)
07-25 11:26:39.585 15372 15474 E m.meesho.supply:  call GlideException#logRootCauses(String) for more detail
07-25 11:26:39.585 15372 15474 E m.meesho.supply:     Cause (1 of 1): class com.bumptech.glide.load.engine.GlideException: Fetch failed
07-25 11:26:39.585 15372 15474 E m.meesho.supply: There was 1 root cause:
07-25 11:26:39.585 15372 15474 E m.meesho.supply: java.io.IOException(java.util.concurrent.ExecutionException: m1.mq: Exception in CronetUrlRequest: net::ERR_NAME_NOT_RESOLVED, ErrorCode=1, InternalErrorCode=-105, Retryable=false)
07-25 11:26:39.585 15372 15474 E m.meesho.supply:  call GlideException#logRootCauses(String) for more detail
07-25 11:26:39.585 15372 15474 E m.meesho.supply:       Cause (1 of 1): class java.io.IOException: java.util.concurrent.ExecutionException: m1.mq: Exception in CronetUrlRequest: net::ERR_NAME_NOT_RESOLVED, ErrorCode=1, InternalErrorCode=-105, Retryable=false
07-25 11:26:39.598 15372 15475 E m.meesho.supply: class com.bumptech.glide.load.engine.GlideException: Failed to load resource
07-25 11:26:39.598 15372 15475 E m.meesho.supply: There was 1 root cause:
07-25 11:26:39.598 15372 15475 E m.meesho.supply: java.io.IOException(java.util.concurrent.ExecutionException: m1.mq: Exception in CronetUrlRequest: net::ERR_NAME_NOT_RESOLVED, ErrorCode=1, InternalErrorCode=-105, Retryable=false)
07-25 11:26:39.598 15372 15475 E m.meesho.supply:  call GlideException#logRootCauses(String) for more detail
07-25 11:26:39.598 15372 15475 E m.meesho.supply:   Cause (1 of 1): class com.bumptech.glide.load.engine.GlideException: Fetching data failed, class java.io.InputStream, REMOTE
07-25 11:26:39.598 15372 15475 E m.meesho.supply: There was 1 root cause:
07-25 11:26:39.598 15372 15475 E m.meesho.supply: java.io.IOException(java.util.concurrent.ExecutionException: m1.mq: Exception in CronetUrlRequest: net::ERR_NAME_NOT_RESOLVED, ErrorCode=1, InternalErrorCode=-105, Retryable=false)
07-25 11:26:39.598 15372 15475 E m.meesho.supply:  call GlideException#logRootCauses(String) for more detail
07-25 11:26:39.598 15372 15475 E m.meesho.supply:     Cause (1 of 1): class com.bumptech.glide.load.engine.GlideException: Fetch failed
07-25 11:26:39.598 15372 15475 E m.meesho.supply: There was 1 root cause:
07-25 11:26:39.598 15372 15475 E m.meesho.supply: java.io.IOException(java.util.concurrent.ExecutionException: m1.mq: Exception in CronetUrlRequest: net::ERR_NAME_NOT_RESOLVED, ErrorCode=1, InternalErrorCode=-105, Retryable=false)
07-25 11:26:39.598 15372 15475 E m.meesho.supply:  call GlideException#logRootCauses(String) for more detail
07-25 11:26:39.598 15372 15475 E m.meesho.supply:       Cause (1 of 1): class java.io.IOException: java.util.concurrent.ExecutionException: m1.mq: Exception in CronetUrlRequest: net::ERR_NAME_NOT_RESOLVED, ErrorCode=1, InternalErrorCode=-105, Retryable=false
07-25 11:26:39.598 15372 15464 E m.meesho.supply: class com.bumptech.glide.load.engine.GlideException: Failed to load resource
07-25 11:26:39.598 15372 15464 E m.meesho.supply: There was 1 root cause:
07-25 11:26:39.598 15372 15464 E m.meesho.supply: java.io.IOException(java.util.concurrent.ExecutionException: m1.mq: Exception in CronetUrlRequest: net::ERR_NAME_NOT_RESOLVED, ErrorCode=1, InternalErrorCode=-105, Retryable=false)
07-25 11:26:39.598 15372 15464 E m.meesho.supply:  call GlideException#logRootCauses(String) for more detail
07-25 11:26:39.598 15372 15464 E m.meesho.supply:   Cause (1 of 1): class com.bumptech.glide.load.engine.GlideException: Fetching data failed, class java.io.InputStream, REMOTE
07-25 11:26:39.598 15372 15464 E m.meesho.supply: There was 1 root cause:
07-25 11:26:39.598 15372 15464 E m.meesho.supply: java.io.IOException(java.util.concurrent.ExecutionException: m1.mq: Exception in CronetUrlRequest: net::ERR_NAME_NOT_RESOLVED, ErrorCode=1, InternalErrorCode=-105, Retryable=false)
07-25 11:26:39.598 15372 15464 E m.meesho.supply:  call GlideException#logRootCauses(String) for more detail
07-25 11:26:39.598 15372 15464 E m.meesho.supply:     Cause (1 of 1): class com.bumptech.glide.load.engine.GlideException: Fetch failed
07-25 11:26:39.598 15372 15464 E m.meesho.supply: There was 1 root cause:
07-25 11:26:39.598 15372 15464 E m.meesho.supply: java.io.IOException(java.util.concurrent.ExecutionException: m1.mq: Exception in CronetUrlRequest: net::ERR_NAME_NOT_RESOLVED, ErrorCode=1, InternalErrorCode=-105, Retryable=false)
07-25 11:26:39.598 15372 15464 E m.meesho.supply:  call GlideException#logRootCauses(String) for more detail
07-25 11:26:39.598 15372 15464 E m.meesho.supply:       Cause (1 of 1): class java.io.IOException: java.util.concurrent.ExecutionException: m1.mq: Exception in CronetUrlRequest: net::ERR_NAME_NOT_RESOLVED, ErrorCode=1, InternalErrorCode=-105, Retryable=false
07-25 11:26:39.607 15372 15475 E m.meesho.supply: class com.bumptech.glide.load.engine.GlideException: Failed to load resource
07-25 11:26:39.607 15372 15475 E m.meesho.supply: There was 1 root cause:
07-25 11:26:39.607 15372 15475 E m.meesho.supply: java.io.IOException(java.util.concurrent.ExecutionException: m1.mq: Exception in CronetUrlRequest: net::ERR_NAME_NOT_RESOLVED, ErrorCode=1, InternalErrorCode=-105, Retryable=false)
07-25 11:26:39.607 15372 15475 E m.meesho.supply:  call GlideException#logRootCauses(String) for more detail
07-25 11:26:39.607 15372 15475 E m.meesho.supply:   Cause (1 of 1): class com.bumptech.glide.load.engine.GlideException: Fetching data failed, class java.io.InputStream, REMOTE
07-25 11:26:39.607 15372 15475 E m.meesho.supply: There was 1 root cause:
07-25 11:26:39.607 15372 15475 E m.meesho.supply: java.io.IOException(java.util.concurrent.ExecutionException: m1.mq: Exception in CronetUrlRequest: net::ERR_NAME_NOT_RESOLVED, ErrorCode=1, InternalErrorCode=-105, Retryable=false)
07-25 11:26:39.607 15372 15475 E m.meesho.supply:  call GlideException#logRootCauses(String) for more detail
07-25 11:26:39.607 15372 15475 E m.meesho.supply:     Cause (1 of 1): class com.bumptech.glide.load.engine.GlideException: Fetch failed
07-25 11:26:39.607 15372 15475 E m.meesho.supply: There was 1 root cause:
07-25 11:26:39.607 15372 15475 E m.meesho.supply: java.io.IOException(java.util.concurrent.ExecutionException: m1.mq: Exception in CronetUrlRequest: net::ERR_NAME_NOT_RESOLVED, ErrorCode=1, InternalErrorCode=-105, Retryable=false)
07-25 11:26:39.607 15372 15475 E m.meesho.supply:  call GlideException#logRootCauses(String) for more detail
07-25 11:26:39.607 15372 15475 E m.meesho.supply:       Cause (1 of 1): class java.io.IOException: java.util.concurrent.ExecutionException: m1.mq: Exception in CronetUrlRequest: net::ERR_NAME_NOT_RESOLVED, ErrorCode=1, InternalErrorCode=-105, Retryable=false
07-25 11:26:39.607 15372 15464 E m.meesho.supply: class com.bumptech.glide.load.engine.GlideException: Failed to load resource
07-25 11:26:39.607 15372 15464 E m.meesho.supply: There was 1 root cause:
07-25 11:26:39.607 15372 15464 E m.meesho.supply: java.io.IOException(java.util.concurrent.ExecutionException: m1.mq: Exception in CronetUrlRequest: net::ERR_NAME_NOT_RESOLVED, ErrorCode=1, InternalErrorCode=-105, Retryable=false)
07-25 11:26:39.607 15372 15464 E m.meesho.supply:  call GlideException#logRootCauses(String) for more detail
07-25 11:26:39.607 15372 15464 E m.meesho.supply:   Cause (1 of 1): class com.bumptech.glide.load.engine.GlideException: Fetching data failed, class java.io.InputStream, REMOTE
07-25 11:26:39.607 15372 15464 E m.meesho.supply: There was 1 root cause:
07-25 11:26:39.607 15372 15464 E m.meesho.supply: java.io.IOException(java.util.concurrent.ExecutionException: m1.mq: Exception in CronetUrlRequest: net::ERR_NAME_NOT_RESOLVED, ErrorCode=1, InternalErrorCode=-105, Retryable=false)
07-25 11:26:39.607 15372 15464 E m.meesho.supply:  call GlideException#logRootCauses(String) for more detail
07-25 11:26:39.607 15372 15464 E m.meesho.supply:     Cause (1 of 1): class com.bumptech.glide.load.engine.GlideException: Fetch failed
07-25 11:26:39.607 15372 15464 E m.meesho.supply: There was 1 root cause:
07-25 11:26:39.607 15372 15464 E m.meesho.supply: java.io.IOException(java.util.concurrent.ExecutionException: m1.mq: Exception in CronetUrlRequest: net::ERR_NAME_NOT_RESOLVED, ErrorCode=1, InternalErrorCode=-105, Retryable=false)
07-25 11:26:39.607 15372 15464 E m.meesho.supply:  call GlideException#logRootCauses(String) for more detail
07-25 11:26:39.607 15372 15464 E m.meesho.supply:       Cause (1 of 1): class java.io.IOException: java.util.concurrent.ExecutionException: m1.mq: Exception in CronetUrlRequest: net::ERR_NAME_NOT_RESOLVED, ErrorCode=1, InternalErrorCode=-105, Retryable=false
07-25 11:26:39.616 15372 15464 E m.meesho.supply: class com.bumptech.glide.load.engine.GlideException: Failed to load resource
07-25 11:26:39.616 15372 15464 E m.meesho.supply: There was 1 root cause:
07-25 11:26:39.616 15372 15464 E m.meesho.supply: java.io.IOException(java.util.concurrent.ExecutionException: m1.mq: Exception in CronetUrlRequest: net::ERR_NAME_NOT_RESOLVED, ErrorCode=1, InternalErrorCode=-105, Retryable=false)
07-25 11:26:39.616 15372 15464 E m.meesho.supply:  call GlideException#logRootCauses(String) for more detail
07-25 11:26:39.616 15372 15464 E m.meesho.supply:   Cause (1 of 1): class com.bumptech.glide.load.engine.GlideException: Fetching data failed, class java.io.InputStream, REMOTE
07-25 11:26:39.616 15372 15464 E m.meesho.supply: There was 1 root cause:
07-25 11:26:39.616 15372 15464 E m.meesho.supply: java.io.IOException(java.util.concurrent.ExecutionException: m1.mq: Exception in CronetUrlRequest: net::ERR_NAME_NOT_RESOLVED, ErrorCode=1, InternalErrorCode=-105, Retryable=false)
07-25 11:26:39.616 15372 15464 E m.meesho.supply:  call GlideException#logRootCauses(String) for more detail
07-25 11:26:39.616 15372 15464 E m.meesho.supply:     Cause (1 of 1): class com.bumptech.glide.load.engine.GlideException: Fetch failed
07-25 11:26:39.616 15372 15464 E m.meesho.supply: There was 1 root cause:
07-25 11:26:39.616 15372 15464 E m.meesho.supply: java.io.IOException(java.util.concurrent.ExecutionException: m1.mq: Exception in CronetUrlRequest: net::ERR_NAME_NOT_RESOLVED, ErrorCode=1, InternalErrorCode=-105, Retryable=false)
07-25 11:26:39.616 15372 15464 E m.meesho.supply:  call GlideException#logRootCauses(String) for more detail
07-25 11:26:39.616 15372 15464 E m.meesho.supply:       Cause (1 of 1): class java.io.IOException: java.util.concurrent.ExecutionException: m1.mq: Exception in CronetUrlRequest: net::ERR_NAME_NOT_RESOLVED, ErrorCode=1, InternalErrorCode=-105, Retryable=false
07-25 11:26:39.616 15372 15475 E m.meesho.supply: class com.bumptech.glide.load.engine.GlideException: Failed to load resource
07-25 11:26:39.616 15372 15475 E m.meesho.supply: There was 1 root cause:
07-25 11:26:39.616 15372 15475 E m.meesho.supply: java.io.IOException(java.util.concurrent.ExecutionException: m1.mq: Exception in CronetUrlRequest: net::ERR_NAME_NOT_RESOLVED, ErrorCode=1, InternalErrorCode=-105, Retryable=false)
07-25 11:26:39.616 15372 15475 E m.meesho.supply:  call GlideException#logRootCauses(String) for more detail
07-25 11:26:39.616 15372 15475 E m.meesho.supply:   Cause (1 of 1): class com.bumptech.glide.load.engine.GlideException: Fetching data failed, class java.io.InputStream, REMOTE
07-25 11:26:39.616 15372 15475 E m.meesho.supply: There was 1 root cause:
07-25 11:26:39.616 15372 15475 E m.meesho.supply: java.io.IOException(java.util.concurrent.ExecutionException: m1.mq: Exception in CronetUrlRequest: net::ERR_NAME_NOT_RESOLVED, ErrorCode=1, InternalErrorCode=-105, Retryable=false)
07-25 11:26:39.616 15372 15475 E m.meesho.supply:  call GlideException#logRootCauses(String) for more detail
07-25 11:26:39.616 15372 15475 E m.meesho.supply:     Cause (1 of 1): class com.bumptech.glide.load.engine.GlideException: Fetch failed
07-25 11:26:39.616 15372 15475 E m.meesho.supply: There was 1 root cause:
07-25 11:26:39.616 15372 15475 E m.meesho.supply: java.io.IOException(java.util.concurrent.ExecutionException: m1.mq: Exception in CronetUrlRequest: net::ERR_NAME_NOT_RESOLVED, ErrorCode=1, InternalErrorCode=-105, Retryable=false)
07-25 11:26:39.616 15372 15475 E m.meesho.supply:  call GlideException#logRootCauses(String) for more detail
07-25 11:26:39.616 15372 15475 E m.meesho.supply:       Cause (1 of 1): class java.io.IOException: java.util.concurrent.ExecutionException: m1.mq: Exception in CronetUrlRequest: net::ERR_NAME_NOT_RESOLVED, ErrorCode=1, InternalErrorCode=-105, Retryable=false
07-25 11:26:39.618 15372 15456 E m.meesho.supply: java.lang.IllegalArgumentException: Valid bitmap couldn't be fetched after 3 retries.
07-25 11:26:39.618 15372 15456 E m.meesho.supply: 	at E5.c.c(SourceFile:147)
07-25 11:26:39.618 15372 15456 E m.meesho.supply: 	at kj.E.a(SourceFile:24)
07-25 11:26:39.618 15372 15456 E m.meesho.supply: 	at kj.D.b(SourceFile:28)
07-25 11:26:39.618 15372 15456 E m.meesho.supply: 	at kj.k.a(SourceFile:10)
07-25 11:26:39.618 15372 15456 E m.meesho.supply: 	at com.meesho.pushnotify.pullnotifications.br.PNAlarmReceiver.b(SourceFile:46)
07-25 11:26:39.618 15372 15456 E m.meesho.supply: 	at Af.y.invoke(SourceFile:787)
07-25 11:26:39.618 15372 15456 E m.meesho.supply: 	at lj.f.d(SourceFile:40)
07-25 11:26:39.618 15372 15456 E m.meesho.supply: 	at Kp.e.onSuccess(SourceFile:10)
07-25 11:26:39.618 15372 15456 E m.meesho.supply: 	at Kp.k.onSuccess(SourceFile:8)
07-25 11:26:39.618 15372 15456 E m.meesho.supply: 	at A2.e.onSuccess(SourceFile:31)
07-25 11:26:39.618 15372 15456 E m.meesho.supply: 	at Qp.j.onSuccess(SourceFile:8)
07-25 11:26:39.618 15372 15456 E m.meesho.supply: 	at A2.e.onSuccess(SourceFile:31)
07-25 11:26:39.618 15372 15456 E m.meesho.supply: 	at Qp.i.l(SourceFile:53)
07-25 11:26:39.618 15372 15456 E m.meesho.supply: 	at Bp.w.k(SourceFile:6)
07-25 11:26:39.618 15372 15456 E m.meesho.supply: 	at Qp.k.l(SourceFile:31)
07-25 11:26:39.618 15372 15456 E m.meesho.supply: 	at Bp.w.k(SourceFile:6)
07-25 11:26:39.618 15372 15456 E m.meesho.supply: 	at Qp.k.l(SourceFile:16)
07-25 11:26:39.618 15372 15456 E m.meesho.supply: 	at Bp.w.k(SourceFile:6)
07-25 11:26:39.618 15372 15456 E m.meesho.supply: 	at Qp.k.l(SourceFile:31)
07-25 11:26:39.618 15372 15456 E m.meesho.supply: 	at Bp.w.k(SourceFile:6)
07-25 11:26:39.618 15372 15456 E m.meesho.supply: 	at Qp.j.onSuccess(SourceFile:39)
07-25 11:26:39.618 15372 15456 E m.meesho.supply: 	at Qp.c.d(SourceFile:34)
07-25 11:26:39.618 15372 15456 E m.meesho.supply: 	at V5.a.l(SourceFile:9)
07-25 11:26:39.618 15372 15456 E m.meesho.supply: 	at Qp.d.l(SourceFile:45)
07-25 11:26:39.618 15372 15456 E m.meesho.supply: 	at Bp.w.k(SourceFile:6)
07-25 11:26:39.618 15372 15456 E m.meesho.supply: 	at Qp.k.l(SourceFile:45)
07-25 11:26:39.618 15372 15456 E m.meesho.supply: 	at Bp.w.k(SourceFile:6)
07-25 11:26:39.618 15372 15456 E m.meesho.supply: 	at Bp.w.j(SourceFile:12)
07-25 11:26:39.618 15372 15456 E m.meesho.supply: 	at D6.e.call(SourceFile:204)
07-25 11:26:39.618 15372 15456 E m.meesho.supply: 	at Qp.i.l(SourceFile:38)
07-25 11:26:39.618 15372 15456 E m.meesho.supply: 	at Bp.w.k(SourceFile:6)
07-25 11:26:39.618 15372 15456 E m.meesho.supply: 	at Lp.s.run(SourceFile:10)
07-25 11:26:39.618 15372 15456 E m.meesho.supply: 	at Bp.r.run(SourceFile:10)
07-25 11:26:39.618 15372 15456 E m.meesho.supply: 	at Sp.w.run(SourceFile:22)
07-25 11:26:39.618 15372 15456 E m.meesho.supply: 	at Sp.w.call(SourceFile:1)
07-25 11:26:39.618 15372 15456 E m.meesho.supply: 	at java.util.concurrent.FutureTask.run(FutureTask.java:264)
07-25 11:26:39.618 15372 15456 E m.meesho.supply: 	at java.util.concurrent.ScheduledThreadPoolExecutor$ScheduledFutureTask.run(ScheduledThreadPoolExecutor.java:307)
07-25 11:26:39.618 15372 15456 E m.meesho.supply: 	at java.util.concurrent.ThreadPoolExecutor.runWorker(ThreadPoolExecutor.java:1145)
07-25 11:26:39.618 15372 15456 E m.meesho.supply: 	at java.util.concurrent.ThreadPoolExecutor$Worker.run(ThreadPoolExecutor.java:644)
07-25 11:26:39.618 15372 15456 E m.meesho.supply: 	at java.lang.Thread.run(Thread.java:1012)
07-25 11:26:39.623 15372 15455 E m.meesho.supply: java.lang.IllegalArgumentException: Valid bitmap couldn't be fetched after 3 retries.
07-25 11:26:39.623 15372 15455 E m.meesho.supply: 	at E5.c.c(SourceFile:147)
07-25 11:26:39.623 15372 15455 E m.meesho.supply: 	at kj.E.a(SourceFile:24)
07-25 11:26:39.623 15372 15455 E m.meesho.supply: 	at kj.D.b(SourceFile:28)
07-25 11:26:39.623 15372 15455 E m.meesho.supply: 	at kj.k.a(SourceFile:10)
07-25 11:26:39.623 15372 15455 E m.meesho.supply: 	at com.meesho.pushnotify.pullnotifications.br.PNAlarmReceiver.b(SourceFile:46)
07-25 11:26:39.623 15372 15455 E m.meesho.supply: 	at Af.y.invoke(SourceFile:787)
07-25 11:26:39.623 15372 15455 E m.meesho.supply: 	at lj.f.d(SourceFile:40)
07-25 11:26:39.623 15372 15455 E m.meesho.supply: 	at Kp.e.onSuccess(SourceFile:10)
07-25 11:26:39.623 15372 15455 E m.meesho.supply: 	at Kp.k.onSuccess(SourceFile:8)
07-25 11:26:39.623 15372 15455 E m.meesho.supply: 	at A2.e.onSuccess(SourceFile:31)
07-25 11:26:39.623 15372 15455 E m.meesho.supply: 	at Qp.j.onSuccess(SourceFile:8)
07-25 11:26:39.623 15372 15455 E m.meesho.supply: 	at A2.e.onSuccess(SourceFile:31)
07-25 11:26:39.623 15372 15455 E m.meesho.supply: 	at Qp.i.l(SourceFile:53)
07-25 11:26:39.623 15372 15455 E m.meesho.supply: 	at Bp.w.k(SourceFile:6)
07-25 11:26:39.623 15372 15455 E m.meesho.supply: 	at Qp.k.l(SourceFile:31)
07-25 11:26:39.623 15372 15455 E m.meesho.supply: 	at Bp.w.k(SourceFile:6)
07-25 11:26:39.623 15372 15455 E m.meesho.supply: 	at Qp.k.l(SourceFile:16)
07-25 11:26:39.623 15372 15455 E m.meesho.supply: 	at Bp.w.k(SourceFile:6)
07-25 11:26:39.623 15372 15455 E m.meesho.supply: 	at Qp.k.l(SourceFile:31)
07-25 11:26:39.623 15372 15455 E m.meesho.supply: 	at Bp.w.k(SourceFile:6)
07-25 11:26:39.623 15372 15455 E m.meesho.supply: 	at Qp.j.onSuccess(SourceFile:39)
07-25 11:26:39.623 15372 15455 E m.meesho.supply: 	at Qp.c.d(SourceFile:34)
07-25 11:26:39.623 15372 15455 E m.meesho.supply: 	at V5.a.l(SourceFile:9)
07-25 11:26:39.623 15372 15455 E m.meesho.supply: 	at Qp.d.l(SourceFile:45)
07-25 11:26:39.623 15372 15455 E m.meesho.supply: 	at Bp.w.k(SourceFile:6)
07-25 11:26:39.623 15372 15455 E m.meesho.supply: 	at Qp.k.l(SourceFile:45)
07-25 11:26:39.623 15372 15455 E m.meesho.supply: 	at Bp.w.k(SourceFile:6)
07-25 11:26:39.623 15372 15455 E m.meesho.supply: 	at Bp.w.j(SourceFile:12)
07-25 11:26:39.623 15372 15455 E m.meesho.supply: 	at D6.e.call(SourceFile:204)
07-25 11:26:39.623 15372 15455 E m.meesho.supply: 	at Qp.i.l(SourceFile:38)
07-25 11:26:39.623 15372 15455 E m.meesho.supply: 	at Bp.w.k(SourceFile:6)
07-25 11:26:39.623 15372 15455 E m.meesho.supply: 	at Lp.s.run(SourceFile:10)
07-25 11:26:39.623 15372 15455 E m.meesho.supply: 	at Bp.r.run(SourceFile:10)
07-25 11:26:39.623 15372 15455 E m.meesho.supply: 	at Sp.w.run(SourceFile:22)
07-25 11:26:39.623 15372 15455 E m.meesho.supply: 	at Sp.w.call(SourceFile:1)
07-25 11:26:39.623 15372 15455 E m.meesho.supply: 	at java.util.concurrent.FutureTask.run(FutureTask.java:264)
07-25 11:26:39.623 15372 15455 E m.meesho.supply: 	at java.util.concurrent.ScheduledThreadPoolExecutor$ScheduledFutureTask.run(ScheduledThreadPoolExecutor.java:307)
07-25 11:26:39.623 15372 15455 E m.meesho.supply: 	at java.util.concurrent.ThreadPoolExecutor.runWorker(ThreadPoolExecutor.java:1145)
07-25 11:26:39.623 15372 15455 E m.meesho.supply: 	at java.util.concurrent.ThreadPoolExecutor$Worker.run(ThreadPoolExecutor.java:644)
07-25 11:26:39.623 15372 15455 E m.meesho.supply: 	at java.lang.Thread.run(Thread.java:1012)
07-25 11:26:39.632  1081  3190 E SemWifiService: getCurrentNetworkScore - invalid score data
07-25 11:26:39.632  1081  3190 E WifiProfileShare.Caster: failed to generate qos array, need to check network score data
07-25 11:26:39.640  1081  4510 E NotificationService: isPkgBlocked = true
07-25 11:26:39.640  1081  4510 E NotificationService: isRecordBlocked = false
07-25 11:26:39.640  1081  4510 E NotificationService: Suppressing notification from package com.meesho.supply by user request.
07-25 11:26:39.640  1081  4162 E NotificationService: isPkgBlocked = true
07-25 11:26:39.640  1081  4162 E NotificationService: isRecordBlocked = false
07-25 11:26:39.640  1081  4162 E NotificationService: Suppressing notification from package com.meesho.supply by user request.
07-25 11:26:40.751   838   849 E BatteryDump: !@new_battery_dump : 4205,242,1100,4189,76,309,314,345,309,0,315,334,0,Charging,NO_CHARGING,Normal,Good,USB,1,Normal,0,0,8338,0x8000,0x10010000,0x0,0,0,0000,0000,00000000,0,0,0,0,192,4159,7582,990,0,
07-25 11:26:42.679  1081  3190 E SemWifiService: getCurrentNetworkScore - invalid score data
07-25 11:26:42.679  1081  3190 E WifiProfileShare.Caster: failed to generate qos array, need to check network score data
07-25 11:26:45.730  1081  3190 E SemWifiService: getCurrentNetworkScore - invalid score data
07-25 11:26:45.730  1081  3190 E WifiProfileShare.Caster: failed to generate qos array, need to check network score data
07-25 11:26:46.198   799 32327 E audio_hw_proxy_mixer: proxy-proxy_set_mixer_value_int: cannot find ABOX Display Mixer Control
07-25 11:26:46.596  1081  1255 E Watchdog: !@Sync: 50551 heap(MB): 174 / 205 FD: 1397 [2025-07-25 11:26:46.595]
07-25 11:26:48.921   799 32327 E audio_hw_proxy_mixer: proxy-proxy_set_mixer_value_int: cannot find ABOX Display Mixer Control
07-25 11:26:51.039   838   849 E BatteryDump: !@new_battery_dump : 4205,1081,1100,4189,76,309,314,345,309,0,315,336,0,Charging,NO_CHARGING,Normal,Good,USB,1,Normal,0,0,8338,0x8000,0x10010000,0x0,0,0,0000,0000,00000000,0,0,0,0,192,4160,7587,990,0,
07-25 11:26:51.275   799 32327 E audio_hw_proxy_mixer: proxy-proxy_set_mixer_value_int: cannot find ABOX Display Mixer Control
07-25 11:26:54.887  1081  3190 E SemWifiService: getCurrentNetworkScore - invalid score data
07-25 11:26:54.887  1081  3190 E WifiProfileShare.Caster: failed to generate qos array, need to check network score data
07-25 11:26:54.987  1081  4510 E BatteryStatsService: Invalid uid for waking network packet: -1
07-25 11:26:57.551  6591  6600 E CSSVC_Socket: [CSSVC	][ConnSvc_Service_OnReadMessageHeader:3168	] socket closed : socket 0xb400006dc7de52d0, errno : 2
07-25 11:26:59.180  1081  4747 E BatteryStatsService: Invalid uid for waking network packet: -1
07-25 11:27:00.123   799  1691 E audio_hw_proxy_mixer: proxy-proxy_set_mixer_value_int: cannot find ABOX Display Mixer Control
07-25 11:27:00.328  1081  3190 E SemWifiService: getCurrentNetworkScore - invalid score data
07-25 11:27:00.328  1081  3190 E WifiProfileShare.Caster: failed to generate qos array, need to check network score data
07-25 11:27:01.004  1081  3190 E SemWifiService: getCurrentNetworkScore - invalid score data
07-25 11:27:01.004  1081  3190 E WifiProfileShare.Caster: failed to generate qos array, need to check network score data
07-25 11:27:01.045  2886 14911 E AppIconSolution: Couldn't get theme package resources, package is null
