07-25 11:15:05.912  1081  1881 E IPCThreadState: Binder transaction failure. id: 1118740686, BR_*: 29189, error: -3 (No such process)
07-25 11:15:05.912  1081  1881 E ConnectivityService: RemoteException caught trying to send a callback msg for NetworkRequest [ LISTEN id=167652, [ Capabilities: INTERNET&NOT_RESTRICTED&TRUSTED&NOT_VPN&FOREGROUND&NOT_VCN_MANAGED&NOT_BANDWIDTH_CONSTRAINED Uid: 10324 RequestorUid: 10324 RequestorPkg: com.spotify.music UnderlyingNetworks: Null] ]
07-25 11:15:05.912  1081  1881 E IPCThreadState: Binder transaction failure. id: 1118740687, BR_*: 29189, error: -3 (No such process)
07-25 11:15:05.912  1081  1881 E ConnectivityService: RemoteException caught trying to send a callback msg for NetworkRequest [ LISTEN id=167660, [ Transports: WIFI Capabilities: NOT_RESTRICTED&TRUSTED&NOT_VPN&FOREGROUND&NOT_VCN_MANAGED&NOT_BANDWIDTH_CONSTRAINED Uid: 10324 RequestorUid: 10324 RequestorPkg: com.spotify.music UnderlyingNetworks: Null] ]
07-25 11:15:05.987  1081  1719 E SensorService: BigData:Pakage) 1 already disabled. 
07-25 11:15:06.328   852   852 E SecVibrator-HAL-AIDL-EXT: V_5_0: performPrebakedHapticPattern 52 : 4000 : 0
07-25 11:15:06.329   852   852 E SecVibrator-HAL-AIDL-CORE: HW_API: [setForceFeedbackAmplitude]amplitude: 4000
07-25 11:15:06.349   852   852 E SecVibrator-HAL-AIDL-CORE: HW_API: [uploadForceFeedbackeffect]ioctl success ,uploaded effect with ID: 0
07-25 11:15:06.349   852   852 E SecVibrator-HAL-AIDL-CORE: HW_API: do_on for timeoutMs: 1000
07-25 11:15:06.349   852   852 E SecVibrator-HAL-AIDL-CORE: HW_API: [triggerForceFeedbackVibration]on: 1
07-25 11:15:06.457   852   852 E SecVibrator-HAL-AIDL-CORE: V_2_0: Vibrator off
07-25 11:15:06.457   852   852 E SecVibrator-HAL-AIDL-CORE: HW_API: do_off
07-25 11:15:06.457   852   852 E SecVibrator-HAL-AIDL-CORE: HW_API: [triggerForceFeedbackVibration]on: 0
07-25 11:15:06.741   852   852 E SecVibrator-HAL-AIDL-EXT: V_5_0: performPrebakedHapticPattern 41 : 4000 : 0
07-25 11:15:06.741   852   852 E SecVibrator-HAL-AIDL-CORE: HW_API: [setForceFeedbackAmplitude]amplitude: 4000
07-25 11:15:06.745   852   852 E SecVibrator-HAL-AIDL-CORE: HW_API: [uploadForceFeedbackeffect]ioctl success ,uploaded effect with ID: 0
07-25 11:15:06.746   852   852 E SecVibrator-HAL-AIDL-CORE: HW_API: do_on for timeoutMs: 1000
07-25 11:15:06.746   852   852 E SecVibrator-HAL-AIDL-CORE: HW_API: [triggerForceFeedbackVibration]on: 1
07-25 11:15:06.785   852   852 E SecVibrator-HAL-AIDL-CORE: V_2_0: Vibrator off
07-25 11:15:06.785   852   852 E SecVibrator-HAL-AIDL-CORE: HW_API: do_off
07-25 11:15:06.785   852   852 E SecVibrator-HAL-AIDL-CORE: HW_API: [triggerForceFeedbackVibration]on: 0
07-25 11:15:06.787   852   852 E SecVibrator-HAL-AIDL-EXT: V_5_0: performPrebakedHapticPattern 41 : 4000 : 0
07-25 11:15:06.787   852   852 E SecVibrator-HAL-AIDL-CORE: HW_API: [setForceFeedbackAmplitude]amplitude: 4000
07-25 11:15:06.789   852   852 E SecVibrator-HAL-AIDL-CORE: HW_API: [uploadForceFeedbackeffect]ioctl success ,uploaded effect with ID: 0
07-25 11:15:06.789   852   852 E SecVibrator-HAL-AIDL-CORE: HW_API: do_on for timeoutMs: 1000
07-25 11:15:06.789   852   852 E SecVibrator-HAL-AIDL-CORE: HW_API: [triggerForceFeedbackVibration]on: 1
07-25 11:15:06.841   852   852 E SecVibrator-HAL-AIDL-CORE: V_2_0: Vibrator off
07-25 11:15:06.841   852   852 E SecVibrator-HAL-AIDL-CORE: HW_API: do_off
07-25 11:15:06.841   852   852 E SecVibrator-HAL-AIDL-CORE: HW_API: [triggerForceFeedbackVibration]on: 0
07-25 11:15:06.845   852   852 E SecVibrator-HAL-AIDL-EXT: V_5_0: performPrebakedHapticPattern 41 : 4000 : 0
07-25 11:15:06.846   852   852 E SecVibrator-HAL-AIDL-CORE: HW_API: [setForceFeedbackAmplitude]amplitude: 4000
07-25 11:15:06.852   852   852 E SecVibrator-HAL-AIDL-CORE: HW_API: [uploadForceFeedbackeffect]ioctl success ,uploaded effect with ID: 0
07-25 11:15:06.852   852   852 E SecVibrator-HAL-AIDL-CORE: HW_API: do_on for timeoutMs: 1000
07-25 11:15:06.852   852   852 E SecVibrator-HAL-AIDL-CORE: HW_API: [triggerForceFeedbackVibration]on: 1
07-25 11:15:06.891   852   852 E SecVibrator-HAL-AIDL-CORE: V_2_0: Vibrator off
07-25 11:15:06.891   852   852 E SecVibrator-HAL-AIDL-CORE: HW_API: do_off
07-25 11:15:06.891   852   852 E SecVibrator-HAL-AIDL-CORE: HW_API: [triggerForceFeedbackVibration]on: 0
07-25 11:15:06.895   852   852 E SecVibrator-HAL-AIDL-EXT: V_5_0: performPrebakedHapticPattern 41 : 4000 : 0
07-25 11:15:06.896   852   852 E SecVibrator-HAL-AIDL-CORE: HW_API: [setForceFeedbackAmplitude]amplitude: 4000
07-25 11:15:06.903   852   852 E SecVibrator-HAL-AIDL-CORE: HW_API: [uploadForceFeedbackeffect]ioctl success ,uploaded effect with ID: 0
07-25 11:15:06.903   852   852 E SecVibrator-HAL-AIDL-CORE: HW_API: do_on for timeoutMs: 1000
07-25 11:15:06.904   852   852 E SecVibrator-HAL-AIDL-CORE: HW_API: [triggerForceFeedbackVibration]on: 1
07-25 11:15:06.947   852   852 E SecVibrator-HAL-AIDL-CORE: V_2_0: Vibrator off
07-25 11:15:06.947   852   852 E SecVibrator-HAL-AIDL-CORE: HW_API: do_off
07-25 11:15:06.947   852   852 E SecVibrator-HAL-AIDL-CORE: HW_API: [triggerForceFeedbackVibration]on: 0
07-25 11:15:06.952   852   852 E SecVibrator-HAL-AIDL-EXT: V_5_0: performPrebakedHapticPattern 41 : 4000 : 0
07-25 11:15:06.952   852   852 E SecVibrator-HAL-AIDL-CORE: HW_API: [setForceFeedbackAmplitude]amplitude: 4000
07-25 11:15:06.957   852   852 E SecVibrator-HAL-AIDL-CORE: HW_API: [uploadForceFeedbackeffect]ioctl success ,uploaded effect with ID: 0
07-25 11:15:06.957   852   852 E SecVibrator-HAL-AIDL-CORE: HW_API: do_on for timeoutMs: 1000
07-25 11:15:06.957   852   852 E SecVibrator-HAL-AIDL-CORE: HW_API: [triggerForceFeedbackVibration]on: 1
07-25 11:15:07.005   852   852 E SecVibrator-HAL-AIDL-CORE: V_2_0: Vibrator off
07-25 11:15:07.005   852   852 E SecVibrator-HAL-AIDL-CORE: HW_API: do_off
07-25 11:15:07.005   852   852 E SecVibrator-HAL-AIDL-CORE: HW_API: [triggerForceFeedbackVibration]on: 0
07-25 11:15:07.011   852   852 E SecVibrator-HAL-AIDL-EXT: V_5_0: performPrebakedHapticPattern 41 : 4000 : 0
07-25 11:15:07.011   852   852 E SecVibrator-HAL-AIDL-CORE: HW_API: [setForceFeedbackAmplitude]amplitude: 4000
07-25 11:15:07.014   852   852 E SecVibrator-HAL-AIDL-CORE: HW_API: [uploadForceFeedbackeffect]ioctl success ,uploaded effect with ID: 0
07-25 11:15:07.014   852   852 E SecVibrator-HAL-AIDL-CORE: HW_API: do_on for timeoutMs: 1000
07-25 11:15:07.014   852   852 E SecVibrator-HAL-AIDL-CORE: HW_API: [triggerForceFeedbackVibration]on: 1
07-25 11:15:07.058   852   852 E SecVibrator-HAL-AIDL-CORE: V_2_0: Vibrator off
07-25 11:15:07.058   852   852 E SecVibrator-HAL-AIDL-CORE: HW_API: do_off
07-25 11:15:07.058   852   852 E SecVibrator-HAL-AIDL-CORE: HW_API: [triggerForceFeedbackVibration]on: 0
07-25 11:15:07.061   852   852 E SecVibrator-HAL-AIDL-EXT: V_5_0: performPrebakedHapticPattern 41 : 4000 : 0
07-25 11:15:07.062   852   852 E SecVibrator-HAL-AIDL-CORE: HW_API: [setForceFeedbackAmplitude]amplitude: 4000
07-25 11:15:07.067   852   852 E SecVibrator-HAL-AIDL-CORE: HW_API: [uploadForceFeedbackeffect]ioctl success ,uploaded effect with ID: 0
07-25 11:15:07.067   852   852 E SecVibrator-HAL-AIDL-CORE: HW_API: do_on for timeoutMs: 1000
07-25 11:15:07.067   852   852 E SecVibrator-HAL-AIDL-CORE: HW_API: [triggerForceFeedbackVibration]on: 1
07-25 11:15:07.112   852   852 E SecVibrator-HAL-AIDL-CORE: V_2_0: Vibrator off
07-25 11:15:07.112   852   852 E SecVibrator-HAL-AIDL-CORE: HW_API: do_off
07-25 11:15:07.112   852   852 E SecVibrator-HAL-AIDL-CORE: HW_API: [triggerForceFeedbackVibration]on: 0
07-25 11:15:07.120   852   852 E SecVibrator-HAL-AIDL-EXT: V_5_0: performPrebakedHapticPattern 41 : 4000 : 0
07-25 11:15:07.120   852   852 E SecVibrator-HAL-AIDL-CORE: HW_API: [setForceFeedbackAmplitude]amplitude: 4000
07-25 11:15:07.123   852   852 E SecVibrator-HAL-AIDL-CORE: HW_API: [uploadForceFeedbackeffect]ioctl success ,uploaded effect with ID: 0
07-25 11:15:07.123   852   852 E SecVibrator-HAL-AIDL-CORE: HW_API: do_on for timeoutMs: 1000
07-25 11:15:07.123   852   852 E SecVibrator-HAL-AIDL-CORE: HW_API: [triggerForceFeedbackVibration]on: 1
07-25 11:15:07.164   852   852 E SecVibrator-HAL-AIDL-CORE: V_2_0: Vibrator off
07-25 11:15:07.164   852   852 E SecVibrator-HAL-AIDL-CORE: HW_API: do_off
07-25 11:15:07.164   852   852 E SecVibrator-HAL-AIDL-CORE: HW_API: [triggerForceFeedbackVibration]on: 0
07-25 11:15:07.169   852   852 E SecVibrator-HAL-AIDL-EXT: V_5_0: performPrebakedHapticPattern 41 : 4000 : 0
07-25 11:15:07.169   852   852 E SecVibrator-HAL-AIDL-CORE: HW_API: [setForceFeedbackAmplitude]amplitude: 4000
07-25 11:15:07.174   852   852 E SecVibrator-HAL-AIDL-CORE: HW_API: [uploadForceFeedbackeffect]ioctl success ,uploaded effect with ID: 0
07-25 11:15:07.174   852   852 E SecVibrator-HAL-AIDL-CORE: HW_API: do_on for timeoutMs: 1000
07-25 11:15:07.175   852   852 E SecVibrator-HAL-AIDL-CORE: HW_API: [triggerForceFeedbackVibration]on: 1
07-25 11:15:07.222   852   852 E SecVibrator-HAL-AIDL-CORE: V_2_0: Vibrator off
07-25 11:15:07.222   852   852 E SecVibrator-HAL-AIDL-CORE: HW_API: do_off
07-25 11:15:07.222   852   852 E SecVibrator-HAL-AIDL-CORE: HW_API: [triggerForceFeedbackVibration]on: 0
07-25 11:15:07.229   852   852 E SecVibrator-HAL-AIDL-EXT: V_5_0: performPrebakedHapticPattern 41 : 4000 : 0
07-25 11:15:07.229   852   852 E SecVibrator-HAL-AIDL-CORE: HW_API: [setForceFeedbackAmplitude]amplitude: 4000
07-25 11:15:07.238   852   852 E SecVibrator-HAL-AIDL-CORE: HW_API: [uploadForceFeedbackeffect]ioctl success ,uploaded effect with ID: 0
07-25 11:15:07.238   852   852 E SecVibrator-HAL-AIDL-CORE: HW_API: do_on for timeoutMs: 1000
07-25 11:15:07.238   852   852 E SecVibrator-HAL-AIDL-CORE: HW_API: [triggerForceFeedbackVibration]on: 1
07-25 11:15:07.322   852   852 E SecVibrator-HAL-AIDL-CORE: V_2_0: Vibrator off
07-25 11:15:07.322   852   852 E SecVibrator-HAL-AIDL-CORE: HW_API: do_off
07-25 11:15:07.322   852   852 E SecVibrator-HAL-AIDL-CORE: HW_API: [triggerForceFeedbackVibration]on: 0
07-25 11:15:07.323   852   852 E SecVibrator-HAL-AIDL-EXT: V_5_0: performPrebakedHapticPattern 41 : 4000 : 0
07-25 11:15:07.323   852   852 E SecVibrator-HAL-AIDL-CORE: HW_API: [setForceFeedbackAmplitude]amplitude: 4000
07-25 11:15:07.328   852   852 E SecVibrator-HAL-AIDL-CORE: HW_API: [uploadForceFeedbackeffect]ioctl success ,uploaded effect with ID: 0
07-25 11:15:07.328   852   852 E SecVibrator-HAL-AIDL-CORE: HW_API: do_on for timeoutMs: 1000
07-25 11:15:07.329   852   852 E SecVibrator-HAL-AIDL-CORE: HW_API: [triggerForceFeedbackVibration]on: 1
07-25 11:15:07.433   852   852 E SecVibrator-HAL-AIDL-CORE: V_2_0: Vibrator off
07-25 11:15:07.433   852   852 E SecVibrator-HAL-AIDL-CORE: HW_API: do_off
07-25 11:15:07.433   852   852 E SecVibrator-HAL-AIDL-CORE: HW_API: [triggerForceFeedbackVibration]on: 0
07-25 11:15:08.161   852   852 E SecVibrator-HAL-AIDL-EXT: V_5_0: performPrebakedHapticPattern 52 : 4000 : 0
07-25 11:15:08.161   852   852 E SecVibrator-HAL-AIDL-CORE: HW_API: [setForceFeedbackAmplitude]amplitude: 4000
07-25 11:15:08.164   852   852 E SecVibrator-HAL-AIDL-CORE: HW_API: [uploadForceFeedbackeffect]ioctl success ,uploaded effect with ID: 0
07-25 11:15:08.164   852   852 E SecVibrator-HAL-AIDL-CORE: HW_API: do_on for timeoutMs: 1000
07-25 11:15:08.164   852   852 E SecVibrator-HAL-AIDL-CORE: HW_API: [triggerForceFeedbackVibration]on: 1
07-25 11:15:08.291   852   852 E SecVibrator-HAL-AIDL-CORE: V_2_0: Vibrator off
07-25 11:15:08.291   852   852 E SecVibrator-HAL-AIDL-CORE: HW_API: do_off
07-25 11:15:08.291   852   852 E SecVibrator-HAL-AIDL-CORE: HW_API: [triggerForceFeedbackVibration]on: 0
07-25 11:15:08.608   852   852 E SecVibrator-HAL-AIDL-EXT: V_5_0: performPrebakedHapticPattern 52 : 4000 : 0
07-25 11:15:08.608   852   852 E SecVibrator-HAL-AIDL-CORE: HW_API: [setForceFeedbackAmplitude]amplitude: 4000
07-25 11:15:08.612   852   852 E SecVibrator-HAL-AIDL-CORE: HW_API: [uploadForceFeedbackeffect]ioctl success ,uploaded effect with ID: 0
07-25 11:15:08.612   852   852 E SecVibrator-HAL-AIDL-CORE: HW_API: do_on for timeoutMs: 1000
07-25 11:15:08.612   852   852 E SecVibrator-HAL-AIDL-CORE: HW_API: [triggerForceFeedbackVibration]on: 1
07-25 11:15:08.739   852   852 E SecVibrator-HAL-AIDL-CORE: V_2_0: Vibrator off
07-25 11:15:08.739   852   852 E SecVibrator-HAL-AIDL-CORE: HW_API: do_off
07-25 11:15:08.739   852   852 E SecVibrator-HAL-AIDL-CORE: HW_API: [triggerForceFeedbackVibration]on: 0
07-25 11:15:09.018   852   852 E SecVibrator-HAL-AIDL-EXT: V_5_0: performPrebakedHapticPattern 41 : 4000 : 0
07-25 11:15:09.019   852   852 E SecVibrator-HAL-AIDL-CORE: HW_API: [setForceFeedbackAmplitude]amplitude: 4000
07-25 11:15:09.024   852   852 E SecVibrator-HAL-AIDL-CORE: HW_API: [uploadForceFeedbackeffect]ioctl success ,uploaded effect with ID: 0
07-25 11:15:09.024   852   852 E SecVibrator-HAL-AIDL-CORE: HW_API: do_on for timeoutMs: 1000
07-25 11:15:09.024   852   852 E SecVibrator-HAL-AIDL-CORE: HW_API: [triggerForceFeedbackVibration]on: 1
07-25 11:15:09.065   852   852 E SecVibrator-HAL-AIDL-CORE: V_2_0: Vibrator off
07-25 11:15:09.065   852   852 E SecVibrator-HAL-AIDL-CORE: HW_API: do_off
07-25 11:15:09.065   852   852 E SecVibrator-HAL-AIDL-CORE: HW_API: [triggerForceFeedbackVibration]on: 0
07-25 11:15:09.071   852   852 E SecVibrator-HAL-AIDL-EXT: V_5_0: performPrebakedHapticPattern 41 : 4000 : 0
07-25 11:15:09.072   852   852 E SecVibrator-HAL-AIDL-CORE: HW_API: [setForceFeedbackAmplitude]amplitude: 4000
07-25 11:15:09.074   852   852 E SecVibrator-HAL-AIDL-CORE: HW_API: [uploadForceFeedbackeffect]ioctl success ,uploaded effect with ID: 0
07-25 11:15:09.074   852   852 E SecVibrator-HAL-AIDL-CORE: HW_API: do_on for timeoutMs: 1000
07-25 11:15:09.075   852   852 E SecVibrator-HAL-AIDL-CORE: HW_API: [triggerForceFeedbackVibration]on: 1
07-25 11:15:09.122   852   852 E SecVibrator-HAL-AIDL-CORE: V_2_0: Vibrator off
07-25 11:15:09.122   852   852 E SecVibrator-HAL-AIDL-CORE: HW_API: do_off
07-25 11:15:09.122   852   852 E SecVibrator-HAL-AIDL-CORE: HW_API: [triggerForceFeedbackVibration]on: 0
07-25 11:15:09.128   852   852 E SecVibrator-HAL-AIDL-EXT: V_5_0: performPrebakedHapticPattern 41 : 4000 : 0
07-25 11:15:09.128   852   852 E SecVibrator-HAL-AIDL-CORE: HW_API: [setForceFeedbackAmplitude]amplitude: 4000
07-25 11:15:09.132   852   852 E SecVibrator-HAL-AIDL-CORE: HW_API: [uploadForceFeedbackeffect]ioctl success ,uploaded effect with ID: 0
07-25 11:15:09.133   852   852 E SecVibrator-HAL-AIDL-CORE: HW_API: do_on for timeoutMs: 1000
07-25 11:15:09.133   852   852 E SecVibrator-HAL-AIDL-CORE: HW_API: [triggerForceFeedbackVibration]on: 1
07-25 11:15:09.239   852   852 E SecVibrator-HAL-AIDL-CORE: V_2_0: Vibrator off
07-25 11:15:09.239   852   852 E SecVibrator-HAL-AIDL-CORE: HW_API: do_off
07-25 11:15:09.239   852   852 E SecVibrator-HAL-AIDL-CORE: HW_API: [triggerForceFeedbackVibration]on: 0
07-25 11:15:09.274  1081  3190 E SemWifiService: getCurrentNetworkScore - invalid score data
07-25 11:15:09.274  1081  3190 E WifiProfileShare.Caster: failed to generate qos array, need to check network score data
07-25 11:15:09.579   852   852 E SecVibrator-HAL-AIDL-EXT: V_5_0: performPrebakedHapticPattern 1 : 4000 : 0
07-25 11:15:09.580   852   852 E SecVibrator-HAL-AIDL-CORE: HW_API: [setForceFeedbackAmplitude]amplitude: 4000
07-25 11:15:09.582   852   852 E SecVibrator-HAL-AIDL-CORE: HW_API: [uploadForceFeedbackeffect]ioctl success ,uploaded effect with ID: 0
07-25 11:15:09.582   852   852 E SecVibrator-HAL-AIDL-CORE: HW_API: do_on for timeoutMs: 1000
07-25 11:15:09.583   852   852 E SecVibrator-HAL-AIDL-CORE: HW_API: [triggerForceFeedbackVibration]on: 1
07-25 11:15:09.699   852   852 E SecVibrator-HAL-AIDL-CORE: V_2_0: Vibrator off
07-25 11:15:09.699   852   852 E SecVibrator-HAL-AIDL-CORE: HW_API: do_off
07-25 11:15:09.699   852   852 E SecVibrator-HAL-AIDL-CORE: HW_API: [triggerForceFeedbackVibration]on: 0
07-25 11:15:10.023   852   852 E SecVibrator-HAL-AIDL-EXT: V_5_0: performPrebakedHapticPattern 1 : 4000 : 0
07-25 11:15:10.023   852   852 E SecVibrator-HAL-AIDL-CORE: HW_API: [setForceFeedbackAmplitude]amplitude: 4000
07-25 11:15:10.026   852   852 E SecVibrator-HAL-AIDL-CORE: HW_API: [uploadForceFeedbackeffect]ioctl success ,uploaded effect with ID: 0
07-25 11:15:10.026   852   852 E SecVibrator-HAL-AIDL-CORE: HW_API: do_on for timeoutMs: 1000
07-25 11:15:10.026   852   852 E SecVibrator-HAL-AIDL-CORE: HW_API: [triggerForceFeedbackVibration]on: 1
07-25 11:15:10.143   852   852 E SecVibrator-HAL-AIDL-CORE: V_2_0: Vibrator off
07-25 11:15:10.143   852   852 E SecVibrator-HAL-AIDL-CORE: HW_API: do_off
07-25 11:15:10.143   852   852 E SecVibrator-HAL-AIDL-CORE: HW_API: [triggerForceFeedbackVibration]on: 0
07-25 11:15:10.302   852   852 E SecVibrator-HAL-AIDL-EXT: V_5_0: performPrebakedHapticPattern 1 : 4000 : 0
07-25 11:15:10.302   852   852 E SecVibrator-HAL-AIDL-CORE: HW_API: [setForceFeedbackAmplitude]amplitude: 4000
07-25 11:15:10.305   852   852 E SecVibrator-HAL-AIDL-CORE: HW_API: [uploadForceFeedbackeffect]ioctl success ,uploaded effect with ID: 0
07-25 11:15:10.305   852   852 E SecVibrator-HAL-AIDL-CORE: HW_API: do_on for timeoutMs: 1000
07-25 11:15:10.306   852   852 E SecVibrator-HAL-AIDL-CORE: HW_API: [triggerForceFeedbackVibration]on: 1
07-25 11:15:10.423   852   852 E SecVibrator-HAL-AIDL-CORE: V_2_0: Vibrator off
07-25 11:15:10.423   852   852 E SecVibrator-HAL-AIDL-CORE: HW_API: do_off
07-25 11:15:10.423   852   852 E SecVibrator-HAL-AIDL-CORE: HW_API: [triggerForceFeedbackVibration]on: 0
07-25 11:15:11.271   852   852 E SecVibrator-HAL-AIDL-EXT: V_5_0: performPrebakedHapticPattern 1 : 4000 : 0
07-25 11:15:11.272   852   852 E SecVibrator-HAL-AIDL-CORE: HW_API: [setForceFeedbackAmplitude]amplitude: 4000
07-25 11:15:11.273   852   852 E SecVibrator-HAL-AIDL-CORE: HW_API: [uploadForceFeedbackeffect]ioctl success ,uploaded effect with ID: 0
07-25 11:15:11.273   852   852 E SecVibrator-HAL-AIDL-CORE: HW_API: do_on for timeoutMs: 1000
07-25 11:15:11.273   852   852 E SecVibrator-HAL-AIDL-CORE: HW_API: [triggerForceFeedbackVibration]on: 1
07-25 11:15:11.392   852   852 E SecVibrator-HAL-AIDL-CORE: V_2_0: Vibrator off
07-25 11:15:11.392   852   852 E SecVibrator-HAL-AIDL-CORE: HW_API: do_off
07-25 11:15:11.392   852   852 E SecVibrator-HAL-AIDL-CORE: HW_API: [triggerForceFeedbackVibration]on: 0
07-25 11:15:11.497   852   852 E SecVibrator-HAL-AIDL-EXT: V_5_0: performPrebakedHapticPattern 1 : 4000 : 0
07-25 11:15:11.498   852   852 E SecVibrator-HAL-AIDL-CORE: HW_API: [setForceFeedbackAmplitude]amplitude: 4000
07-25 11:15:11.500   852   852 E SecVibrator-HAL-AIDL-CORE: HW_API: [uploadForceFeedbackeffect]ioctl success ,uploaded effect with ID: 0
07-25 11:15:11.500   852   852 E SecVibrator-HAL-AIDL-CORE: HW_API: do_on for timeoutMs: 1000
07-25 11:15:11.500   852   852 E SecVibrator-HAL-AIDL-CORE: HW_API: [triggerForceFeedbackVibration]on: 1
07-25 11:15:11.617   852   852 E SecVibrator-HAL-AIDL-CORE: V_2_0: Vibrator off
07-25 11:15:11.617   852   852 E SecVibrator-HAL-AIDL-CORE: HW_API: do_off
07-25 11:15:11.617   852   852 E SecVibrator-HAL-AIDL-CORE: HW_API: [triggerForceFeedbackVibration]on: 0
07-25 11:15:11.739   852   852 E SecVibrator-HAL-AIDL-EXT: V_5_0: performPrebakedHapticPattern 1 : 4000 : 0
07-25 11:15:11.740   852   852 E SecVibrator-HAL-AIDL-CORE: HW_API: [setForceFeedbackAmplitude]amplitude: 4000
07-25 11:15:11.743   852   852 E SecVibrator-HAL-AIDL-CORE: HW_API: [uploadForceFeedbackeffect]ioctl success ,uploaded effect with ID: 0
07-25 11:15:11.743   852   852 E SecVibrator-HAL-AIDL-CORE: HW_API: do_on for timeoutMs: 1000
07-25 11:15:11.743   852   852 E SecVibrator-HAL-AIDL-CORE: HW_API: [triggerForceFeedbackVibration]on: 1
07-25 11:15:11.860   852   852 E SecVibrator-HAL-AIDL-CORE: V_2_0: Vibrator off
07-25 11:15:11.860   852   852 E SecVibrator-HAL-AIDL-CORE: HW_API: do_off
07-25 11:15:11.860   852   852 E SecVibrator-HAL-AIDL-CORE: HW_API: [triggerForceFeedbackVibration]on: 0
07-25 11:15:12.143   852   852 E SecVibrator-HAL-AIDL-EXT: V_5_0: performPrebakedHapticPattern 14 : 4000 : 0
07-25 11:15:12.143   852   852 E SecVibrator-HAL-AIDL-CORE: HW_API: [setForceFeedbackAmplitude]amplitude: 4000
07-25 11:15:12.146   852   852 E SecVibrator-HAL-AIDL-CORE: HW_API: [uploadForceFeedbackeffect]ioctl success ,uploaded effect with ID: 0
07-25 11:15:12.146   852   852 E SecVibrator-HAL-AIDL-CORE: HW_API: do_on for timeoutMs: 1000
07-25 11:15:12.146   852   852 E SecVibrator-HAL-AIDL-CORE: HW_API: [triggerForceFeedbackVibration]on: 1
07-25 11:15:12.272   852   852 E SecVibrator-HAL-AIDL-CORE: V_2_0: Vibrator off
07-25 11:15:12.272   852   852 E SecVibrator-HAL-AIDL-CORE: HW_API: do_off
07-25 11:15:12.272   852   852 E SecVibrator-HAL-AIDL-CORE: HW_API: [triggerForceFeedbackVibration]on: 0
07-25 11:15:12.598  1081  4372 E WindowManager: win=Window{c011cc2 u0 InputMethod} destroySurfaces: appStopped=true cleanupOnResume=false win.mWindowRemovalAllowed=false win.mRemoveOnExit=false win.mViewVisibility=8 caller=com.android.server.wm.WindowManagerService.tryStartExitingAnimation:147 com.android.server.wm.WindowManagerService.relayoutWindowInner:112 com.android.server.wm.WindowManagerService.relayoutWindow:6 com.android.server.wm.Session.relayout:27 android.view.IWindowSession$Stub.onTransact:861 com.android.server.wm.Session.onTransact:1 android.os.Binder.execTransactInternal:1536 
07-25 11:15:14.011 18748 18773 E SamsungAccount: [FamilyGroupUtil] getCountryCodeListWithRegionMcc - no country code with region mcc
07-25 11:15:15.176  1081  1255 E Watchdog: !@Sync: 50536 heap(MB): 198 / 205 FD: 1294 [2025-07-25 11:15:15.175]
07-25 11:15:19.909  1081  1275 E system_server: updateValue is called with a value 80, which is lower than the previous value 1527
07-25 11:15:21.535  1081  3190 E SemWifiService: getCurrentNetworkScore - invalid score data
07-25 11:15:21.535  1081  3190 E WifiProfileShare.Caster: failed to generate qos array, need to check network score data
07-25 11:15:24.204   881   890 E HeatmapThread: !@ Entered Update Heatmap 
07-25 11:15:24.204   881   890 E HeatmapThread: !@Entered readHeatmapEFS
07-25 11:15:24.205   881   890 E HeatmapThread: !@Entered readHeatmapEFS : file opened
07-25 11:15:24.207   881   890 E HeatmapThread: !@Entered readHeatmapEFS : count taken
07-25 11:15:24.207   881   890 E HeatmapThread: !@Entered readHeatmapEFS : started buffer copy
07-25 11:15:24.207   881   890 E HeatmapThread: !@Entered readHeatmapEFS : buffer copied
07-25 11:15:24.207   881   890 E HeatmapThread: !@Entered readHeatmapEFS : heatmap_string created
07-25 11:15:24.207   881   890 E HeatmapThread: !@Read Heatmap from efs is: 0 0 0 2888 2229 0 0 0 0 0 45 2385 2371 0 0 0 0 0 590 6581 4437 0 0 0 0 0 361 7822 4843 0 0 0 0 0 522 6465 5692 0 0 0 0 0 6609 133984 114947 264 0 0 0 0 483 5390 4625 0 0 0 0 0 0 15 35 0 0 0 
07-25 11:15:24.207   881   890 E HeatmapThread: !@Entered readHeatmapEFS : heatmap_string parsing started
07-25 11:15:24.207   881   890 E HeatmapThread: !@Entered readHeatmapEFS : heatmap_string parsing complete
07-25 11:15:24.208   838   849 E BatteryDump: !@new_battery_dump : 4155,-443,100,100,76,326,325,348,326,0,325,342,0,Discharging,NO_CHARGING,None,Good,NONE,0,Normal,0,0,8340,0x40000000,0x10000,0x0,0,0,0000,0000,00000000,0,0,0,0,192,4165,7620,990,0,
07-25 11:15:24.211   881   890 E HeatmapThread: !@Write Heatmap to efs is: 0 0 0 2888 2229 0 0 0 0 0 45 2385 2371 0 0 0 0 0 590 6581 4437 0 0 0 0 0 361 7822 4843 0 0 0 0 0 522 6465 5692 0 0 0 0 0 6609 133984 114977 264 0 0 0 0 483 5390 4625 0 0 0 0 0 0 15 35 0 0 0 
07-25 11:15:24.211   881   890 E HeatmapThread: !@ Heatmap Updated prevtime: 29223705
07-25 11:15:24.211   881   890 E HeatmapThread: !@Could not open '/sys/class/power_supply/sec_auth/batt_heatmap', errno = 2
07-25 11:15:24.211   881   890 E HeatmapThread: !@Could not open '/sys/class/power_supply/sec_auth_2nd/batt_heatmap', errno = 2
07-25 11:15:24.212   881   890 E HeatmapThread: !@ Heatmap Updated prevtime: 29223705
07-25 11:15:24.517   894   894 E SurfaceFlinger: alpha changed 1.000 -> 0.000 - Surface(name=c14bf0c com.android.chrome/com.google.android.apps.chrome.Main)/@0xf6b1cc2 - animation-leash of window_animation#1001015
07-25 11:15:24.517   894   894 E SurfaceFlinger: alpha changed 0.000 -> 0.000 - Surface(name=c14bf0c com.android.chrome/com.google.android.apps.chrome.Main)/@0xf6b1cc2 - animation-leash of window_animation#1001015
07-25 11:15:24.517   894   894 E SurfaceFlinger: alpha changed 1.000 -> 0.000 - Dim Layer for - Task=6586#1001016
07-25 11:15:24.534   894   894 E SurfaceFlinger: alpha changed 0.000 -> 0.202 - Surface(name=c14bf0c com.android.chrome/com.google.android.apps.chrome.Main)/@0xf6b1cc2 - animation-leash of window_animation#1001015
07-25 11:15:24.550   894   894 E SurfaceFlinger: alpha changed 0.000 -> 0.036 - Dim Layer for - Task=6586#1001016
07-25 11:15:24.610  1081  3190 E SemWifiService: getCurrentNetworkScore - invalid score data
07-25 11:15:24.610  1081  3190 E WifiProfileShare.Caster: failed to generate qos array, need to check network score data
07-25 11:15:25.497 18748 18773 E SamsungAccount: [FamilyGroupUtil] getCountryCodeListWithRegionMcc - no country code with region mcc
07-25 11:15:25.590  1081  1253 E WindowManager: win=Window{c14bf0c u0 com.android.chrome/com.google.android.apps.chrome.Main EXITING} destroySurfaces: appStopped=false cleanupOnResume=false win.mWindowRemovalAllowed=true win.mRemoveOnExit=true win.mViewVisibility=0 caller=com.android.server.wm.WindowState.onExitAnimationDone:222 com.android.server.wm.WindowState.onAnimationFinished:161 com.android.server.wm.WindowContainer$$ExternalSyntheticLambda5.onAnimationFinished:26 com.android.server.wm.SurfaceAnimator$$ExternalSyntheticLambda1.run:28 com.android.server.wm.SurfaceAnimator$$ExternalSyntheticLambda0.onAnimationFinished:65 com.android.server.wm.LocalAnimationAdapter$$ExternalSyntheticLambda0.run:10 android.os.Handler.handleCallback:959 
07-25 11:15:25.602   894   894 E SurfaceFlinger: alpha changed 0.013 -> 0.000 - Surface(name=c14bf0c com.android.chrome/com.google.android.apps.chrome.Main)/@0xf6b1cc2 - animation-leash of window_animation#1001017
07-25 11:15:25.618   894   894 E SurfaceFlinger: alpha changed 0.036 -> 0.000 - Dim Layer for - Task=6586#1001016
07-25 11:15:26.440  1081  4437 E BatteryStatsService: Invalid uid for waking network packet: -1
07-25 11:15:27.337   894   894 E SurfaceFlinger: alpha changed 1.000 -> 0.000 - Surface(name=4ef9a58 com.android.chrome/com.google.android.apps.chrome.Main)/@0xd6b5c70 - animation-leash of window_animation#1001024
07-25 11:15:27.337   894   894 E SurfaceFlinger: alpha changed 1.000 -> 0.000 - Dim Layer for - Task=6586#1001025
07-25 11:15:27.371   894   894 E SurfaceFlinger: alpha changed 0.000 -> 0.034 - Dim Layer for - Task=6586#1001025
07-25 11:15:27.371   894   894 E SurfaceFlinger: alpha changed 0.000 -> 0.202 - Surface(name=4ef9a58 com.android.chrome/com.google.android.apps.chrome.Main)/@0xd6b5c70 - animation-leash of window_animation#1001024
07-25 11:15:27.627  1081  3190 E SemWifiService: getCurrentNetworkScore - invalid score data
07-25 11:15:27.627  1081  3190 E WifiProfileShare.Caster: failed to generate qos array, need to check network score data
07-25 11:15:33.302 18748 18773 E SamsungAccount: [FamilyGroupUtil] getCountryCodeListWithRegionMcc - no country code with region mcc
07-25 11:15:33.397  1081  1253 E WindowManager: win=Window{4ef9a58 u0 com.android.chrome/com.google.android.apps.chrome.Main EXITING} destroySurfaces: appStopped=false cleanupOnResume=false win.mWindowRemovalAllowed=true win.mRemoveOnExit=true win.mViewVisibility=0 caller=com.android.server.wm.WindowState.onExitAnimationDone:222 com.android.server.wm.WindowState.onAnimationFinished:161 com.android.server.wm.WindowContainer$$ExternalSyntheticLambda5.onAnimationFinished:26 com.android.server.wm.SurfaceAnimator$$ExternalSyntheticLambda1.run:28 com.android.server.wm.SurfaceAnimator$$ExternalSyntheticLambda0.onAnimationFinished:65 com.android.server.wm.LocalAnimationAdapter$$ExternalSyntheticLambda0.run:10 android.os.Handler.handleCallback:959 
07-25 11:15:33.410   894   894 E SurfaceFlinger: alpha changed 0.013 -> 0.000 - Surface(name=4ef9a58 com.android.chrome/com.google.android.apps.chrome.Main)/@0xd6b5c70 - animation-leash of window_animation#1001026
07-25 11:15:33.426   894   894 E SurfaceFlinger: alpha changed 0.036 -> 0.000 - Dim Layer for - Task=6586#1001025
07-25 11:15:33.757  1081  3190 E SemWifiService: getCurrentNetworkScore - invalid score data
07-25 11:15:33.757  1081  3190 E WifiProfileShare.Caster: failed to generate qos array, need to check network score data
07-25 11:15:35.848  1081  4162 E BatteryStatsService: Invalid uid for waking network packet: -1
07-25 11:15:36.846  1081  3190 E SemWifiService: getCurrentNetworkScore - invalid score data
07-25 11:15:36.846  1081  3190 E WifiProfileShare.Caster: failed to generate qos array, need to check network score data
07-25 11:15:39.931  1081  3190 E SemWifiService: getCurrentNetworkScore - invalid score data
07-25 11:15:39.931  1081  3190 E WifiProfileShare.Caster: failed to generate qos array, need to check network score data
07-25 11:15:41.610  1081  4437 E BatteryStatsService: Invalid uid for waking network packet: -1
07-25 11:15:42.950  1081  3190 E SemWifiService: getCurrentNetworkScore - invalid score data
07-25 11:15:42.950  1081  3190 E WifiProfileShare.Caster: failed to generate qos array, need to check network score data
07-25 11:15:43.124  1081  3190 E SemWifiService: getCurrentNetworkScore - invalid score data
07-25 11:15:43.124  1081  3190 E WifiProfileShare.Caster: failed to generate qos array, need to check network score data
07-25 11:15:45.196  1081  1255 E Watchdog: !@Sync: 50537 heap(MB): 170 / 205 FD: 1292 [2025-07-25 11:15:45.195]
07-25 11:15:46.074  1081  3190 E SemWifiService: getCurrentNetworkScore - invalid score data
07-25 11:15:46.074  1081  3190 E WifiProfileShare.Caster: failed to generate qos array, need to check network score data
07-25 11:15:47.881 14327 14352 E ActivityThread: Failed to find provider info for gmail-ofls
07-25 11:15:52.195  1081  3190 E SemWifiService: getCurrentNetworkScore - invalid score data
07-25 11:15:52.195  1081  3190 E WifiProfileShare.Caster: failed to generate qos array, need to check network score data
07-25 11:15:54.434   838   849 E BatteryDump: !@new_battery_dump : 4149,-593,100,100,76,325,326,344,325,0,330,342,0,Discharging,NO_CHARGING,None,Good,NONE,0,Normal,0,0,8340,0x40000000,0x10000,0x0,0,0,0000,0000,00000000,0,0,0,0,192,4165,7617,990,0,
07-25 11:15:55.219  1081  3190 E SemWifiService: getCurrentNetworkScore - invalid score data
07-25 11:15:55.219  1081  3190 E WifiProfileShare.Caster: failed to generate qos array, need to check network score data
07-25 11:15:58.308  1081  3190 E SemWifiService: getCurrentNetworkScore - invalid score data
07-25 11:15:58.308  1081  3190 E WifiProfileShare.Caster: failed to generate qos array, need to check network score data
07-25 11:16:01.388  1081  3190 E SemWifiService: getCurrentNetworkScore - invalid score data
07-25 11:16:01.388  1081  3190 E WifiProfileShare.Caster: failed to generate qos array, need to check network score data
07-25 11:16:04.402  1081  3190 E SemWifiService: getCurrentNetworkScore - invalid score data
07-25 11:16:04.402  1081  3190 E WifiProfileShare.Caster: failed to generate qos array, need to check network score data
07-25 11:16:07.410  1081  3190 E SemWifiService: getCurrentNetworkScore - invalid score data
07-25 11:16:07.410  1081  3190 E WifiProfileShare.Caster: failed to generate qos array, need to check network score data
07-25 11:16:10.513  1081  3190 E SemWifiService: getCurrentNetworkScore - invalid score data
07-25 11:16:10.513  1081  3190 E WifiProfileShare.Caster: failed to generate qos array, need to check network score data
07-25 11:16:10.515   852   852 E SecVibrator-HAL-AIDL-EXT: V_5_0: performPrebakedHapticPattern 14 : 4000 : 0
07-25 11:16:10.516   852   852 E SecVibrator-HAL-AIDL-CORE: HW_API: [setForceFeedbackAmplitude]amplitude: 4000
07-25 11:16:10.536   852   852 E SecVibrator-HAL-AIDL-CORE: HW_API: [uploadForceFeedbackeffect]ioctl success ,uploaded effect with ID: 0
07-25 11:16:10.536   852   852 E SecVibrator-HAL-AIDL-CORE: HW_API: do_on for timeoutMs: 1000
07-25 11:16:10.537   852   852 E SecVibrator-HAL-AIDL-CORE: HW_API: [triggerForceFeedbackVibration]on: 1
07-25 11:16:10.604   817   857 E HYPER-HAL: [HandlerSysfs.cpp]doResourceHandling(): Couldn't Open Sysfs - /sys/kernel/zram/app_launch
07-25 11:16:10.609  3288  3288 E pageboostd: Received HALT command code 2
07-25 11:16:10.644   852   852 E SecVibrator-HAL-AIDL-CORE: V_2_0: Vibrator off
07-25 11:16:10.644   852   852 E SecVibrator-HAL-AIDL-CORE: HW_API: do_off
07-25 11:16:10.644   852   852 E SecVibrator-HAL-AIDL-CORE: HW_API: [triggerForceFeedbackVibration]on: 0
07-25 11:16:10.670  2886 10846 E AppIconSolution: Couldn't get theme package resources, package is null
07-25 11:16:10.689   894   894 E SurfaceFlinger: alpha changed 1.000 -> 0.000 - Surface(name=Task=1)/@0xa99d31a_transition-leash#1001034
07-25 11:16:10.689   894   894 E SurfaceFlinger: alpha changed 1.000 -> 0.000 - (1-1)-Window{6e19a26 alpha=1.0 fl=}$_7208#1001029
07-25 11:16:10.706   894   894 E SurfaceFlinger: alpha changed 0.000 -> 1.000 - Surface(name=Task=1)/@0xa99d31a_transition-leash#1001034
07-25 11:16:10.718 18748 18821 E SamsungAccount: [FamilyGroupUtil] getCountryCodeListWithRegionMcc - no country code with region mcc
07-25 11:16:10.756   894   894 E SurfaceFlinger: alpha changed 1.000 -> 0.000 - Surface(name=c011cc2 InputMethod)/@0xc2cffad - animation-leash of insets_animation#1001037
07-25 11:16:10.923  2886  2886 E SurfaceComposerClient: SurfaceComposerClient::Transaction::setAlpha: invalid alpha -0.016384, clamping
07-25 11:16:10.939   894   894 E SurfaceFlinger: alpha changed 0.018 -> 0.000 - Surface(name=Task=6586)/@0x8f206e6_transition-leash#1001035
07-25 11:16:10.939  2886  2886 E SurfaceComposerClient: SurfaceComposerClient::Transaction::setAlpha: invalid alpha -0.037181, clamping
07-25 11:16:10.956  2886  2886 E SurfaceComposerClient: SurfaceComposerClient::Transaction::setAlpha: invalid alpha -0.047709, clamping
07-25 11:16:10.973  2886  2886 E SurfaceComposerClient: SurfaceComposerClient::Transaction::setAlpha: invalid alpha -0.050438, clamping
07-25 11:16:10.989  2886  2886 E SurfaceComposerClient: SurfaceComposerClient::Transaction::setAlpha: invalid alpha -0.046872, clamping
07-25 11:16:11.006  2886  2886 E SurfaceComposerClient: SurfaceComposerClient::Transaction::setAlpha: invalid alpha -0.039456, clamping
07-25 11:16:11.023  2886  2886 E SurfaceComposerClient: SurfaceComposerClient::Transaction::setAlpha: invalid alpha -0.029535, clamping
07-25 11:16:11.039  2886  2886 E SurfaceComposerClient: SurfaceComposerClient::Transaction::setAlpha: invalid alpha -0.014703, clamping
07-25 11:16:11.057 20882 20882 E cr_CompositorSurfaceMgr: surfaceDestroyed format : 4
07-25 11:16:11.108  1081  1175 E WindowManager: win=Window{e127474 u0 com.android.chrome/com.google.android.apps.chrome.Main} destroySurfaces: appStopped=true cleanupOnResume=false win.mWindowRemovalAllowed=false win.mRemoveOnExit=false win.mViewVisibility=8 caller=com.android.server.wm.ActivityRecord.destroySurfaces:25 com.android.server.wm.ActivityRecord.activityStopped:204 com.android.server.wm.ActivityClientController.activityStopped:95 android.app.IActivityClientController$Stub.onTransact:722 com.android.server.wm.ActivityClientController.onTransact:1 android.os.Binder.execTransactInternal:1541 android.os.Binder.execTransact:1480 
07-25 11:16:11.159   894  3097 E NativeCustomFrequencyManager: [NativeCFMS] BpCustomFrequencyManager::acquire()
07-25 11:16:11.590  1081  1175 E BatteryStatsService: Invalid uid for waking network packet: -1
07-25 11:16:11.764  3288 11616 E pageboostd: alp start : app comgoogleandroidappsmaps
07-25 11:16:11.830   817   857 E HYPER-HAL: [HandlerSysfs.cpp]doResourceHandling(): Couldn't Open Sysfs - /sys/kernel/zram/app_launch
07-25 11:16:11.837   817   857 E HYPER-HAL: [HandlerSysfs.cpp]doResourceHandling(): Couldn't Open Sysfs - /sys/kernel/zram/app_launch
07-25 11:16:11.840   817   857 E HYPER-HAL: [HandlerSysfs.cpp]doResourceHandling(): Couldn't Open Sysfs - /sys/kernel/zram/app_launch
07-25 11:16:11.840  3288  3288 E pageboostd: Received HALT command code 2
07-25 11:16:11.840   817   857 E HYPER-HAL: [HandlerSysfs.cpp]doResourceHandling(): Couldn't Open Sysfs - /sys/kernel/zram/app_launch
07-25 11:16:11.843  3288 11616 E pageboostd: comgoogleandroidappsmaps, amt 25699368 scnt 2 fcnt 15
07-25 11:16:11.843  3288 11616 E pageboostd: alp end : app comgoogleandroidappsmaps data_amount 25699368
07-25 11:16:11.843  3288 11616 E pageboostd: alp halted comgoogleandroidappsmaps
07-25 11:16:11.843   817   857 E HYPER-HAL: [HandlerSysfs.cpp]doResourceHandling(): Couldn't Open Sysfs - /sys/kernel/zram/app_launch
07-25 11:16:11.874   894   894 E SurfaceFlinger: alpha changed 1.000 -> 0.000 - Surface(name=Task=6591)/@0x4166cca_transition-leash#1001050
07-25 11:16:11.924   894   894 E SurfaceFlinger: alpha changed 0.000 -> 0.032 - Surface(name=Task=6591)/@0x4166cca_transition-leash#1001050
07-25 11:16:11.991  1081  1275 E system_server: updateValue is called with a value 835346, which is lower than the previous value 835419
07-25 11:16:12.105  3288  3288 E pageboostd: Received HALT command code 2
07-25 11:16:12.160  1081  4162 E JavaBinder: *** Uncaught remote exception! Exceptions are not yet supported across processes. Client PID 14802 UID 10257.
07-25 11:16:12.160  1081  4162 E JavaBinder: java.lang.RuntimeException: android.os.RemoteException: Couldn't get targetSdkVersion for package com.android.accelerometergraph
07-25 11:16:12.160  1081  4162 E JavaBinder: 	at android.os.Parcel.writeException(Parcel.java:3027)
07-25 11:16:12.160  1081  4162 E JavaBinder: 	at android.os.Binder.execTransactInternal(Binder.java:1560)
07-25 11:16:12.160  1081  4162 E JavaBinder: 	at android.os.Binder.execTransact(Binder.java:1480)
07-25 11:16:12.160  1081  4162 E JavaBinder: Caused by: android.os.RemoteException: Couldn't get targetSdkVersion for package com.android.accelerometergraph
07-25 11:16:12.160  1081  4162 E JavaBinder: 	at com.android.server.pm.PackageManagerNative.getTargetSdkVersionForPackage(qb/95082961 2ea953a9043ae1ed144f78061b6abde86d54cfd0e3072727bc470e809cb853e2:23)
07-25 11:16:12.160  1081  4162 E JavaBinder: 	at android.content.pm.IPackageManagerNative$Stub.onTransact(IPackageManagerNative.java:266)
07-25 11:16:12.160  1081  4162 E JavaBinder: 	at android.os.Binder.execTransactInternal(Binder.java:1541)
07-25 11:16:12.160  1081  4162 E JavaBinder: 	... 1 more
07-25 11:16:12.186 18748 18821 E SamsungAccount: [FamilyGroupUtil] getCountryCodeListWithRegionMcc - no country code with region mcc
07-25 11:16:12.202   817   857 E HYPER-HAL: [HandlerSysfs.cpp]doResourceHandling(): Couldn't Open Sysfs - /sys/kernel/zram/app_launch
07-25 11:16:12.207   894   894 E SurfaceFlinger: alpha changed 1.000 -> 0.000 - Surface(name=c011cc2 InputMethod)/@0xc2cffad - animation-leash of insets_animation#1001065
07-25 11:16:12.208  4109 11714 E AtomicFile: Failed to rename /data/user_de/0/com.samsung.android.honeyboard/files/selected.json.new to /data/user_de/0/com.samsung.android.honeyboard/files/selected.json
07-25 11:16:12.209  4109 11713 E AtomicFile: Failed to rename /data/user_de/0/com.samsung.android.honeyboard/files/selected.json.new to /data/user_de/0/com.samsung.android.honeyboard/files/selected.json
07-25 11:16:12.261  1081  4162 E WindowManager: win=Window{c1fce3d u0 (1-1)-Window{6e19a26 alpha=1.0 fl=}} destroySurfaces: appStopped=true cleanupOnResume=false win.mWindowRemovalAllowed=false win.mRemoveOnExit=false win.mViewVisibility=8 caller=com.android.server.wm.ActivityRecord.destroySurfaces:25 com.android.server.wm.ActivityRecord.activityStopped:204 com.android.server.wm.ActivityClientController.activityStopped:95 android.app.IActivityClientController$Stub.onTransact:722 com.android.server.wm.ActivityClientController.onTransact:1 android.os.Binder.execTransactInternal:1541 android.os.Binder.execTransact:1480 
07-25 11:16:12.262  1081  4162 E WindowManager: win=Window{f74b10c u0 com.sec.android.app.launcher/com.sec.android.app.launcher.activities.LauncherActivity} destroySurfaces: appStopped=true cleanupOnResume=false win.mWindowRemovalAllowed=false win.mRemoveOnExit=false win.mViewVisibility=8 caller=com.android.server.wm.ActivityRecord.destroySurfaces:25 com.android.server.wm.ActivityRecord.activityStopped:204 com.android.server.wm.ActivityClientController.activityStopped:95 android.app.IActivityClientController$Stub.onTransact:722 com.android.server.wm.ActivityClientController.onTransact:1 android.os.Binder.execTransactInternal:1541 android.os.Binder.execTransact:1480 
07-25 11:16:12.324   894   894 E SurfaceFlinger: alpha changed 0.386 -> 0.000 - SurfaceView[Splash Screen com.google.android.apps.maps]@0#1001046
07-25 11:16:12.324   894   894 E SurfaceFlinger: alpha changed 0.000 -> 0.000 - SurfaceView[Splash Screen com.google.android.apps.maps]@0#1001046
07-25 11:16:12.324   894   894 E SurfaceFlinger: alpha changed 0.000 -> 0.000 - SurfaceView[Splash Screen com.google.android.apps.maps]@0#1001046
07-25 11:16:12.393   811   855 E SensorsHub: AccSensor : Meta event
07-25 11:16:12.432   817 11621 E HYPER-HAL: [HandlerSysfs.cpp]doResourceHandling(): Couldn't Open Sysfs - /sys/kernel/zram/app_launch
07-25 11:16:12.491  9375 11771 E droid.apps.maps: No package ID 6a found for resource ID 0x6a0b000f.
07-25 11:16:12.582   817 11576 E HYPER-HAL: [HandlerSysfs.cpp]doResourceHandling(): Couldn't Open Sysfs - /sys/kernel/zram/app_launch
07-25 11:16:12.840   817 11625 E HYPER-HAL: [HandlerSysfs.cpp]doResourceHandling(): Couldn't Open Sysfs - /sys/kernel/zram/app_launch
07-25 11:16:12.930 18748 18773 E SamsungAccount: [FamilyGroupUtil] getCountryCodeListWithRegionMcc - no country code with region mcc
07-25 11:16:12.936  9375  9375 E droid.apps.maps: Invalid resource ID 0x00000000.
07-25 11:16:12.936  9375  9375 E droid.apps.maps: Invalid resource ID 0x00000000.
07-25 11:16:12.946 18748 18773 E SamsungAccount: [FamilyGroupUtil] getCountryCodeListWithRegionMcc - no country code with region mcc
07-25 11:16:12.986 11828 11828 E ungpassautofill: Not starting debugger since process cannot load the jdwp agent.
07-25 11:16:13.003 18748 18773 E SamsungAccount: [FamilyGroupUtil] getCountryCodeListWithRegionMcc - no country code with region mcc
07-25 11:16:13.025   894   894 E SurfaceFlinger: alpha changed 0.000 -> 1.000 - Surface(name=c011cc2 InputMethod)/@0xc2cffad - animation-leash of insets_animation#1001065
07-25 11:16:13.089 11850 11850 E oid.samsungpass: Not starting debugger since process cannot load the jdwp agent.
07-25 11:16:13.194 11891 11891 E .android.authfw: Not starting debugger since process cannot load the jdwp agent.
07-25 11:16:13.198 11828 11828 E [PASS][SPAF]AutofillService: No valid parsed autofill fields
07-25 11:16:13.245 11891 11891 E [AUTHFW][TZ]TzAppFactory: the chipName is not added in chipList!
07-25 11:16:13.340   817 11624 E HYPER-HAL: [HandlerSysfs.cpp]doResourceHandling(): Couldn't Open Sysfs - /sys/kernel/zram/app_launch
07-25 11:16:13.444   852   852 E SecVibrator-HAL-AIDL-EXT: V_5_0: performPrebakedHapticPattern 1 : 4000 : 0
07-25 11:16:13.444   852   852 E SecVibrator-HAL-AIDL-CORE: HW_API: [setForceFeedbackAmplitude]amplitude: 4000
07-25 11:16:13.460   852   852 E SecVibrator-HAL-AIDL-CORE: HW_API: [uploadForceFeedbackeffect]ioctl success ,uploaded effect with ID: 0
07-25 11:16:13.460   852   852 E SecVibrator-HAL-AIDL-CORE: HW_API: do_on for timeoutMs: 1000
07-25 11:16:13.460   852   852 E SecVibrator-HAL-AIDL-CORE: HW_API: [triggerForceFeedbackVibration]on: 1
07-25 11:16:13.516  1081  3190 E SemWifiService: getCurrentNetworkScore - invalid score data
07-25 11:16:13.516  1081  3190 E WifiProfileShare.Caster: failed to generate qos array, need to check network score data
07-25 11:16:13.564   852   852 E SecVibrator-HAL-AIDL-CORE: V_2_0: Vibrator off
07-25 11:16:13.564   852   852 E SecVibrator-HAL-AIDL-CORE: HW_API: do_off
07-25 11:16:13.564   852   852 E SecVibrator-HAL-AIDL-CORE: HW_API: [triggerForceFeedbackVibration]on: 0
07-25 11:16:13.684   852   852 E SecVibrator-HAL-AIDL-EXT: V_5_0: performPrebakedHapticPattern 1 : 4000 : 0
07-25 11:16:13.684   852   852 E SecVibrator-HAL-AIDL-CORE: HW_API: [setForceFeedbackAmplitude]amplitude: 4000
07-25 11:16:13.685   852   852 E SecVibrator-HAL-AIDL-CORE: HW_API: [uploadForceFeedbackeffect]ioctl success ,uploaded effect with ID: 0
07-25 11:16:13.685   852   852 E SecVibrator-HAL-AIDL-CORE: HW_API: do_on for timeoutMs: 1000
07-25 11:16:13.685   852   852 E SecVibrator-HAL-AIDL-CORE: HW_API: [triggerForceFeedbackVibration]on: 1
07-25 11:16:13.804   852   852 E SecVibrator-HAL-AIDL-CORE: V_2_0: Vibrator off
07-25 11:16:13.804   852   852 E SecVibrator-HAL-AIDL-CORE: HW_API: do_off
07-25 11:16:13.804   852   852 E SecVibrator-HAL-AIDL-CORE: HW_API: [triggerForceFeedbackVibration]on: 0
07-25 11:16:13.828   852   852 E SecVibrator-HAL-AIDL-EXT: V_5_0: performPrebakedHapticPattern 1 : 4000 : 0
07-25 11:16:13.828   852   852 E SecVibrator-HAL-AIDL-CORE: HW_API: [setForceFeedbackAmplitude]amplitude: 4000
07-25 11:16:13.830   852   852 E SecVibrator-HAL-AIDL-CORE: HW_API: [uploadForceFeedbackeffect]ioctl success ,uploaded effect with ID: 0
07-25 11:16:13.830   852   852 E SecVibrator-HAL-AIDL-CORE: HW_API: do_on for timeoutMs: 1000
07-25 11:16:13.830   852   852 E SecVibrator-HAL-AIDL-CORE: HW_API: [triggerForceFeedbackVibration]on: 1
07-25 11:16:13.932   852   852 E SecVibrator-HAL-AIDL-CORE: V_2_0: Vibrator off
07-25 11:16:13.932   852   852 E SecVibrator-HAL-AIDL-CORE: HW_API: do_off
07-25 11:16:13.932   852   852 E SecVibrator-HAL-AIDL-CORE: HW_API: [triggerForceFeedbackVibration]on: 0
07-25 11:16:13.935   852   852 E SecVibrator-HAL-AIDL-EXT: V_5_0: performPrebakedHapticPattern 1 : 4000 : 0
07-25 11:16:13.935   852   852 E SecVibrator-HAL-AIDL-CORE: HW_API: [setForceFeedbackAmplitude]amplitude: 4000
07-25 11:16:13.937   852   852 E SecVibrator-HAL-AIDL-CORE: HW_API: [uploadForceFeedbackeffect]ioctl success ,uploaded effect with ID: 0
07-25 11:16:13.937   852   852 E SecVibrator-HAL-AIDL-CORE: HW_API: do_on for timeoutMs: 1000
07-25 11:16:13.937   852   852 E SecVibrator-HAL-AIDL-CORE: HW_API: [triggerForceFeedbackVibration]on: 1
07-25 11:16:14.055   852   852 E SecVibrator-HAL-AIDL-CORE: V_2_0: Vibrator off
07-25 11:16:14.055   852   852 E SecVibrator-HAL-AIDL-CORE: HW_API: do_off
07-25 11:16:14.055   852   852 E SecVibrator-HAL-AIDL-CORE: HW_API: [triggerForceFeedbackVibration]on: 0
07-25 11:16:14.113   852   852 E SecVibrator-HAL-AIDL-EXT: V_5_0: performPrebakedHapticPattern 51 : 4000 : 0
07-25 11:16:14.113   852   852 E SecVibrator-HAL-AIDL-CORE: HW_API: [setForceFeedbackAmplitude]amplitude: 4000
07-25 11:16:14.115   852   852 E SecVibrator-HAL-AIDL-CORE: HW_API: [uploadForceFeedbackeffect]ioctl success ,uploaded effect with ID: 0
07-25 11:16:14.115   852   852 E SecVibrator-HAL-AIDL-CORE: HW_API: do_on for timeoutMs: 1000
07-25 11:16:14.115   852   852 E SecVibrator-HAL-AIDL-CORE: HW_API: [triggerForceFeedbackVibration]on: 1
07-25 11:16:14.244   852   852 E SecVibrator-HAL-AIDL-CORE: V_2_0: Vibrator off
07-25 11:16:14.244   852   852 E SecVibrator-HAL-AIDL-CORE: HW_API: do_off
07-25 11:16:14.244   852   852 E SecVibrator-HAL-AIDL-CORE: HW_API: [triggerForceFeedbackVibration]on: 0
07-25 11:16:14.309   852   852 E SecVibrator-HAL-AIDL-EXT: V_5_0: performPrebakedHapticPattern 1 : 4000 : 0
07-25 11:16:14.309   852   852 E SecVibrator-HAL-AIDL-CORE: HW_API: [setForceFeedbackAmplitude]amplitude: 4000
07-25 11:16:14.311   852   852 E SecVibrator-HAL-AIDL-CORE: HW_API: [uploadForceFeedbackeffect]ioctl success ,uploaded effect with ID: 0
07-25 11:16:14.311   852   852 E SecVibrator-HAL-AIDL-CORE: HW_API: do_on for timeoutMs: 1000
07-25 11:16:14.311   852   852 E SecVibrator-HAL-AIDL-CORE: HW_API: [triggerForceFeedbackVibration]on: 1
07-25 11:16:14.429   852   852 E SecVibrator-HAL-AIDL-CORE: V_2_0: Vibrator off
07-25 11:16:14.429   852   852 E SecVibrator-HAL-AIDL-CORE: HW_API: do_off
07-25 11:16:14.429   852   852 E SecVibrator-HAL-AIDL-CORE: HW_API: [triggerForceFeedbackVibration]on: 0
07-25 11:16:14.512   852   852 E SecVibrator-HAL-AIDL-EXT: V_5_0: performPrebakedHapticPattern 1 : 4000 : 0
07-25 11:16:14.512   852   852 E SecVibrator-HAL-AIDL-CORE: HW_API: [setForceFeedbackAmplitude]amplitude: 4000
07-25 11:16:14.514   852   852 E SecVibrator-HAL-AIDL-CORE: HW_API: [uploadForceFeedbackeffect]ioctl success ,uploaded effect with ID: 0
07-25 11:16:14.514   852   852 E SecVibrator-HAL-AIDL-CORE: HW_API: do_on for timeoutMs: 1000
07-25 11:16:14.514   852   852 E SecVibrator-HAL-AIDL-CORE: HW_API: [triggerForceFeedbackVibration]on: 1
07-25 11:16:14.631   852   852 E SecVibrator-HAL-AIDL-CORE: V_2_0: Vibrator off
07-25 11:16:14.631   852   852 E SecVibrator-HAL-AIDL-CORE: HW_API: do_off
07-25 11:16:14.631   852   852 E SecVibrator-HAL-AIDL-CORE: HW_API: [triggerForceFeedbackVibration]on: 0
07-25 11:16:14.705   852   852 E SecVibrator-HAL-AIDL-EXT: V_5_0: performPrebakedHapticPattern 1 : 4000 : 0
07-25 11:16:14.705   852   852 E SecVibrator-HAL-AIDL-CORE: HW_API: [setForceFeedbackAmplitude]amplitude: 4000
07-25 11:16:14.707   852   852 E SecVibrator-HAL-AIDL-CORE: HW_API: [uploadForceFeedbackeffect]ioctl success ,uploaded effect with ID: 0
07-25 11:16:14.707   852   852 E SecVibrator-HAL-AIDL-CORE: HW_API: do_on for timeoutMs: 1000
07-25 11:16:14.707   852   852 E SecVibrator-HAL-AIDL-CORE: HW_API: [triggerForceFeedbackVibration]on: 1
07-25 11:16:14.809   852   852 E SecVibrator-HAL-AIDL-CORE: V_2_0: Vibrator off
