07-25 11:12:44.760  9265  9286 E ActivityThread: Failed to find provider info for com.samsung.android.app.reminder
07-25 11:12:44.774  9265  9289 E ActivityThread: Failed to find provider info for com.samsung.android.app.reminder
07-25 11:12:44.779  9265  9290 E ActivityThread: Failed to find provider info for com.samsung.android.app.reminder
07-25 11:12:44.782  9265  9286 E ActivityThread: Failed to find provider info for com.samsung.android.app.reminder
07-25 11:12:44.816  9265  9291 E ActivityThread: Failed to find provider info for com.samsung.android.app.reminder
07-25 11:12:44.853  9265  9286 E ActivityThread: Failed to find provider info for com.samsung.android.app.reminder
07-25 11:12:44.886  9265  9288 E ActivityThread: Failed to find provider info for com.samsung.android.app.spage.provider
07-25 11:12:44.887  9265  9288 E ActivityThread: Failed to find provider info for com.samsung.android.app.spage.provider
07-25 11:12:48.996  1081  4162 E NotificationService: isPkgBlocked = true
07-25 11:12:48.996  1081  4162 E NotificationService: isRecordBlocked = false
07-25 11:12:48.996  1081  4162 E NotificationService: Suppressing notification from package org.telegram.messenger by user request.
07-25 11:12:49.065  1081  4247 E NotificationService: isPkgBlocked = true
07-25 11:12:49.065  1081  4247 E NotificationService: isRecordBlocked = false
07-25 11:12:49.065  1081  4247 E NotificationService: Suppressing notification from package org.telegram.messenger by user request.
07-25 11:12:49.112  1081  4247 E NotificationService: isPkgBlocked = true
07-25 11:12:49.112  1081  4247 E NotificationService: isRecordBlocked = false
07-25 11:12:49.112  1081  4247 E NotificationService: Suppressing notification from package org.telegram.messenger by user request.
07-25 11:12:49.133  1081  4162 E NotificationService: isPkgBlocked = true
07-25 11:12:49.133  1081  4162 E NotificationService: isRecordBlocked = false
07-25 11:12:49.133  1081  4162 E NotificationService: Suppressing notification from package org.telegram.messenger by user request.
07-25 11:12:49.153  1081  4162 E NotificationService: isPkgBlocked = true
07-25 11:12:49.153  1081  4162 E NotificationService: isRecordBlocked = false
07-25 11:12:49.153  1081  4162 E NotificationService: Suppressing notification from package org.telegram.messenger by user request.
07-25 11:12:49.162  1081  4162 E NotificationService: isPkgBlocked = true
07-25 11:12:49.162  1081  4162 E NotificationService: isRecordBlocked = false
07-25 11:12:49.162  1081  4162 E NotificationService: Suppressing notification from package org.telegram.messenger by user request.
07-25 11:12:49.226  1081  4250 E NotificationService: isPkgBlocked = true
07-25 11:12:49.227  1081  4250 E NotificationService: isRecordBlocked = false
07-25 11:12:49.227  1081  4250 E NotificationService: Suppressing notification from package org.telegram.messenger by user request.
07-25 11:12:49.275  1081  4250 E NotificationService: isPkgBlocked = true
07-25 11:12:49.275  1081  4250 E NotificationService: isRecordBlocked = false
07-25 11:12:49.275  1081  4250 E NotificationService: Suppressing notification from package org.telegram.messenger by user request.
07-25 11:12:49.322  1081  4247 E NotificationService: isPkgBlocked = true
07-25 11:12:49.322  1081  4247 E NotificationService: isRecordBlocked = false
07-25 11:12:49.322  1081  4247 E NotificationService: Suppressing notification from package org.telegram.messenger by user request.
07-25 11:12:49.347  1081  4250 E NotificationService: isPkgBlocked = true
07-25 11:12:49.348  1081  4250 E NotificationService: isRecordBlocked = false
07-25 11:12:49.348  1081  4250 E NotificationService: Suppressing notification from package org.telegram.messenger by user request.
07-25 11:12:49.358  1081  4250 E NotificationService: isPkgBlocked = true
07-25 11:12:49.358  1081  4250 E NotificationService: isRecordBlocked = false
07-25 11:12:49.358  1081  4250 E NotificationService: Suppressing notification from package org.telegram.messenger by user request.
07-25 11:12:49.367  1081  4250 E NotificationService: isPkgBlocked = true
07-25 11:12:49.367  1081  4250 E NotificationService: isRecordBlocked = false
07-25 11:12:49.367  1081  4250 E NotificationService: Suppressing notification from package org.telegram.messenger by user request.
07-25 11:12:54.320  1081  1255 E Watchdog: !@Sync: 50532 heap(MB): 199 / 205 FD: 1566 [2025-07-25 11:12:54.320]
07-25 11:13:05.631  1081  4510 E BatteryStatsService: Invalid uid for waking network packet: -1
07-25 11:13:24.340  1081  1255 E Watchdog: !@Sync: 50533 heap(MB): 179 / 205 FD: 1262 [2025-07-25 11:13:24.339]
07-25 11:13:26.013  1081  4250 E BatteryStatsService: Invalid uid for waking network packet: -1
07-25 11:13:40.990  1081  1719 E BatteryStatsService: Invalid uid for waking network packet: -1
07-25 11:13:54.358  1081  1255 E Watchdog: !@Sync: 50534 heap(MB): 162 / 207 FD: 1282 [2025-07-25 11:13:54.357]
07-25 11:13:55.222  1081  4510 E WindowManager: win=Window{f16a38e u0 com.sec.android.app.sbrowser/com.sec.android.app.sbrowser.SBrowserMainActivity} destroySurfaces: appStopped=true cleanupOnResume=false win.mWindowRemovalAllowed=false win.mRemoveOnExit=false win.mViewVisibility=8 caller=com.android.server.wm.ActivityRecord.destroySurfaces:25 com.android.server.wm.ActivityRecord.activityStopped:204 com.android.server.wm.ActivityClientController.activityStopped:95 android.app.IActivityClientController$Stub.onTransact:722 com.android.server.wm.ActivityClientController.onTransact:1 android.os.Binder.execTransactInternal:1541 android.os.Binder.execTransact:1480 
07-25 11:13:55.300  1081  1719 E WindowManager: win=Window{8e680bc u0 com.sec.android.app.launcher/com.samsung.app.honeyspace.edge.edgepanel.app.CocktailBarService} destroySurfaces: appStopped=true cleanupOnResume=false win.mWindowRemovalAllowed=false win.mRemoveOnExit=false win.mViewVisibility=8 caller=com.android.server.wm.WindowManagerService.tryStartExitingAnimation:147 com.android.server.wm.WindowManagerService.relayoutWindowInner:112 com.android.server.wm.WindowManagerService.relayoutWindow:6 com.android.server.wm.Session.relayout:27 android.view.IWindowSession$Stub.onTransact:861 com.android.server.wm.Session.onTransact:1 android.os.Binder.execTransactInternal:1541 
07-25 11:13:55.407 14802  9929 E LoadedApk: Exception : java.lang.NullPointerException: Attempt to invoke virtual method 'boolean android.os.Looper.isPerfLogEnable()' on a null object reference
07-25 11:13:55.427 14802  5678 E LoadedApk: Exception : java.lang.NullPointerException: Attempt to invoke virtual method 'boolean android.os.Looper.isPerfLogEnable()' on a null object reference
07-25 11:13:55.428 14802  5678 E LoadedApk: Exception : java.lang.NullPointerException: Attempt to invoke virtual method 'boolean android.os.Looper.isPerfLogEnable()' on a null object reference
07-25 11:14:23.369  1081  1905 E BatteryStatsService: Invalid uid for waking network packet: -1
07-25 11:14:23.677 14802 10012 E LoadedApk: Exception : java.lang.NullPointerException: Attempt to invoke virtual method 'boolean android.os.Looper.isPerfLogEnable()' on a null object reference
07-25 11:14:23.688 14802  9956 E LoadedApk: Exception : java.lang.NullPointerException: Attempt to invoke virtual method 'boolean android.os.Looper.isPerfLogEnable()' on a null object reference
07-25 11:14:23.693 14802  9956 E LoadedApk: Exception : java.lang.NullPointerException: Attempt to invoke virtual method 'boolean android.os.Looper.isPerfLogEnable()' on a null object reference
07-25 11:14:23.904  1081  4510 E WindowManager: win=Window{df8ed61 u0 NotificationShade} destroySurfaces: appStopped=true cleanupOnResume=false win.mWindowRemovalAllowed=false win.mRemoveOnExit=false win.mViewVisibility=4 caller=com.android.server.wm.WindowManagerService.tryStartExitingAnimation:147 com.android.server.wm.WindowManagerService.relayoutWindowInner:112 com.android.server.wm.WindowManagerService.relayoutWindow:6 com.android.server.wm.Session.relayout:27 android.view.IWindowSession$Stub.onTransact:861 com.android.server.wm.Session.onTransact:1 android.os.Binder.execTransactInternal:1541 
07-25 11:14:24.082  1081  1940 E AidlResponseHandler: Client monitor is not an instance of com.android.server.biometrics.sensors.AcquisitionClient
07-25 11:14:24.420  1081  2377 E WindowManager: win=Window{e3eb0f9 u0 FP Iconview} destroySurfaces: appStopped=true cleanupOnResume=false win.mWindowRemovalAllowed=false win.mRemoveOnExit=false win.mViewVisibility=8 caller=com.android.server.wm.WindowManagerService.tryStartExitingAnimation:147 com.android.server.wm.WindowManagerService.relayoutWindowInner:112 com.android.server.wm.WindowManagerService.relayoutWindow:6 com.android.server.wm.Session.relayout:27 android.view.IWindowSession$Stub.onTransact:861 com.android.server.wm.Session.onTransact:1 android.os.Binder.execTransactInternal:1536 
07-25 11:14:31.215  1081  4251 E WindowManager: win=Window{f16a38e u0 com.sec.android.app.sbrowser/com.sec.android.app.sbrowser.SBrowserMainActivity} destroySurfaces: appStopped=true cleanupOnResume=false win.mWindowRemovalAllowed=false win.mRemoveOnExit=false win.mViewVisibility=8 caller=com.android.server.wm.ActivityRecord.destroySurfaces:25 com.android.server.wm.ActivityRecord.activityStopped:204 com.android.server.wm.ActivityClientController.activityStopped:95 android.app.IActivityClientController$Stub.onTransact:722 com.android.server.wm.ActivityClientController.onTransact:1 android.os.Binder.execTransactInternal:1541 android.os.Binder.execTransact:1480 
07-25 11:14:32.159  1081  1253 E WindowManager: win=Window{aa1f90b u0 SnapshotStartingWindow for taskId=6586 EXITING} destroySurfaces: appStopped=false cleanupOnResume=false win.mWindowRemovalAllowed=true win.mRemoveOnExit=true win.mViewVisibility=0 caller=com.android.server.wm.WindowState.onExitAnimationDone:222 com.android.server.wm.WindowState.onAnimationFinished:161 com.android.server.wm.WindowContainer$$ExternalSyntheticLambda5.onAnimationFinished:26 com.android.server.wm.SurfaceAnimator$$ExternalSyntheticLambda1.run:28 com.android.server.wm.SurfaceAnimator$$ExternalSyntheticLambda0.onAnimationFinished:65 com.android.server.wm.LocalAnimationAdapter$$ExternalSyntheticLambda0.run:10 android.os.Handler.handleCallback:959 
07-25 11:14:32.210  1081  4248 E WindowManager: win=Window{c1fce3d u0 (1-1)-Window{6e19a26 alpha=1.0 fl=}} destroySurfaces: appStopped=true cleanupOnResume=false win.mWindowRemovalAllowed=false win.mRemoveOnExit=false win.mViewVisibility=8 caller=com.android.server.wm.ActivityRecord.destroySurfaces:25 com.android.server.wm.ActivityRecord.activityStopped:204 com.android.server.wm.ActivityClientController.activityStopped:95 android.app.IActivityClientController$Stub.onTransact:722 com.android.server.wm.ActivityClientController.onTransact:1 android.os.Binder.execTransactInternal:1541 android.os.Binder.execTransact:1480 
07-25 11:14:32.210  1081  4248 E WindowManager: win=Window{f74b10c u0 com.sec.android.app.launcher/com.sec.android.app.launcher.activities.LauncherActivity} destroySurfaces: appStopped=true cleanupOnResume=false win.mWindowRemovalAllowed=false win.mRemoveOnExit=false win.mViewVisibility=8 caller=com.android.server.wm.ActivityRecord.destroySurfaces:25 com.android.server.wm.ActivityRecord.activityStopped:204 com.android.server.wm.ActivityClientController.activityStopped:95 android.app.IActivityClientController$Stub.onTransact:722 com.android.server.wm.ActivityClientController.onTransact:1 android.os.Binder.execTransactInternal:1541 android.os.Binder.execTransact:1480 
07-25 11:14:34.803  1081  4068 E TaskPersister: File error accessing recents directory (directory doesn't exist?).
--------- beginning of main
07-25 11:14:41.003  1081  3190 E SemWifiService: getCurrentNetworkScore - invalid score data
07-25 11:14:41.003  1081  3190 E WifiProfileShare.Caster: failed to generate qos array, need to check network score data
07-25 11:14:42.035  1081  3190 E SemWifiService: getCurrentNetworkScore - invalid score data
07-25 11:14:42.035  1081  3190 E WifiProfileShare.Caster: failed to generate qos array, need to check network score data
07-25 11:14:45.156  1081  1255 E Watchdog: !@Sync: 50535 heap(MB): 166 / 204 FD: 1287 [2025-07-25 11:14:45.155]
07-25 11:14:45.868   852   852 E SecVibrator-HAL-AIDL-EXT: V_5_0: performPrebakedHapticPattern 14 : 4000 : 0
07-25 11:14:45.869   852   852 E SecVibrator-HAL-AIDL-CORE: HW_API: [setForceFeedbackAmplitude]amplitude: 4000
07-25 11:14:45.888   852   852 E SecVibrator-HAL-AIDL-CORE: HW_API: [uploadForceFeedbackeffect]ioctl success ,uploaded effect with ID: 0
07-25 11:14:45.888   852   852 E SecVibrator-HAL-AIDL-CORE: HW_API: do_on for timeoutMs: 1000
07-25 11:14:45.888   852   852 E SecVibrator-HAL-AIDL-CORE: HW_API: [triggerForceFeedbackVibration]on: 1
07-25 11:14:45.939   817   857 E HYPER-HAL: [HandlerSysfs.cpp]doResourceHandling(): Couldn't Open Sysfs - /sys/kernel/zram/app_launch
07-25 11:14:45.943  3288  3288 E pageboostd: Received HALT command code 2
07-25 11:14:45.997   852   852 E SecVibrator-HAL-AIDL-CORE: V_2_0: Vibrator off
07-25 11:14:45.997   852   852 E SecVibrator-HAL-AIDL-CORE: HW_API: do_off
07-25 11:14:45.997   852   852 E SecVibrator-HAL-AIDL-CORE: HW_API: [triggerForceFeedbackVibration]on: 0
07-25 11:14:46.024   894   894 E SurfaceFlinger: alpha changed 1.000 -> 0.000 - (1-1)-Window{6e19a26 alpha=1.0 fl=}$_7208#1000927
07-25 11:14:46.024   894   894 E SurfaceFlinger: alpha changed 1.000 -> 0.000 - Surface(name=Task=1)/@0x3ab1a76_transition-leash#1000932
07-25 11:14:46.041   894   894 E SurfaceFlinger: alpha changed 0.000 -> 1.000 - Surface(name=Task=1)/@0x3ab1a76_transition-leash#1000932
07-25 11:14:46.054 18748 18773 E SamsungAccount: [FamilyGroupUtil] getCountryCodeListWithRegionMcc - no country code with region mcc
07-25 11:14:46.091   894   894 E SurfaceFlinger: alpha changed 1.000 -> 0.000 - Surface(name=c011cc2 InputMethod)/@0xc2cffad - animation-leash of insets_animation#1000935
07-25 11:14:46.258  2886  2886 E SurfaceComposerClient: SurfaceComposerClient::Transaction::setAlpha: invalid alpha -0.016384, clamping
07-25 11:14:46.274   894   894 E SurfaceFlinger: alpha changed 0.018 -> 0.000 - Surface(name=Task=6586)/@0xda0ece4_transition-leash#1000933
07-25 11:14:46.274  2886  2886 E SurfaceComposerClient: SurfaceComposerClient::Transaction::setAlpha: invalid alpha -0.037181, clamping
07-25 11:14:46.291  2886  2886 E SurfaceComposerClient: SurfaceComposerClient::Transaction::setAlpha: invalid alpha -0.047709, clamping
07-25 11:14:46.308  2886  2886 E SurfaceComposerClient: SurfaceComposerClient::Transaction::setAlpha: invalid alpha -0.050438, clamping
07-25 11:14:46.324  2886  2886 E SurfaceComposerClient: SurfaceComposerClient::Transaction::setAlpha: invalid alpha -0.046872, clamping
07-25 11:14:46.341  2886  2886 E SurfaceComposerClient: SurfaceComposerClient::Transaction::setAlpha: invalid alpha -0.039456, clamping
07-25 11:14:46.358  2886  2886 E SurfaceComposerClient: SurfaceComposerClient::Transaction::setAlpha: invalid alpha -0.029535, clamping
07-25 11:14:46.374  2886  2886 E SurfaceComposerClient: SurfaceComposerClient::Transaction::setAlpha: invalid alpha -0.014703, clamping
07-25 11:14:46.392 20882 20882 E cr_CompositorSurfaceMgr: surfaceDestroyed format : 4
07-25 11:14:46.443  1081  4652 E WindowManager: win=Window{e127474 u0 com.android.chrome/com.google.android.apps.chrome.Main} destroySurfaces: appStopped=true cleanupOnResume=false win.mWindowRemovalAllowed=false win.mRemoveOnExit=false win.mViewVisibility=8 caller=com.android.server.wm.ActivityRecord.destroySurfaces:25 com.android.server.wm.ActivityRecord.activityStopped:204 com.android.server.wm.ActivityClientController.activityStopped:95 android.app.IActivityClientController$Stub.onTransact:722 com.android.server.wm.ActivityClientController.onTransact:1 android.os.Binder.execTransactInternal:1541 android.os.Binder.execTransact:1480 
07-25 11:14:47.285   894  3097 E NativeCustomFrequencyManager: [NativeCFMS] BpCustomFrequencyManager::acquire()
07-25 11:14:47.439   817 10660 E HYPER-HAL: [HandlerSysfs.cpp]doResourceHandling(): Couldn't Open Sysfs - /sys/kernel/zram/app_launch
07-25 11:14:47.763   817   857 E HYPER-HAL: [HandlerSysfs.cpp]doResourceHandling(): Couldn't Open Sysfs - /sys/kernel/zram/app_launch
07-25 11:14:47.766   817   857 E HYPER-HAL: [HandlerSysfs.cpp]doResourceHandling(): Couldn't Open Sysfs - /sys/kernel/zram/app_launch
07-25 11:14:47.773  3288  3288 E pageboostd: Received HALT command code 2
07-25 11:14:47.773   817   857 E HYPER-HAL: [HandlerSysfs.cpp]doResourceHandling(): Couldn't Open Sysfs - /sys/kernel/zram/app_launch
07-25 11:14:47.774   817   857 E HYPER-HAL: [HandlerSysfs.cpp]doResourceHandling(): Couldn't Open Sysfs - /sys/kernel/zram/app_launch
07-25 11:14:47.791  3288  3288 E pageboostd: Received HALT command code 2
07-25 11:14:47.793   894   894 E SurfaceFlinger: alpha changed 1.000 -> 0.000 - Surface(name=Task=6589)/@0xd80b076_transition-leash#1000941
07-25 11:14:47.801 17492 17492 E SamsungAnalytics605075: Failure to build Log : Event name cannot be null
07-25 11:14:47.838   817   857 E HYPER-HAL: [HandlerSysfs.cpp]doResourceHandling(): Couldn't Open Sysfs - /sys/kernel/zram/app_launch
07-25 11:14:47.843   894   894 E SurfaceFlinger: alpha changed 0.000 -> 0.032 - Surface(name=Task=6589)/@0xd80b076_transition-leash#1000941
07-25 11:14:47.908 18748 18773 E SamsungAccount: [FamilyGroupUtil] getCountryCodeListWithRegionMcc - no country code with region mcc
07-25 11:14:47.926   894   894 E SurfaceFlinger: alpha changed 1.000 -> 0.000 - Surface(name=c011cc2 InputMethod)/@0xc2cffad - animation-leash of insets_animation#1000951
07-25 11:14:48.102  1081  3190 E SemWifiService: getCurrentNetworkScore - invalid score data
07-25 11:14:48.102  1081  3190 E WifiProfileShare.Caster: failed to generate qos array, need to check network score data
07-25 11:14:48.128  1081  1253 E WindowManager: win=Window{7060f5b u0 SnapshotStartingWindow for taskId=6589 EXITING} destroySurfaces: appStopped=false cleanupOnResume=false win.mWindowRemovalAllowed=true win.mRemoveOnExit=true win.mViewVisibility=0 caller=com.android.server.wm.WindowState.onExitAnimationDone:222 com.android.server.wm.WindowState.onAnimationFinished:161 com.android.server.wm.WindowContainer$$ExternalSyntheticLambda5.onAnimationFinished:26 com.android.server.wm.SurfaceAnimator$$ExternalSyntheticLambda1.run:28 com.android.server.wm.SurfaceAnimator$$ExternalSyntheticLambda0.onAnimationFinished:65 com.android.server.wm.LocalAnimationAdapter$$ExternalSyntheticLambda0.run:10 android.os.Handler.handleCallback:959 
07-25 11:14:48.143   894   894 E SurfaceFlinger: alpha changed 0.107 -> 0.000 - Surface(name=7060f5b SnapshotStartingWindow for taskId=6589)/@0xf107f2e - animation-leash of window_animation#1000952
07-25 11:14:48.177  1081  4652 E WindowManager: win=Window{c1fce3d u0 (1-1)-Window{6e19a26 alpha=1.0 fl=}} destroySurfaces: appStopped=true cleanupOnResume=false win.mWindowRemovalAllowed=false win.mRemoveOnExit=false win.mViewVisibility=8 caller=com.android.server.wm.ActivityRecord.destroySurfaces:25 com.android.server.wm.ActivityRecord.activityStopped:204 com.android.server.wm.ActivityClientController.activityStopped:95 android.app.IActivityClientController$Stub.onTransact:722 com.android.server.wm.ActivityClientController.onTransact:1 android.os.Binder.execTransactInternal:1541 android.os.Binder.execTransact:1480 
07-25 11:14:48.177  1081  4652 E WindowManager: win=Window{f74b10c u0 com.sec.android.app.launcher/com.sec.android.app.launcher.activities.LauncherActivity} destroySurfaces: appStopped=true cleanupOnResume=false win.mWindowRemovalAllowed=false win.mRemoveOnExit=false win.mViewVisibility=8 caller=com.android.server.wm.ActivityRecord.destroySurfaces:25 com.android.server.wm.ActivityRecord.activityStopped:204 com.android.server.wm.ActivityClientController.activityStopped:95 android.app.IActivityClientController$Stub.onTransact:722 com.android.server.wm.ActivityClientController.onTransact:1 android.os.Binder.execTransactInternal:1541 android.os.Binder.execTransact:1480 
07-25 11:14:48.366   817 10694 E HYPER-HAL: [HandlerSysfs.cpp]doResourceHandling(): Couldn't Open Sysfs - /sys/kernel/zram/app_launch
07-25 11:14:48.517   817 10695 E HYPER-HAL: [HandlerSysfs.cpp]doResourceHandling(): Couldn't Open Sysfs - /sys/kernel/zram/app_launch
07-25 11:14:49.285   817 10698 E HYPER-HAL: [HandlerSysfs.cpp]doResourceHandling(): Couldn't Open Sysfs - /sys/kernel/zram/app_launch
07-25 11:14:49.756  5879  5879 E mpf     : AbstractActivityBaseController: Received null cursor from loader id: 31 [CONTEXT android_log_tag="AABController" ]
07-25 11:14:49.756  5879  5879 E mpf     : RecentFolderList: RecentFolderList.loadFromUiProvider: bad input. mAccount=com.android.mail.providers.Account@7f607c58{name=2145258693 type=com.google syncStatus=0 securityHold=FREE_TO_SYNC},cursor=null
07-25 11:14:49.763  6058  6137 E chromium: [ERROR:cc/tiles/tile_manager.cc:1001] WARNING: tile memory limits exceeded, some content may not draw
07-25 11:14:49.763  6058  6137 E chromium: [ERROR:cc/tiles/tile_manager.cc:1001] WARNING: tile memory limits exceeded, some content may not draw
07-25 11:14:49.763  6058  6137 E chromium: [ERROR:cc/tiles/tile_manager.cc:1001] WARNING: tile memory limits exceeded, some content may not draw
07-25 11:14:49.776  6058  6137 E chromium: [ERROR:cc/tiles/tile_manager.cc:1001] WARNING: tile memory limits exceeded, some content may not draw
07-25 11:14:49.778   894   894 E SurfaceFlinger: alpha changed 1.000 -> 0.000 - DimTransitionLayer for Surface(name=ActivityRecord{8f9ef9b u0 com.sec.android.app.sbrowser/.customtabs.CustomTabActivity t6589})/@0x1d6822d#1000957
07-25 11:14:49.778   894   894 E SurfaceFlinger: alpha changed 0.000 -> 0.180 - DimTransitionLayer for Surface(name=ActivityRecord{8f9ef9b u0 com.sec.android.app.sbrowser/.customtabs.CustomTabActivity t6589})/@0x1d6822d#1000957
07-25 11:14:49.783  6058  6137 E chromium: [ERROR:cc/tiles/tile_manager.cc:1001] WARNING: tile memory limits exceeded, some content may not draw
07-25 11:14:49.784  6058  6137 E chromium: [ERROR:cc/tiles/tile_manager.cc:1001] WARNING: tile memory limits exceeded, some content may not draw
07-25 11:14:49.789  6058  6137 E chromium: [ERROR:cc/tiles/tile_manager.cc:1001] WARNING: tile memory limits exceeded, some content may not draw
07-25 11:14:49.792  6058  6137 E chromium: [ERROR:cc/tiles/tile_manager.cc:1001] WARNING: tile memory limits exceeded, some content may not draw
07-25 11:14:49.800 18748 18773 E SamsungAccount: [FamilyGroupUtil] getCountryCodeListWithRegionMcc - no country code with region mcc
07-25 11:14:49.819  4109 10775 E AtomicFile: Failed to rename /data/user_de/0/com.samsung.android.honeyboard/files/selected.json.new to /data/user_de/0/com.samsung.android.honeyboard/files/selected.json
07-25 11:14:49.828   894   894 E SurfaceFlinger: alpha changed 1.000 -> 0.000 - Surface(name=c011cc2 InputMethod)/@0xc2cffad - animation-leash of insets_animation#1000958
07-25 11:14:49.945   894   894 E SurfaceFlinger: alpha changed 0.019 -> 0.000 - DimTransitionLayer for Surface(name=ActivityRecord{8f9ef9b u0 com.sec.android.app.sbrowser/.customtabs.CustomTabActivity t6589})/@0x1d6822d#1000957
07-25 11:14:49.945   894   894 E SurfaceFlinger: alpha changed 0.000 -> 0.000 - DimTransitionLayer for Surface(name=ActivityRecord{8f9ef9b u0 com.sec.android.app.sbrowser/.customtabs.CustomTabActivity t6589})/@0x1d6822d#1000957
07-25 11:14:51.140  1081  3190 E SemWifiService: getCurrentNetworkScore - invalid score data
07-25 11:14:51.140  1081  3190 E WifiProfileShare.Caster: failed to generate qos array, need to check network score data
07-25 11:14:51.210   852   852 E SecVibrator-HAL-AIDL-EXT: V_5_0: performPrebakedHapticPattern 1 : 4000 : 0
07-25 11:14:51.210   852   852 E SecVibrator-HAL-AIDL-CORE: HW_API: [setForceFeedbackAmplitude]amplitude: 4000
07-25 11:14:51.227   852   852 E SecVibrator-HAL-AIDL-CORE: HW_API: [uploadForceFeedbackeffect]ioctl success ,uploaded effect with ID: 0
07-25 11:14:51.227   852   852 E SecVibrator-HAL-AIDL-CORE: HW_API: do_on for timeoutMs: 1000
07-25 11:14:51.227   852   852 E SecVibrator-HAL-AIDL-CORE: HW_API: [triggerForceFeedbackVibration]on: 1
07-25 11:14:51.263   894   894 E SurfaceFlinger: alpha changed 1.000 -> 0.000 - Surface(name=6992c47 AtchDlg:com.google.android.gm/com.google.android.gm.ConversationListActivityGmail)/@0x3ae86f8 - animation-leash of window_animation#1000963
07-25 11:14:51.263   894   894 E SurfaceFlinger: alpha changed 1.000 -> 0.000 - Dim Layer for - Task=6589#1000964
07-25 11:14:51.287  1081  4068 E TaskPersister: File error accessing recents directory (directory doesn't exist?).
07-25 11:14:51.297   894   894 E SurfaceFlinger: alpha changed 0.000 -> 0.214 - Surface(name=6992c47 AtchDlg:com.google.android.gm/com.google.android.gm.ConversationListActivityGmail)/@0x3ae86f8 - animation-leash of window_animation#1000963
07-25 11:14:51.297   894   894 E SurfaceFlinger: alpha changed 0.000 -> 0.036 - Dim Layer for - Task=6589#1000964
07-25 11:14:51.330   852   852 E SecVibrator-HAL-AIDL-CORE: V_2_0: Vibrator off
07-25 11:14:51.330   852   852 E SecVibrator-HAL-AIDL-CORE: HW_API: do_off
07-25 11:14:51.330   852   852 E SecVibrator-HAL-AIDL-CORE: HW_API: [triggerForceFeedbackVibration]on: 0
07-25 11:14:52.537  1081  4248 E ClipboardService: Denying clipboard access to com.android.chrome, application is not in focus nor is it a system service for user 0
07-25 11:14:52.537  1081  4248 E ClipboardService: Denying clipboard access to com.google.android.as, application is not in focus nor is it a system service for user 0
07-25 11:14:52.537  1081  4248 E ClipboardService: Denying clipboard access to com.sec.android.app.sbrowser, application is not in focus nor is it a system service for user 0
07-25 11:14:52.575  4109  4389 E IceCone : b mimetype = text/plain 
07-25 11:14:52.595 18748 18773 E SamsungAccount: [FamilyGroupUtil] getCountryCodeListWithRegionMcc - no country code with region mcc
07-25 11:14:52.599 10819 10819 E ndroid.scs:text: Not starting debugger since process cannot load the jdwp agent.
07-25 11:14:52.631   894   894 E SurfaceFlinger: alpha changed 1.000 -> 0.000 - Surface(name=eb01b17 Toast)/@0xf90ed34 - animation-leash of window_animation#1000971
07-25 11:14:52.631   894   894 E SurfaceFlinger: alpha changed 0.000 -> 0.000 - Surface(name=eb01b17 Toast)/@0xf90ed34 - animation-leash of window_animation#1000971
07-25 11:14:52.648   894   894 E SurfaceFlinger: alpha changed 0.000 -> 0.063 - Surface(name=eb01b17 Toast)/@0xf90ed34 - animation-leash of window_animation#1000971
07-25 11:14:52.717  1081  1253 E WindowManager: win=Window{6992c47 u0 AtchDlg:com.google.android.gm/com.google.android.gm.ConversationListActivityGmail EXITING} destroySurfaces: appStopped=false cleanupOnResume=false win.mWindowRemovalAllowed=true win.mRemoveOnExit=true win.mViewVisibility=0 caller=com.android.server.wm.WindowState.onExitAnimationDone:222 com.android.server.wm.WindowState.onAnimationFinished:161 com.android.server.wm.WindowContainer$$ExternalSyntheticLambda5.onAnimationFinished:26 com.android.server.wm.SurfaceAnimator$$ExternalSyntheticLambda1.run:28 com.android.server.wm.SurfaceAnimator$$ExternalSyntheticLambda0.onAnimationFinished:65 com.android.server.wm.LocalAnimationAdapter$$ExternalSyntheticLambda0.run:10 android.os.Handler.handleCallback:959 
07-25 11:14:52.731   894   894 E SurfaceFlinger: alpha changed 0.013 -> 0.000 - Surface(name=6992c47 AtchDlg:com.google.android.gm/com.google.android.gm.ConversationListActivityGmail)/@0x3ae86f8 - animation-leash of window_animation#1000965
07-25 11:14:52.748   894   894 E SurfaceFlinger: alpha changed 0.034 -> 0.000 - Dim Layer for - Task=6589#1000964
07-25 11:14:52.952   852   852 E SecVibrator-HAL-AIDL-EXT: V_5_0: performPrebakedHapticPattern 14 : 4000 : 0
07-25 11:14:52.953   852   852 E SecVibrator-HAL-AIDL-CORE: HW_API: [setForceFeedbackAmplitude]amplitude: 4000
07-25 11:14:52.957   852   852 E SecVibrator-HAL-AIDL-CORE: HW_API: [uploadForceFeedbackeffect]ioctl success ,uploaded effect with ID: 0
07-25 11:14:52.958   852   852 E SecVibrator-HAL-AIDL-CORE: HW_API: do_on for timeoutMs: 1000
07-25 11:14:52.958   852   852 E SecVibrator-HAL-AIDL-CORE: HW_API: [triggerForceFeedbackVibration]on: 1
07-25 11:14:53.024   817   857 E HYPER-HAL: [HandlerSysfs.cpp]doResourceHandling(): Couldn't Open Sysfs - /sys/kernel/zram/app_launch
07-25 11:14:53.039  3288  3288 E pageboostd: Received HALT command code 2
07-25 11:14:53.078   852   852 E SecVibrator-HAL-AIDL-CORE: V_2_0: Vibrator off
07-25 11:14:53.078   852   852 E SecVibrator-HAL-AIDL-CORE: HW_API: do_off
07-25 11:14:53.078   852   852 E SecVibrator-HAL-AIDL-CORE: HW_API: [triggerForceFeedbackVibration]on: 0
07-25 11:14:53.081  1081  2009 E ClipboardService: Denying clipboard access to com.android.chrome, application is not in focus nor is it a system service for user 0
07-25 11:14:53.081  1081  2009 E ClipboardService: Denying clipboard access to com.google.android.as, application is not in focus nor is it a system service for user 0
07-25 11:14:53.081  1081  2009 E ClipboardService: Denying clipboard access to com.sec.android.app.sbrowser, application is not in focus nor is it a system service for user 0
07-25 11:14:53.082   894   894 E SurfaceFlinger: alpha changed 1.000 -> 0.000 - (1-1)-Window{6e19a26 alpha=1.0 fl=}$_7208#1000972
07-25 11:14:53.082   894   894 E SurfaceFlinger: alpha changed 1.000 -> 0.000 - Surface(name=Task=1)/@0x9a7ebe8_transition-leash#1000977
07-25 11:14:53.082  1081  2009 E ClipboardService: Denying clipboard access to com.google.android.gm, application is not in focus nor is it a system service for user 0
07-25 11:14:53.098   894   894 E SurfaceFlinger: alpha changed 0.000 -> 1.000 - Surface(name=Task=1)/@0x9a7ebe8_transition-leash#1000977
07-25 11:14:53.109 18748 18773 E SamsungAccount: [FamilyGroupUtil] getCountryCodeListWithRegionMcc - no country code with region mcc
07-25 11:14:53.148   894   894 E SurfaceFlinger: alpha changed 1.000 -> 0.000 - Surface(name=c011cc2 InputMethod)/@0xc2cffad - animation-leash of insets_animation#1000980
07-25 11:14:53.315  2886  2886 E SurfaceComposerClient: SurfaceComposerClient::Transaction::setAlpha: invalid alpha -0.016384, clamping
07-25 11:14:53.332   894   894 E SurfaceFlinger: alpha changed 0.022 -> 0.000 - Surface(name=Task=6589)/@0x67568a6_transition-leash#1000978
07-25 11:14:53.332  2886  2886 E SurfaceComposerClient: SurfaceComposerClient::Transaction::setAlpha: invalid alpha -0.036481, clamping
07-25 11:14:53.348  2886  2886 E SurfaceComposerClient: SurfaceComposerClient::Transaction::setAlpha: invalid alpha -0.047539, clamping
07-25 11:14:53.365  2886  2886 E SurfaceComposerClient: SurfaceComposerClient::Transaction::setAlpha: invalid alpha -0.050438, clamping
07-25 11:14:53.382  2886  2886 E SurfaceComposerClient: SurfaceComposerClient::Transaction::setAlpha: invalid alpha -0.047134, clamping
07-25 11:14:53.398  2886  2886 E SurfaceComposerClient: SurfaceComposerClient::Transaction::setAlpha: invalid alpha -0.040076, clamping
07-25 11:14:53.415  2886  2886 E SurfaceComposerClient: SurfaceComposerClient::Transaction::setAlpha: invalid alpha -0.029535, clamping
07-25 11:14:53.432  2886  2886 E SurfaceComposerClient: SurfaceComposerClient::Transaction::setAlpha: invalid alpha -0.015622, clamping
07-25 11:14:53.504  1081  2377 E WindowManager: win=Window{ed7f830 u0 com.google.android.gm/com.google.android.gm.ConversationListActivityGmail} destroySurfaces: appStopped=true cleanupOnResume=false win.mWindowRemovalAllowed=false win.mRemoveOnExit=false win.mViewVisibility=8 caller=com.android.server.wm.ActivityRecord.destroySurfaces:25 com.android.server.wm.ActivityRecord.activityStopped:204 com.android.server.wm.ActivityClientController.activityStopped:95 android.app.IActivityClientController$Stub.onTransact:722 com.android.server.wm.ActivityClientController.onTransact:1 android.os.Binder.execTransactInternal:1541 android.os.Binder.execTransact:1480 
07-25 11:14:53.635   894  3097 E NativeCustomFrequencyManager: [NativeCFMS] BpCustomFrequencyManager::acquire()
07-25 11:14:54.007   838   849 E BatteryDump: !@new_battery_dump : 4134,-405,100,100,76,322,324,345,321,0,320,342,0,Discharging,NO_CHARGING,None,Good,NONE,0,Normal,0,0,8340,0x40000000,0x10000,0x0,0,0,0000,0000,00000000,0,0,0,0,192,4166,7628,990,0,
07-25 11:14:54.042  1081  1275 E system_server: updateValue is called with a value 6676482, which is lower than the previous value 6677434
07-25 11:14:54.042  1081  1275 E system_server: updateValue is called with a value 835244, which is lower than the previous value 835890
07-25 11:14:54.086 10880 10880 E roid.apps.turbo: Not starting debugger since process cannot load the jdwp agent.
07-25 11:14:54.104   817   857 E HYPER-HAL: [HandlerSysfs.cpp]doResourceHandling(): Couldn't Open Sysfs - /sys/kernel/zram/app_launch
07-25 11:14:54.108  3288  3288 E pageboostd: Received HALT command code 2
07-25 11:14:54.108   817   857 E HYPER-HAL: [HandlerSysfs.cpp]doResourceHandling(): Couldn't Open Sysfs - /sys/kernel/zram/app_launch
07-25 11:14:54.110   817   857 E HYPER-HAL: [HandlerSysfs.cpp]doResourceHandling(): Couldn't Open Sysfs - /sys/kernel/zram/app_launch
07-25 11:14:54.110  3288  3288 E pageboostd: Received HALT command code 2
07-25 11:14:54.132   894   894 E SurfaceFlinger: alpha changed 1.000 -> 0.000 - Surface(name=Task=6586)/@0xab391e8_transition-leash#1000986
07-25 11:14:54.165   817   857 E HYPER-HAL: [HandlerSysfs.cpp]doResourceHandling(): Couldn't Open Sysfs - /sys/kernel/zram/app_launch
07-25 11:14:54.182   894   894 E SurfaceFlinger: alpha changed 0.000 -> 0.027 - Surface(name=Task=6586)/@0xab391e8_transition-leash#1000986
07-25 11:14:54.204  1081  3190 E SemWifiService: getCurrentNetworkScore - invalid score data
07-25 11:14:54.204  1081  3190 E WifiProfileShare.Caster: failed to generate qos array, need to check network score data
07-25 11:14:54.245 18748 18773 E SamsungAccount: [FamilyGroupUtil] getCountryCodeListWithRegionMcc - no country code with region mcc
07-25 11:14:54.266   894   894 E SurfaceFlinger: alpha changed 1.000 -> 0.000 - Surface(name=c011cc2 InputMethod)/@0xc2cffad - animation-leash of insets_animation#1000996
07-25 11:14:54.467  1081  1253 E WindowManager: win=Window{6a1dc25 u0 SnapshotStartingWindow for taskId=6586 EXITING} destroySurfaces: appStopped=false cleanupOnResume=false win.mWindowRemovalAllowed=true win.mRemoveOnExit=true win.mViewVisibility=0 caller=com.android.server.wm.WindowState.onExitAnimationDone:222 com.android.server.wm.WindowState.onAnimationFinished:161 com.android.server.wm.WindowContainer$$ExternalSyntheticLambda5.onAnimationFinished:26 com.android.server.wm.SurfaceAnimator$$ExternalSyntheticLambda1.run:28 com.android.server.wm.SurfaceAnimator$$ExternalSyntheticLambda0.onAnimationFinished:65 com.android.server.wm.LocalAnimationAdapter$$ExternalSyntheticLambda0.run:10 android.os.Handler.handleCallback:959 
07-25 11:14:54.483   894   894 E SurfaceFlinger: alpha changed 0.107 -> 0.000 - Surface(name=6a1dc25 SnapshotStartingWindow for taskId=6586)/@0x20e2e22 - animation-leash of window_animation#1000997
07-25 11:14:54.517  1081  4400 E WindowManager: win=Window{c1fce3d u0 (1-1)-Window{6e19a26 alpha=1.0 fl=}} destroySurfaces: appStopped=true cleanupOnResume=false win.mWindowRemovalAllowed=false win.mRemoveOnExit=false win.mViewVisibility=8 caller=com.android.server.wm.ActivityRecord.destroySurfaces:25 com.android.server.wm.ActivityRecord.activityStopped:204 com.android.server.wm.ActivityClientController.activityStopped:95 android.app.IActivityClientController$Stub.onTransact:722 com.android.server.wm.ActivityClientController.onTransact:1 android.os.Binder.execTransactInternal:1541 android.os.Binder.execTransact:1480 
07-25 11:14:54.517  1081  4400 E WindowManager: win=Window{f74b10c u0 com.sec.android.app.launcher/com.sec.android.app.launcher.activities.LauncherActivity} destroySurfaces: appStopped=true cleanupOnResume=false win.mWindowRemovalAllowed=false win.mRemoveOnExit=false win.mViewVisibility=8 caller=com.android.server.wm.ActivityRecord.destroySurfaces:25 com.android.server.wm.ActivityRecord.activityStopped:204 com.android.server.wm.ActivityClientController.activityStopped:95 android.app.IActivityClientController$Stub.onTransact:722 com.android.server.wm.ActivityClientController.onTransact:1 android.os.Binder.execTransactInternal:1541 android.os.Binder.execTransact:1480 
07-25 11:14:54.705   817 10890 E HYPER-HAL: [HandlerSysfs.cpp]doResourceHandling(): Couldn't Open Sysfs - /sys/kernel/zram/app_launch
07-25 11:14:54.855   817 10843 E HYPER-HAL: [HandlerSysfs.cpp]doResourceHandling(): Couldn't Open Sysfs - /sys/kernel/zram/app_launch
07-25 11:14:55.435   894   894 E SurfaceFlinger: alpha changed 0.063 -> 0.000 - Surface(name=eb01b17 Toast)/@0xf90ed34 - animation-leash of window_animation#1000998
07-25 11:14:55.612   817 10892 E HYPER-HAL: [HandlerSysfs.cpp]doResourceHandling(): Couldn't Open Sysfs - /sys/kernel/zram/app_launch
07-25 11:14:56.793 10967 10967 E libc    : SetHeapTaggingLevel: re-enabling tagging after it was disabled is not supported
07-25 11:14:56.814 10967 10967 E ocessService0:3: Not starting debugger since process cannot load the jdwp agent.
07-25 11:14:57.116  1081  4068 E TaskPersister: File error accessing recents directory (directory doesn't exist?).
07-25 11:14:57.154 18748 18773 E SamsungAccount: [FamilyGroupUtil] getCountryCodeListWithRegionMcc - no country code with region mcc
07-25 11:14:57.228  1081  3190 E SemWifiService: getCurrentNetworkScore - invalid score data
07-25 11:14:57.228  1081  3190 E WifiProfileShare.Caster: failed to generate qos array, need to check network score data
07-25 11:14:57.518  1081  2890 E KernelCpuUidFullTimeReader: Negative delta from freq time for uid: 90003, delta: -35
07-25 11:14:57.752 18748 18773 E SamsungAccount: [FamilyGroupUtil] getCountryCodeListWithRegionMcc - no country code with region mcc
07-25 11:14:57.771 18748 18773 E SamsungAccount: [FamilyGroupUtil] getCountryCodeListWithRegionMcc - no country code with region mcc
07-25 11:14:57.995 18748 18773 E SamsungAccount: [FamilyGroupUtil] getCountryCodeListWithRegionMcc - no country code with region mcc
07-25 11:14:58.018 18748 18773 E SamsungAccount: [FamilyGroupUtil] getCountryCodeListWithRegionMcc - no country code with region mcc
07-25 11:14:58.104   894   894 E SurfaceFlinger: alpha changed 0.000 -> 1.000 - Surface(name=c011cc2 InputMethod)/@0xc2cffad - animation-leash of insets_animation#1000996
07-25 11:14:58.576 18748 18773 E SamsungAccount: [FamilyGroupUtil] getCountryCodeListWithRegionMcc - no country code with region mcc
07-25 11:14:58.580 18748 18773 E SamsungAccount: [FamilyGroupUtil] getCountryCodeListWithRegionMcc - no country code with region mcc
07-25 11:14:58.614 18748 18773 E SamsungAccount: [FamilyGroupUtil] getCountryCodeListWithRegionMcc - no country code with region mcc
07-25 11:14:58.789 18748 18773 E SamsungAccount: [FamilyGroupUtil] getCountryCodeListWithRegionMcc - no country code with region mcc
07-25 11:14:59.081  1081  2739 E WindowManager: win=Window{c011cc2 u0 InputMethod} destroySurfaces: appStopped=true cleanupOnResume=false win.mWindowRemovalAllowed=false win.mRemoveOnExit=false win.mViewVisibility=8 caller=com.android.server.wm.WindowManagerService.tryStartExitingAnimation:147 com.android.server.wm.WindowManagerService.relayoutWindowInner:112 com.android.server.wm.WindowManagerService.relayoutWindow:6 com.android.server.wm.Session.relayout:27 android.view.IWindowSession$Stub.onTransact:861 com.android.server.wm.Session.onTransact:1 android.os.Binder.execTransactInternal:1536 
07-25 11:15:00.167 11070 11070 E l.bsnl.selfcare: Not starting debugger since process cannot load the jdwp agent.
07-25 11:15:00.235  1081  3190 E SemWifiService: getCurrentNetworkScore - invalid score data
07-25 11:15:00.235  1081  3190 E WifiProfileShare.Caster: failed to generate qos array, need to check network score data
07-25 11:15:00.324 11070 11090 E SessionConfigFetcher: Error failing to fetch the remote configs: Unable to resolve host "firebase-settings.crashlytics.com": No address associated with hostname
07-25 11:15:00.327 11070 11109 E l.bsnl.selfcare: No package ID 6a found for resource ID 0x6a0b000f.
07-25 11:15:00.598 11070 11070 E MethodChannel#dexterous.com/flutter/local_notifications: Failed to handle method call
07-25 11:15:00.598 11070 11070 E MethodChannel#dexterous.com/flutter/local_notifications: java.lang.NullPointerException: Attempt to invoke virtual method 'int android.content.Context.checkPermission(java.lang.String, int, int)' on a null object reference
07-25 11:15:00.598 11070 11070 E MethodChannel#dexterous.com/flutter/local_notifications: 	at androidx.core.content.a.a(Unknown Source:41)
07-25 11:15:00.598 11070 11070 E MethodChannel#dexterous.com/flutter/local_notifications: 	at com.dexterous.flutterlocalnotifications.FlutterLocalNotificationsPlugin.requestNotificationsPermission(Unknown Source:24)
07-25 11:15:00.598 11070 11070 E MethodChannel#dexterous.com/flutter/local_notifications: 	at com.dexterous.flutterlocalnotifications.FlutterLocalNotificationsPlugin.onMethodCall(Unknown Source:429)
07-25 11:15:00.598 11070 11070 E MethodChannel#dexterous.com/flutter/local_notifications: 	at r9.k$a.a(Unknown Source:17)
07-25 11:15:00.598 11070 11070 E MethodChannel#dexterous.com/flutter/local_notifications: 	at f9.c.l(Unknown Source:18)
07-25 11:15:00.598 11070 11070 E MethodChannel#dexterous.com/flutter/local_notifications: 	at f9.c.m(Unknown Source:41)
07-25 11:15:00.598 11070 11070 E MethodChannel#dexterous.com/flutter/local_notifications: 	at f9.c.i(Unknown Source:0)
07-25 11:15:00.598 11070 11070 E MethodChannel#dexterous.com/flutter/local_notifications: 	at f9.b.run(Unknown Source:12)
07-25 11:15:00.598 11070 11070 E MethodChannel#dexterous.com/flutter/local_notifications: 	at android.os.Handler.handleCallback(Handler.java:959)
07-25 11:15:00.598 11070 11070 E MethodChannel#dexterous.com/flutter/local_notifications: 	at android.os.Handler.dispatchMessage(Handler.java:100)
07-25 11:15:00.598 11070 11070 E MethodChannel#dexterous.com/flutter/local_notifications: 	at android.os.Looper.loopOnce(Looper.java:257)
07-25 11:15:00.598 11070 11070 E MethodChannel#dexterous.com/flutter/local_notifications: 	at android.os.Looper.loop(Looper.java:342)
07-25 11:15:00.598 11070 11070 E MethodChannel#dexterous.com/flutter/local_notifications: 	at android.app.ActivityThread.main(ActivityThread.java:9634)
07-25 11:15:00.598 11070 11070 E MethodChannel#dexterous.com/flutter/local_notifications: 	at java.lang.reflect.Method.invoke(Native Method)
07-25 11:15:00.598 11070 11070 E MethodChannel#dexterous.com/flutter/local_notifications: 	at com.android.internal.os.RuntimeInit$MethodAndArgsCaller.run(RuntimeInit.java:619)
07-25 11:15:00.598 11070 11070 E MethodChannel#dexterous.com/flutter/local_notifications: 	at com.android.internal.os.ZygoteInit.main(ZygoteInit.java:929)
07-25 11:15:00.599 11070 11128 E flutter : [ERROR:flutter/runtime/dart_vm_initializer.cc(41)] Unhandled Exception: PlatformException(error, Attempt to invoke virtual method 'int android.content.Context.checkPermission(java.lang.String, int, int)' on a null object reference, null, java.lang.NullPointerException: Attempt to invoke virtual method 'int android.content.Context.checkPermission(java.lang.String, int, int)' on a null object reference
07-25 11:15:00.599 11070 11128 E flutter : 	at androidx.core.content.a.a(Unknown Source:41)
07-25 11:15:00.599 11070 11128 E flutter : 	at com.dexterous.flutterlocalnotifications.FlutterLocalNotificationsPlugin.requestNotificationsPermission(Unknown Source:24)
07-25 11:15:00.599 11070 11128 E flutter : 	at com.dexterous.flutterlocalnotifications.FlutterLocalNotificationsPlugin.onMethodCall(Unknown Source:429)
07-25 11:15:00.599 11070 11128 E flutter : 	at r9.k$a.a(Unknown Source:17)
07-25 11:15:00.599 11070 11128 E flutter : 	at f9.c.l(Unknown Source:18)
07-25 11:15:00.599 11070 11128 E flutter : 	at f9.c.m(Unknown Source:41)
07-25 11:15:00.599 11070 11128 E flutter : 	at f9.c.i(Unknown Source:0)
07-25 11:15:00.599 11070 11128 E flutter : 	at f9.b.run(Unknown Source:12)
07-25 11:15:00.599 11070 11128 E flutter : 	at android.os.Handler.handleCallback(Handler.java:959)
07-25 11:15:00.599 11070 11128 E flutter : 	at android.os.Handler.dispatchMessage(Handler.java:100)
07-25 11:15:00.599 11070 11128 E flutter : 	at android.os.Looper.loopOnce(Looper.java:257)
07-25 11:15:00.599 11070 11128 E flutter : 	at android.os.Looper.loop(Looper.java:342)
07-25 11:15:00.599 11070 11128 E flutter : 	at android.app.ActivityThread.main(ActivityThread.java:9634)
07-25 11:15:00.599 11070 11128 E flutter : 	at java.lang.reflect.Method.invoke(Native Method)
07-25 11:15:00.599 11070 11128 E flutter : 	at com.android.internal.os.RuntimeInit$MethodAndArgsCaller.run(RuntimeInit.java:619)
07-25 11:15:00.599 11070 11128 E flutter : 	at com.android.internal.os.ZygoteInit.main(ZygoteInit.java:929)
07-25 11:15:00.599 11070 11128 E flutter : )
07-25 11:15:00.599 11070 11128 E flutter : *** *** *** *** *** *** *** *** *** *** *** *** *** *** *** ***
07-25 11:15:00.599 11070 11128 E flutter : pid: 11070, tid: 11128, name 1.ui
07-25 11:15:00.599 11070 11128 E flutter : os: android arch: arm64 comp: yes sim: no
07-25 11:15:00.599 11070 11128 E flutter : build_id: '63956a458acaee3910d24405380c482d'
07-25 11:15:00.599 11070 11128 E flutter : isolate_dso_base: 6b8dd76000, vm_dso_base: 6b8dd76000
07-25 11:15:00.599 11070 11128 E flutter : isolate_instructions: 6b8e0ccb40, vm_instructions: 6b8e0b6000
07-25 11:15:00.599 11070 11128 E flutter :     #00 abs 0000006b8e8610e3 virt 0000000000aeb0e3 _kDartIsolateSnapshotInstructions+0x7945a3
07-25 11:15:00.599 11070 11128 E flutter :     #01 abs 0000006b8e96fe3b virt 0000000000bf9e3b _kDartIsolateSnapshotInstructions+0x8a32fb
07-25 11:15:00.599 11070 11128 E flutter : <asynchronous suspension>
07-25 11:15:00.599 11070 11128 E flutter : 
07-25 11:15:00.604 11148 11148 E ui:edgelighting: Not starting debugger since process cannot load the jdwp agent.
07-25 11:15:00.720 11148 11148 E ActivityThread: Failed to find provider info for com.samsung.android.systemui.edgelighting.plus.provider
07-25 11:15:00.882   894  3097 E NativeCustomFrequencyManager: [NativeCFMS] BpCustomFrequencyManager::acquire()
07-25 11:15:01.660 11205 11205 E libc    : SetHeapTaggingLevel: re-enabling tagging after it was disabled is not supported
07-25 11:15:01.673 11205 11205 E ocessService0:4: Not starting debugger since process cannot load the jdwp agent.
07-25 11:15:02.398   894  3097 E NativeCustomFrequencyManager: [NativeCFMS] BpCustomFrequencyManager::acquire()
07-25 11:15:02.582  1081  4250 E ActivityManager: Sending non-protected broadcast com.samsung.systemui.clipboard.UPDATE_CONNECTION_STATE from system 2226:com.android.systemui/u0a53 pkg com.android.systemui
07-25 11:15:02.582  1081  4250 E ActivityManager: java.lang.Throwable
07-25 11:15:02.582  1081  4250 E ActivityManager: 	at com.android.server.am.ActivityManagerService.checkBroadcastFromSystem(qb/95082961 2ea953a9043ae1ed144f78061b6abde86d54cfd0e3072727bc470e809cb853e2:247)
07-25 11:15:02.582  1081  4250 E ActivityManager: 	at com.android.server.am.ActivityManagerService.broadcastIntentLockedTraced(qb/95082961 2ea953a9043ae1ed144f78061b6abde86d54cfd0e3072727bc470e809cb853e2:349)
07-25 11:15:02.582  1081  4250 E ActivityManager: 	at com.android.server.am.ActivityManagerService.broadcastIntentLocked(qb/95082961 2ea953a9043ae1ed144f78061b6abde86d54cfd0e3072727bc470e809cb853e2:18)
07-25 11:15:02.582  1081  4250 E ActivityManager: 	at com.android.server.am.ActivityManagerService.broadcastIntentWithFeature(qb/95082961 2ea953a9043ae1ed144f78061b6abde86d54cfd0e3072727bc470e809cb853e2:99)
07-25 11:15:02.582  1081  4250 E ActivityManager: 	at android.app.IActivityManager$Stub.onTransact$broadcastIntentWithFeature$(IActivityManager.java:12116)
07-25 11:15:02.582  1081  4250 E ActivityManager: 	at android.app.IActivityManager$Stub.onTransact(IActivityManager.java:3095)
07-25 11:15:02.582  1081  4250 E ActivityManager: 	at com.android.server.am.ActivityManagerService.onTransact(qb/95082961 2ea953a9043ae1ed144f78061b6abde86d54cfd0e3072727bc470e809cb853e2:466)
07-25 11:15:02.582  1081  4250 E ActivityManager: 	at android.os.Binder.execTransactInternal(Binder.java:1541)
07-25 11:15:02.582  1081  4250 E ActivityManager: 	at android.os.Binder.execTransact(Binder.java:1480)
07-25 11:15:03.252  1081  3190 E SemWifiService: getCurrentNetworkScore - invalid score data
07-25 11:15:03.252  1081  3190 E WifiProfileShare.Caster: failed to generate qos array, need to check network score data
07-25 11:15:03.966   894  3097 E NativeCustomFrequencyManager: [NativeCFMS] BpCustomFrequencyManager::acquire()
07-25 11:15:05.173 18748 18773 E SamsungAccount: [FamilyGroupUtil] getCountryCodeListWithRegionMcc - no country code with region mcc
07-25 11:15:05.188 18748 18773 E SamsungAccount: [FamilyGroupUtil] getCountryCodeListWithRegionMcc - no country code with region mcc
07-25 11:15:05.240 18748 18773 E SamsungAccount: [FamilyGroupUtil] getCountryCodeListWithRegionMcc - no country code with region mcc
07-25 11:15:05.911  1081  1881 E IPCThreadState: Binder transaction failure. id: 1118740685, BR_*: 29189, error: -3 (No such process)
07-25 11:15:05.911  1081  1881 E ConnectivityService: RemoteException caught trying to send a callback msg for NetworkRequest [ LISTEN id=167651, [ Capabilities: INTERNET&NOT_RESTRICTED&TRUSTED&NOT_VPN&FOREGROUND&NOT_VCN_MANAGED&NOT_BANDWIDTH_CONSTRAINED Uid: 10324 RequestorUid: 10324 RequestorPkg: com.spotify.music UnderlyingNetworks: Null] ]
