07-25 11:21:08.192  2886  2886 E SurfaceComposerClient: SurfaceComposerClient::Transaction::setAlpha: invalid alpha -0.028915, clamping
07-25 11:21:08.209  2886  2886 E SurfaceComposerClient: SurfaceComposerClient::Transaction::setAlpha: invalid alpha -0.014703, clamping
07-25 11:21:08.226 20882 20882 E cr_CompositorSurfaceMgr: surfaceDestroyed format : 4
07-25 11:21:08.308  1081  1719 E WindowManager: win=Window{e127474 u0 com.android.chrome/com.google.android.apps.chrome.Main} destroySurfaces: appStopped=true cleanupOnResume=false win.mWindowRemovalAllowed=false win.mRemoveOnExit=false win.mViewVisibility=8 caller=com.android.server.wm.ActivityRecord.destroySurfaces:25 com.android.server.wm.ActivityRecord.activityStopped:204 com.android.server.wm.ActivityClientController.activityStopped:95 android.app.IActivityClientController$Stub.onTransact:722 com.android.server.wm.ActivityClientController.onTransact:1 android.os.Binder.execTransactInternal:1541 android.os.Binder.execTransact:1480 
07-25 11:21:09.321   817 13738 E HYPER-HAL: [HandlerSysfs.cpp]doResourceHandling(): Couldn't Open Sysfs - /sys/kernel/zram/app_launch
07-25 11:21:09.658  3288 13773 E pageboostd: alp start : app comwhatsapp
07-25 11:21:09.698  3288 13773 E pageboostd: comwhatsapp, amt 74511904 scnt 7 fcnt 0
07-25 11:21:09.700  3288 13773 E pageboostd: comwhatsapp, amt 10067968 scnt 4 fcnt 198
07-25 11:21:09.700  3288 13773 E pageboostd: alp end : app comwhatsapp data_amount 84579872
07-25 11:21:09.716   817   857 E HYPER-HAL: [HandlerSysfs.cpp]doResourceHandling(): Couldn't Open Sysfs - /sys/kernel/zram/app_launch
07-25 11:21:09.718   817   857 E HYPER-HAL: [HandlerSysfs.cpp]doResourceHandling(): Couldn't Open Sysfs - /sys/kernel/zram/app_launch
07-25 11:21:09.723   817   857 E HYPER-HAL: [HandlerSysfs.cpp]doResourceHandling(): Couldn't Open Sysfs - /sys/kernel/zram/app_launch
07-25 11:21:09.724   817   857 E HYPER-HAL: [HandlerSysfs.cpp]doResourceHandling(): Couldn't Open Sysfs - /sys/kernel/zram/app_launch
07-25 11:21:09.725  3288  3288 E pageboostd: Received HALT command code 2
07-25 11:21:09.725   817   857 E HYPER-HAL: [HandlerSysfs.cpp]doResourceHandling(): Couldn't Open Sysfs - /sys/kernel/zram/app_launch
07-25 11:21:09.726   817   857 E HYPER-HAL: [HandlerSysfs.cpp]doResourceHandling(): Couldn't Open Sysfs - /sys/kernel/zram/app_launch
07-25 11:21:09.755  3288  3288 E pageboostd: Received HALT command code 2
07-25 11:21:09.760   894   894 E SurfaceFlinger: alpha changed 1.000 -> 0.000 - Surface(name=Task=6592)/@0xcfb18ac_transition-leash#1001175
07-25 11:21:09.810   894   894 E SurfaceFlinger: alpha changed 0.000 -> 0.032 - Surface(name=Task=6592)/@0xcfb18ac_transition-leash#1001175
07-25 11:21:09.874   817   857 E HYPER-HAL: [HandlerSysfs.cpp]doResourceHandling(): Couldn't Open Sysfs - /sys/kernel/zram/app_launch
07-25 11:21:09.882  3288  3288 E pageboostd: Received HALT command code 2
07-25 11:21:10.142 18748 18821 E SamsungAccount: [FamilyGroupUtil] getCountryCodeListWithRegionMcc - no country code with region mcc
07-25 11:21:10.145  1081  2890 E WindowManager: win=Window{c1fce3d u0 (1-1)-Window{6e19a26 alpha=1.0 fl=}} destroySurfaces: appStopped=true cleanupOnResume=false win.mWindowRemovalAllowed=false win.mRemoveOnExit=false win.mViewVisibility=8 caller=com.android.server.wm.ActivityRecord.destroySurfaces:25 com.android.server.wm.ActivityRecord.activityStopped:204 com.android.server.wm.ActivityClientController.activityStopped:95 android.app.IActivityClientController$Stub.onTransact:722 com.android.server.wm.ActivityClientController.onTransact:1 android.os.Binder.execTransactInternal:1541 android.os.Binder.execTransact:1480 
07-25 11:21:10.145  1081  2890 E WindowManager: win=Window{f74b10c u0 com.sec.android.app.launcher/com.sec.android.app.launcher.activities.LauncherActivity} destroySurfaces: appStopped=true cleanupOnResume=false win.mWindowRemovalAllowed=false win.mRemoveOnExit=false win.mViewVisibility=8 caller=com.android.server.wm.ActivityRecord.destroySurfaces:25 com.android.server.wm.ActivityRecord.activityStopped:204 com.android.server.wm.ActivityClientController.activityStopped:95 android.app.IActivityClientController$Stub.onTransact:722 com.android.server.wm.ActivityClientController.onTransact:1 android.os.Binder.execTransactInternal:1541 android.os.Binder.execTransact:1480 
07-25 11:21:10.161   894   894 E SurfaceFlinger: alpha changed 1.000 -> 0.000 - Surface(name=c011cc2 InputMethod)/@0xc2cffad - animation-leash of insets_animation#1001189
07-25 11:21:10.319   817 13775 E HYPER-HAL: [HandlerSysfs.cpp]doResourceHandling(): Couldn't Open Sysfs - /sys/kernel/zram/app_launch
07-25 11:21:10.470   817 13776 E HYPER-HAL: [HandlerSysfs.cpp]doResourceHandling(): Couldn't Open Sysfs - /sys/kernel/zram/app_launch
07-25 11:21:10.726   817 13779 E HYPER-HAL: [HandlerSysfs.cpp]doResourceHandling(): Couldn't Open Sysfs - /sys/kernel/zram/app_launch
07-25 11:21:11.226   817 13778 E HYPER-HAL: [HandlerSysfs.cpp]doResourceHandling(): Couldn't Open Sysfs - /sys/kernel/zram/app_launch
07-25 11:21:12.042   852   852 E SecVibrator-HAL-AIDL-EXT: V_5_0: performPrebakedHapticPattern 14 : 4000 : 0
07-25 11:21:12.043   852   852 E SecVibrator-HAL-AIDL-CORE: HW_API: [setForceFeedbackAmplitude]amplitude: 4000
07-25 11:21:12.059   852   852 E SecVibrator-HAL-AIDL-CORE: HW_API: [uploadForceFeedbackeffect]ioctl success ,uploaded effect with ID: 0
07-25 11:21:12.059   852   852 E SecVibrator-HAL-AIDL-CORE: HW_API: do_on for timeoutMs: 1000
07-25 11:21:12.059   852   852 E SecVibrator-HAL-AIDL-CORE: HW_API: [triggerForceFeedbackVibration]on: 1
07-25 11:21:12.143   817   857 E HYPER-HAL: [HandlerSysfs.cpp]doResourceHandling(): Couldn't Open Sysfs - /sys/kernel/zram/app_launch
07-25 11:21:12.153  3288  3288 E pageboostd: Received HALT command code 2
07-25 11:21:12.177   852   852 E SecVibrator-HAL-AIDL-CORE: V_2_0: Vibrator off
07-25 11:21:12.177   852   852 E SecVibrator-HAL-AIDL-CORE: HW_API: do_off
07-25 11:21:12.177   852   852 E SecVibrator-HAL-AIDL-CORE: HW_API: [triggerForceFeedbackVibration]on: 0
07-25 11:21:12.197   894   894 E SurfaceFlinger: alpha changed 1.000 -> 0.000 - Surface(name=Task=1)/@0xd3a69fc_transition-leash#1001195
07-25 11:21:12.197   894   894 E SurfaceFlinger: alpha changed 1.000 -> 0.000 - (1-1)-Window{6e19a26 alpha=1.0 fl=}$_7208#1001190
07-25 11:21:12.213   894   894 E SurfaceFlinger: alpha changed 0.000 -> 1.000 - Surface(name=Task=1)/@0xd3a69fc_transition-leash#1001195
07-25 11:21:12.225 18748 18821 E SamsungAccount: [FamilyGroupUtil] getCountryCodeListWithRegionMcc - no country code with region mcc
07-25 11:21:12.238  4109 13857 E AtomicFile: Failed to rename /data/user_de/0/com.samsung.android.honeyboard/files/selected.json.new to /data/user_de/0/com.samsung.android.honeyboard/files/selected.json
07-25 11:21:12.248  4109 13860 E AtomicFile: Failed to rename /data/user_de/0/com.samsung.android.honeyboard/files/selected.json.new to /data/user_de/0/com.samsung.android.honeyboard/files/selected.json
07-25 11:21:12.263   894   894 E SurfaceFlinger: alpha changed 1.000 -> 0.000 - Surface(name=c011cc2 InputMethod)/@0xc2cffad - animation-leash of insets_animation#1001198
07-25 11:21:12.430  2886  2886 E SurfaceComposerClient: SurfaceComposerClient::Transaction::setAlpha: invalid alpha -0.016384, clamping
07-25 11:21:12.447   894   894 E SurfaceFlinger: alpha changed 0.022 -> 0.000 - Surface(name=Task=6592)/@0xe0b26da_transition-leash#1001196
07-25 11:21:12.447  2886  2886 E SurfaceComposerClient: SurfaceComposerClient::Transaction::setAlpha: invalid alpha -0.037181, clamping
07-25 11:21:12.464  2886  2886 E SurfaceComposerClient: SurfaceComposerClient::Transaction::setAlpha: invalid alpha -0.047539, clamping
07-25 11:21:12.480  2886  2886 E SurfaceComposerClient: SurfaceComposerClient::Transaction::setAlpha: invalid alpha -0.050438, clamping
07-25 11:21:12.497  2886  2886 E SurfaceComposerClient: SurfaceComposerClient::Transaction::setAlpha: invalid alpha -0.046872, clamping
07-25 11:21:12.514  2886  2886 E SurfaceComposerClient: SurfaceComposerClient::Transaction::setAlpha: invalid alpha -0.040076, clamping
07-25 11:21:12.530  2886  2886 E SurfaceComposerClient: SurfaceComposerClient::Transaction::setAlpha: invalid alpha -0.029535, clamping
07-25 11:21:12.547  2886  2886 E SurfaceComposerClient: SurfaceComposerClient::Transaction::setAlpha: invalid alpha -0.014703, clamping
07-25 11:21:12.602  1081  4248 E WindowManager: win=Window{3b66fef u0 com.whatsapp/com.whatsapp.home.ui.HomeActivity} destroySurfaces: appStopped=true cleanupOnResume=false win.mWindowRemovalAllowed=false win.mRemoveOnExit=false win.mViewVisibility=8 caller=com.android.server.wm.ActivityRecord.destroySurfaces:25 com.android.server.wm.ActivityRecord.activityStopped:204 com.android.server.wm.ActivityClientController.activityStopped:95 android.app.IActivityClientController$Stub.onTransact:722 com.android.server.wm.ActivityClientController.onTransact:1 android.os.Binder.execTransactInternal:1541 android.os.Binder.execTransact:1480 
07-25 11:21:13.235  1081  4068 E TaskPersister: File error accessing recents directory (directory doesn't exist?).
07-25 11:21:13.646   817 13844 E HYPER-HAL: [HandlerSysfs.cpp]doResourceHandling(): Couldn't Open Sysfs - /sys/kernel/zram/app_launch
07-25 11:21:13.727   817 13780 E HYPER-HAL: [HandlerSysfs.cpp]doResourceHandling(): Couldn't Open Sysfs - /sys/kernel/zram/app_launch
07-25 11:21:14.322   894  3097 E NativeCustomFrequencyManager: [NativeCFMS] BpCustomFrequencyManager::acquire()
07-25 11:21:14.842   817   857 E HYPER-HAL: [HandlerSysfs.cpp]doResourceHandling(): Couldn't Open Sysfs - /sys/kernel/zram/app_launch
07-25 11:21:14.844   817   857 E HYPER-HAL: [HandlerSysfs.cpp]doResourceHandling(): Couldn't Open Sysfs - /sys/kernel/zram/app_launch
07-25 11:21:14.849  3288  3288 E pageboostd: Received HALT command code 2
07-25 11:21:14.849   817   857 E HYPER-HAL: [HandlerSysfs.cpp]doResourceHandling(): Couldn't Open Sysfs - /sys/kernel/zram/app_launch
07-25 11:21:14.851  3288  3288 E pageboostd: Received HALT command code 2
07-25 11:21:14.851   817   857 E HYPER-HAL: [HandlerSysfs.cpp]doResourceHandling(): Couldn't Open Sysfs - /sys/kernel/zram/app_launch
07-25 11:21:14.866   894   894 E SurfaceFlinger: alpha changed 1.000 -> 0.000 - Surface(name=Task=6589)/@0x6b2308a_transition-leash#1001204
07-25 11:21:14.916   894   894 E SurfaceFlinger: alpha changed 0.000 -> 0.027 - Surface(name=Task=6589)/@0x6b2308a_transition-leash#1001204
07-25 11:21:15.096   817   857 E HYPER-HAL: [HandlerSysfs.cpp]doResourceHandling(): Couldn't Open Sysfs - /sys/kernel/zram/app_launch
07-25 11:21:15.105  5879  5879 E mpf     : AbstractActivityBaseController: Received null cursor from loader id: 31 [CONTEXT android_log_tag="AABController" ]
07-25 11:21:15.105  5879  5879 E mpf     : RecentFolderList: RecentFolderList.loadFromUiProvider: bad input. mAccount=com.android.mail.providers.Account@7f607c58{name=2145258693 type=com.google syncStatus=0 securityHold=FREE_TO_SYNC},cursor=null
07-25 11:21:15.108  6058  6137 E chromium: [ERROR:cc/tiles/tile_manager.cc:1001] WARNING: tile memory limits exceeded, some content may not draw
07-25 11:21:15.109  6058  6137 E chromium: [ERROR:cc/tiles/tile_manager.cc:1001] WARNING: tile memory limits exceeded, some content may not draw
07-25 11:21:15.109  6058  6137 E chromium: [ERROR:cc/tiles/tile_manager.cc:1001] WARNING: tile memory limits exceeded, some content may not draw
07-25 11:21:15.119  6058  6137 E chromium: [ERROR:cc/tiles/tile_manager.cc:1001] WARNING: tile memory limits exceeded, some content may not draw
07-25 11:21:15.132  6058  6137 E chromium: [ERROR:cc/tiles/tile_manager.cc:1001] WARNING: tile memory limits exceeded, some content may not draw
07-25 11:21:15.136  6058  6137 E chromium: [ERROR:cc/tiles/tile_manager.cc:1001] WARNING: tile memory limits exceeded, some content may not draw
07-25 11:21:15.142  6058  6137 E chromium: [ERROR:cc/tiles/tile_manager.cc:1001] WARNING: tile memory limits exceeded, some content may not draw
07-25 11:21:15.148 18748 18821 E SamsungAccount: [FamilyGroupUtil] getCountryCodeListWithRegionMcc - no country code with region mcc
07-25 11:21:15.148  6058  6137 E chromium: [ERROR:cc/tiles/tile_manager.cc:1001] WARNING: tile memory limits exceeded, some content may not draw
07-25 11:21:15.167   894   894 E SurfaceFlinger: alpha changed 1.000 -> 0.000 - Surface(name=c011cc2 InputMethod)/@0xc2cffad - animation-leash of insets_animation#1001208
07-25 11:21:15.251  1081  4055 E WindowManager: win=Window{c1fce3d u0 (1-1)-Window{6e19a26 alpha=1.0 fl=}} destroySurfaces: appStopped=true cleanupOnResume=false win.mWindowRemovalAllowed=false win.mRemoveOnExit=false win.mViewVisibility=8 caller=com.android.server.wm.ActivityRecord.destroySurfaces:25 com.android.server.wm.ActivityRecord.activityStopped:204 com.android.server.wm.ActivityClientController.activityStopped:95 android.app.IActivityClientController$Stub.onTransact:722 com.android.server.wm.ActivityClientController.onTransact:1 android.os.Binder.execTransactInternal:1541 android.os.Binder.execTransact:1480 
07-25 11:21:15.251  1081  4055 E WindowManager: win=Window{f74b10c u0 com.sec.android.app.launcher/com.sec.android.app.launcher.activities.LauncherActivity} destroySurfaces: appStopped=true cleanupOnResume=false win.mWindowRemovalAllowed=false win.mRemoveOnExit=false win.mViewVisibility=8 caller=com.android.server.wm.ActivityRecord.destroySurfaces:25 com.android.server.wm.ActivityRecord.activityStopped:204 com.android.server.wm.ActivityClientController.activityStopped:95 android.app.IActivityClientController$Stub.onTransact:722 com.android.server.wm.ActivityClientController.onTransact:1 android.os.Binder.execTransactInternal:1541 android.os.Binder.execTransact:1480 
07-25 11:21:15.351  1081  1253 E WindowManager: win=Window{cf3427a u0 SnapshotStartingWindow for taskId=6589 EXITING} destroySurfaces: appStopped=false cleanupOnResume=false win.mWindowRemovalAllowed=true win.mRemoveOnExit=true win.mViewVisibility=0 caller=com.android.server.wm.WindowState.onExitAnimationDone:222 com.android.server.wm.WindowState.onAnimationFinished:161 com.android.server.wm.WindowContainer$$ExternalSyntheticLambda5.onAnimationFinished:26 com.android.server.wm.SurfaceAnimator$$ExternalSyntheticLambda1.run:28 com.android.server.wm.SurfaceAnimator$$ExternalSyntheticLambda0.onAnimationFinished:65 com.android.server.wm.LocalAnimationAdapter$$ExternalSyntheticLambda0.run:10 android.os.Handler.handleCallback:959 
07-25 11:21:15.367   894   894 E SurfaceFlinger: alpha changed 0.107 -> 0.000 - Surface(name=cf3427a SnapshotStartingWindow for taskId=6589)/@0x9b2f8c1 - animation-leash of window_animation#1001209
07-25 11:21:15.444   817 13890 E HYPER-HAL: [HandlerSysfs.cpp]doResourceHandling(): Couldn't Open Sysfs - /sys/kernel/zram/app_launch
07-25 11:21:15.594   817 13891 E HYPER-HAL: [HandlerSysfs.cpp]doResourceHandling(): Couldn't Open Sysfs - /sys/kernel/zram/app_launch
07-25 11:21:16.352   817 13893 E HYPER-HAL: [HandlerSysfs.cpp]doResourceHandling(): Couldn't Open Sysfs - /sys/kernel/zram/app_launch
07-25 11:21:16.669  1081  3190 E SemWifiService: getCurrentNetworkScore - invalid score data
07-25 11:21:16.669  1081  3190 E WifiProfileShare.Caster: failed to generate qos array, need to check network score data
07-25 11:21:17.854  1081  4068 E TaskPersister: File error accessing recents directory (directory doesn't exist?).
07-25 11:21:18.494  6058  6137 E chromium: [ERROR:cc/tiles/tile_manager.cc:1001] WARNING: tile memory limits exceeded, some content may not draw
07-25 11:21:18.495  6058  6137 E chromium: [ERROR:cc/tiles/tile_manager.cc:1001] WARNING: tile memory limits exceeded, some content may not draw
07-25 11:21:18.496  6058  6137 E chromium: [ERROR:cc/tiles/tile_manager.cc:1001] WARNING: tile memory limits exceeded, some content may not draw
07-25 11:21:18.496  6058  6137 E chromium: [ERROR:cc/tiles/tile_manager.cc:1001] WARNING: tile memory limits exceeded, some content may not draw
07-25 11:21:18.505  6058  6137 E chromium: [ERROR:cc/tiles/tile_manager.cc:1001] WARNING: tile memory limits exceeded, some content may not draw
07-25 11:21:18.506  6058  6137 E chromium: [ERROR:cc/tiles/tile_manager.cc:1001] WARNING: tile memory limits exceeded, some content may not draw
07-25 11:21:18.506  6058  6137 E chromium: [ERROR:cc/tiles/tile_manager.cc:1001] WARNING: tile memory limits exceeded, some content may not draw
07-25 11:21:18.506  6058  6137 E chromium: [ERROR:cc/tiles/tile_manager.cc:1001] WARNING: tile memory limits exceeded, some content may not draw
07-25 11:21:18.522  6058  6137 E chromium: [ERROR:cc/tiles/tile_manager.cc:1001] WARNING: tile memory limits exceeded, some content may not draw
07-25 11:21:18.522  6058  6137 E chromium: [ERROR:cc/tiles/tile_manager.cc:1001] WARNING: tile memory limits exceeded, some content may not draw
07-25 11:21:18.522  6058  6137 E chromium: [ERROR:cc/tiles/tile_manager.cc:1001] WARNING: tile memory limits exceeded, some content may not draw
07-25 11:21:18.522  6058  6137 E chromium: [ERROR:cc/tiles/tile_manager.cc:1001] WARNING: tile memory limits exceeded, some content may not draw
07-25 11:21:18.539  6058  6137 E chromium: [ERROR:cc/tiles/tile_manager.cc:1001] WARNING: tile memory limits exceeded, some content may not draw
07-25 11:21:18.540  6058  6137 E chromium: [ERROR:cc/tiles/tile_manager.cc:1001] WARNING: tile memory limits exceeded, some content may not draw
07-25 11:21:18.540  6058  6137 E chromium: [ERROR:cc/tiles/tile_manager.cc:1001] WARNING: tile memory limits exceeded, some content may not draw
07-25 11:21:18.540  6058  6137 E chromium: [ERROR:cc/tiles/tile_manager.cc:1001] WARNING: tile memory limits exceeded, some content may not draw
07-25 11:21:18.555  6058  6137 E chromium: [ERROR:cc/tiles/tile_manager.cc:1001] WARNING: tile memory limits exceeded, some content may not draw
07-25 11:21:18.556  6058  6137 E chromium: [ERROR:cc/tiles/tile_manager.cc:1001] WARNING: tile memory limits exceeded, some content may not draw
07-25 11:21:18.556  6058  6137 E chromium: [ERROR:cc/tiles/tile_manager.cc:1001] WARNING: tile memory limits exceeded, some content may not draw
07-25 11:21:18.556  6058  6137 E chromium: [ERROR:cc/tiles/tile_manager.cc:1001] WARNING: tile memory limits exceeded, some content may not draw
07-25 11:21:18.575  6058  6137 E chromium: [ERROR:cc/tiles/tile_manager.cc:1001] WARNING: tile memory limits exceeded, some content may not draw
07-25 11:21:18.575  6058  6137 E chromium: [ERROR:cc/tiles/tile_manager.cc:1001] WARNING: tile memory limits exceeded, some content may not draw
07-25 11:21:18.576  6058  6137 E chromium: [ERROR:cc/tiles/tile_manager.cc:1001] WARNING: tile memory limits exceeded, some content may not draw
07-25 11:21:18.576  6058  6137 E chromium: [ERROR:cc/tiles/tile_manager.cc:1001] WARNING: tile memory limits exceeded, some content may not draw
07-25 11:21:18.579  6058  6137 E chromium: [ERROR:cc/tiles/tile_manager.cc:1001] WARNING: tile memory limits exceeded, some content may not draw
07-25 11:21:18.582  6058  6137 E chromium: [ERROR:cc/tiles/tile_manager.cc:1001] WARNING: tile memory limits exceeded, some content may not draw
07-25 11:21:19.722  1081  3190 E SemWifiService: getCurrentNetworkScore - invalid score data
07-25 11:21:19.722  1081  3190 E WifiProfileShare.Caster: failed to generate qos array, need to check network score data
07-25 11:21:22.757  1081  3190 E SemWifiService: getCurrentNetworkScore - invalid score data
07-25 11:21:22.757  1081  3190 E WifiProfileShare.Caster: failed to generate qos array, need to check network score data
07-25 11:21:23.198  6058  6137 E chromium: [ERROR:cc/tiles/tile_manager.cc:1001] WARNING: tile memory limits exceeded, some content may not draw
07-25 11:21:23.199  6058  6137 E chromium: [ERROR:cc/tiles/tile_manager.cc:1001] WARNING: tile memory limits exceeded, some content may not draw
07-25 11:21:23.199  6058  6137 E chromium: [ERROR:cc/tiles/tile_manager.cc:1001] WARNING: tile memory limits exceeded, some content may not draw
07-25 11:21:23.199  6058  6137 E chromium: [ERROR:cc/tiles/tile_manager.cc:1001] WARNING: tile memory limits exceeded, some content may not draw
07-25 11:21:23.211  6058  6137 E chromium: [ERROR:cc/tiles/tile_manager.cc:1001] WARNING: tile memory limits exceeded, some content may not draw
07-25 11:21:23.211  6058  6137 E chromium: [ERROR:cc/tiles/tile_manager.cc:1001] WARNING: tile memory limits exceeded, some content may not draw
07-25 11:21:23.211  6058  6137 E chromium: [ERROR:cc/tiles/tile_manager.cc:1001] WARNING: tile memory limits exceeded, some content may not draw
07-25 11:21:23.212  6058  6137 E chromium: [ERROR:cc/tiles/tile_manager.cc:1001] WARNING: tile memory limits exceeded, some content may not draw
07-25 11:21:23.228  6058  6137 E chromium: [ERROR:cc/tiles/tile_manager.cc:1001] WARNING: tile memory limits exceeded, some content may not draw
07-25 11:21:23.229  6058  6137 E chromium: [ERROR:cc/tiles/tile_manager.cc:1001] WARNING: tile memory limits exceeded, some content may not draw
07-25 11:21:23.229  6058  6137 E chromium: [ERROR:cc/tiles/tile_manager.cc:1001] WARNING: tile memory limits exceeded, some content may not draw
07-25 11:21:23.229  6058  6137 E chromium: [ERROR:cc/tiles/tile_manager.cc:1001] WARNING: tile memory limits exceeded, some content may not draw
07-25 11:21:23.245  6058  6137 E chromium: [ERROR:cc/tiles/tile_manager.cc:1001] WARNING: tile memory limits exceeded, some content may not draw
07-25 11:21:23.245  6058  6137 E chromium: [ERROR:cc/tiles/tile_manager.cc:1001] WARNING: tile memory limits exceeded, some content may not draw
07-25 11:21:23.246  6058  6137 E chromium: [ERROR:cc/tiles/tile_manager.cc:1001] WARNING: tile memory limits exceeded, some content may not draw
07-25 11:21:23.246  6058  6137 E chromium: [ERROR:cc/tiles/tile_manager.cc:1001] WARNING: tile memory limits exceeded, some content may not draw
07-25 11:21:23.262  6058  6137 E chromium: [ERROR:cc/tiles/tile_manager.cc:1001] WARNING: tile memory limits exceeded, some content may not draw
07-25 11:21:23.262  6058  6137 E chromium: [ERROR:cc/tiles/tile_manager.cc:1001] WARNING: tile memory limits exceeded, some content may not draw
07-25 11:21:23.263  6058  6137 E chromium: [ERROR:cc/tiles/tile_manager.cc:1001] WARNING: tile memory limits exceeded, some content may not draw
07-25 11:21:23.263  6058  6137 E chromium: [ERROR:cc/tiles/tile_manager.cc:1001] WARNING: tile memory limits exceeded, some content may not draw
07-25 11:21:23.280  6058  6137 E chromium: [ERROR:cc/tiles/tile_manager.cc:1001] WARNING: tile memory limits exceeded, some content may not draw
07-25 11:21:23.280  6058  6137 E chromium: [ERROR:cc/tiles/tile_manager.cc:1001] WARNING: tile memory limits exceeded, some content may not draw
07-25 11:21:23.280  6058  6137 E chromium: [ERROR:cc/tiles/tile_manager.cc:1001] WARNING: tile memory limits exceeded, some content may not draw
07-25 11:21:23.281  6058  6137 E chromium: [ERROR:cc/tiles/tile_manager.cc:1001] WARNING: tile memory limits exceeded, some content may not draw
07-25 11:21:23.281  6058  6137 E chromium: [ERROR:cc/tiles/tile_manager.cc:1001] WARNING: tile memory limits exceeded, some content may not draw
07-25 11:21:23.282  6058  6137 E chromium: [ERROR:cc/tiles/tile_manager.cc:1001] WARNING: tile memory limits exceeded, some content may not draw
07-25 11:21:25.146   838   849 E BatteryDump: !@new_battery_dump : 4143,-185,100,100,76,320,322,341,320,0,321,342,0,Discharging,NO_CHARGING,None,Good,NONE,0,Normal,0,0,8340,0x40000000,0x10000,0x0,0,0,0000,0000,00000000,0,0,0,0,192,4159,7571,990,0,
07-25 11:21:25.432  6058  6137 E chromium: [ERROR:cc/tiles/tile_manager.cc:1001] WARNING: tile memory limits exceeded, some content may not draw
07-25 11:21:25.432  6058  6137 E chromium: [ERROR:cc/tiles/tile_manager.cc:1001] WARNING: tile memory limits exceeded, some content may not draw
07-25 11:21:25.432  6058  6137 E chromium: [ERROR:cc/tiles/tile_manager.cc:1001] WARNING: tile memory limits exceeded, some content may not draw
07-25 11:21:25.433  6058  6137 E chromium: [ERROR:cc/tiles/tile_manager.cc:1001] WARNING: tile memory limits exceeded, some content may not draw
07-25 11:21:25.448  6058  6137 E chromium: [ERROR:cc/tiles/tile_manager.cc:1001] WARNING: tile memory limits exceeded, some content may not draw
07-25 11:21:25.449  6058  6137 E chromium: [ERROR:cc/tiles/tile_manager.cc:1001] WARNING: tile memory limits exceeded, some content may not draw
07-25 11:21:25.449  6058  6137 E chromium: [ERROR:cc/tiles/tile_manager.cc:1001] WARNING: tile memory limits exceeded, some content may not draw
07-25 11:21:25.450  6058  6137 E chromium: [ERROR:cc/tiles/tile_manager.cc:1001] WARNING: tile memory limits exceeded, some content may not draw
07-25 11:21:25.466  6058  6137 E chromium: [ERROR:cc/tiles/tile_manager.cc:1001] WARNING: tile memory limits exceeded, some content may not draw
07-25 11:21:25.466  6058  6137 E chromium: [ERROR:cc/tiles/tile_manager.cc:1001] WARNING: tile memory limits exceeded, some content may not draw
07-25 11:21:25.467  6058  6137 E chromium: [ERROR:cc/tiles/tile_manager.cc:1001] WARNING: tile memory limits exceeded, some content may not draw
07-25 11:21:25.467  6058  6137 E chromium: [ERROR:cc/tiles/tile_manager.cc:1001] WARNING: tile memory limits exceeded, some content may not draw
07-25 11:21:25.482  6058  6137 E chromium: [ERROR:cc/tiles/tile_manager.cc:1001] WARNING: tile memory limits exceeded, some content may not draw
07-25 11:21:25.482  6058  6137 E chromium: [ERROR:cc/tiles/tile_manager.cc:1001] WARNING: tile memory limits exceeded, some content may not draw
07-25 11:21:25.483  6058  6137 E chromium: [ERROR:cc/tiles/tile_manager.cc:1001] WARNING: tile memory limits exceeded, some content may not draw
07-25 11:21:25.483  6058  6137 E chromium: [ERROR:cc/tiles/tile_manager.cc:1001] WARNING: tile memory limits exceeded, some content may not draw
07-25 11:21:25.497  6058  6137 E chromium: [ERROR:cc/tiles/tile_manager.cc:1001] WARNING: tile memory limits exceeded, some content may not draw
07-25 11:21:25.497  6058  6137 E chromium: [ERROR:cc/tiles/tile_manager.cc:1001] WARNING: tile memory limits exceeded, some content may not draw
07-25 11:21:25.498  6058  6137 E chromium: [ERROR:cc/tiles/tile_manager.cc:1001] WARNING: tile memory limits exceeded, some content may not draw
07-25 11:21:25.498  6058  6137 E chromium: [ERROR:cc/tiles/tile_manager.cc:1001] WARNING: tile memory limits exceeded, some content may not draw
07-25 11:21:25.515  6058  6137 E chromium: [ERROR:cc/tiles/tile_manager.cc:1001] WARNING: tile memory limits exceeded, some content may not draw
07-25 11:21:25.515  6058  6137 E chromium: [ERROR:cc/tiles/tile_manager.cc:1001] WARNING: tile memory limits exceeded, some content may not draw
07-25 11:21:25.515  6058  6137 E chromium: [ERROR:cc/tiles/tile_manager.cc:1001] WARNING: tile memory limits exceeded, some content may not draw
07-25 11:21:25.515  6058  6137 E chromium: [ERROR:cc/tiles/tile_manager.cc:1001] WARNING: tile memory limits exceeded, some content may not draw
07-25 11:21:25.517  6058  6137 E chromium: [ERROR:cc/tiles/tile_manager.cc:1001] WARNING: tile memory limits exceeded, some content may not draw
07-25 11:21:25.518  6058  6137 E chromium: [ERROR:cc/tiles/tile_manager.cc:1001] WARNING: tile memory limits exceeded, some content may not draw
07-25 11:21:26.266  6058  6137 E chromium: [ERROR:cc/tiles/tile_manager.cc:1001] WARNING: tile memory limits exceeded, some content may not draw
07-25 11:21:26.266  6058  6137 E chromium: [ERROR:cc/tiles/tile_manager.cc:1001] WARNING: tile memory limits exceeded, some content may not draw
07-25 11:21:26.266  6058  6137 E chromium: [ERROR:cc/tiles/tile_manager.cc:1001] WARNING: tile memory limits exceeded, some content may not draw
07-25 11:21:26.266  6058  6137 E chromium: [ERROR:cc/tiles/tile_manager.cc:1001] WARNING: tile memory limits exceeded, some content may not draw
07-25 11:21:26.282  6058  6137 E chromium: [ERROR:cc/tiles/tile_manager.cc:1001] WARNING: tile memory limits exceeded, some content may not draw
07-25 11:21:26.283  6058  6137 E chromium: [ERROR:cc/tiles/tile_manager.cc:1001] WARNING: tile memory limits exceeded, some content may not draw
07-25 11:21:26.283  6058  6137 E chromium: [ERROR:cc/tiles/tile_manager.cc:1001] WARNING: tile memory limits exceeded, some content may not draw
07-25 11:21:26.284  6058  6137 E chromium: [ERROR:cc/tiles/tile_manager.cc:1001] WARNING: tile memory limits exceeded, some content may not draw
07-25 11:21:26.298  6058  6137 E chromium: [ERROR:cc/tiles/tile_manager.cc:1001] WARNING: tile memory limits exceeded, some content may not draw
07-25 11:21:26.299  6058  6137 E chromium: [ERROR:cc/tiles/tile_manager.cc:1001] WARNING: tile memory limits exceeded, some content may not draw
07-25 11:21:26.299  6058  6137 E chromium: [ERROR:cc/tiles/tile_manager.cc:1001] WARNING: tile memory limits exceeded, some content may not draw
07-25 11:21:26.299  6058  6137 E chromium: [ERROR:cc/tiles/tile_manager.cc:1001] WARNING: tile memory limits exceeded, some content may not draw
07-25 11:21:26.315  6058  6137 E chromium: [ERROR:cc/tiles/tile_manager.cc:1001] WARNING: tile memory limits exceeded, some content may not draw
07-25 11:21:26.316  6058  6137 E chromium: [ERROR:cc/tiles/tile_manager.cc:1001] WARNING: tile memory limits exceeded, some content may not draw
07-25 11:21:26.316  6058  6137 E chromium: [ERROR:cc/tiles/tile_manager.cc:1001] WARNING: tile memory limits exceeded, some content may not draw
07-25 11:21:26.317  6058  6137 E chromium: [ERROR:cc/tiles/tile_manager.cc:1001] WARNING: tile memory limits exceeded, some content may not draw
07-25 11:21:26.331  6058  6137 E chromium: [ERROR:cc/tiles/tile_manager.cc:1001] WARNING: tile memory limits exceeded, some content may not draw
07-25 11:21:26.332  6058  6137 E chromium: [ERROR:cc/tiles/tile_manager.cc:1001] WARNING: tile memory limits exceeded, some content may not draw
07-25 11:21:26.332  6058  6137 E chromium: [ERROR:cc/tiles/tile_manager.cc:1001] WARNING: tile memory limits exceeded, some content may not draw
07-25 11:21:26.333  6058  6137 E chromium: [ERROR:cc/tiles/tile_manager.cc:1001] WARNING: tile memory limits exceeded, some content may not draw
07-25 11:21:26.350  6058  6137 E chromium: [ERROR:cc/tiles/tile_manager.cc:1001] WARNING: tile memory limits exceeded, some content may not draw
07-25 11:21:26.350  6058  6137 E chromium: [ERROR:cc/tiles/tile_manager.cc:1001] WARNING: tile memory limits exceeded, some content may not draw
07-25 11:21:26.350  6058  6137 E chromium: [ERROR:cc/tiles/tile_manager.cc:1001] WARNING: tile memory limits exceeded, some content may not draw
07-25 11:21:26.350  6058  6137 E chromium: [ERROR:cc/tiles/tile_manager.cc:1001] WARNING: tile memory limits exceeded, some content may not draw
07-25 11:21:26.353  6058  6137 E chromium: [ERROR:cc/tiles/tile_manager.cc:1001] WARNING: tile memory limits exceeded, some content may not draw
07-25 11:21:26.353  6058  6137 E chromium: [ERROR:cc/tiles/tile_manager.cc:1001] WARNING: tile memory limits exceeded, some content may not draw
07-25 11:21:27.606  1081  4248 E BatteryStatsService: Invalid uid for waking network packet: -1
07-25 11:21:31.382  1081  2890 E BatteryStatsService: Invalid uid for waking network packet: -1
07-25 11:21:32.328  1081  1275 E system_server: updateValue is called with a value 6690930, which is lower than the previous value 6693700
07-25 11:21:32.328  1081  1275 E system_server: updateValue is called with a value 835459, which is lower than the previous value 835548
07-25 11:21:34.954  1081  3190 E SemWifiService: getCurrentNetworkScore - invalid score data
07-25 11:21:34.954  1081  3190 E WifiProfileShare.Caster: failed to generate qos array, need to check network score data
07-25 11:21:35.882  1081  1255 E Watchdog: !@Sync: 50545 heap(MB): 161 / 205 FD: 1308 [2025-07-25 11:21:35.882]
07-25 11:21:36.310  1081  4372 E BatteryStatsService: Invalid uid for waking network packet: -1
07-25 11:21:37.982  1081  3190 E SemWifiService: getCurrentNetworkScore - invalid score data
07-25 11:21:37.982  1081  3190 E WifiProfileShare.Caster: failed to generate qos array, need to check network score data
07-25 11:21:43.061  1081  4372 E BatteryStatsService: Invalid uid for waking network packet: -1
07-25 11:21:47.127  1081  3190 E SemWifiService: getCurrentNetworkScore - invalid score data
07-25 11:21:47.127  1081  3190 E WifiProfileShare.Caster: failed to generate qos array, need to check network score data
07-25 11:21:48.826  1081  4563 E KernelCpuUidFullTimeReader: Negative delta from freq time for uid: 90005, delta: -17
07-25 11:21:55.392   838   849 E BatteryDump: !@new_battery_dump : 4151,-63,100,100,76,320,322,333,320,0,324,342,0,Discharging,NO_CHARGING,None,Good,NONE,0,Normal,0,0,8340,0x40000000,0x10000,0x0,0,0,0000,0000,00000000,0,0,0,0,192,4159,7569,990,0,
07-25 11:21:56.900  1081  3190 E SemWifiService: getCurrentNetworkScore - invalid score data
07-25 11:21:56.900  1081  3190 E WifiProfileShare.Caster: failed to generate qos array, need to check network score data
07-25 11:21:58.106  6058  6137 E chromium: [ERROR:cc/tiles/tile_manager.cc:1001] WARNING: tile memory limits exceeded, some content may not draw
07-25 11:21:58.106  6058  6137 E chromium: [ERROR:cc/tiles/tile_manager.cc:1001] WARNING: tile memory limits exceeded, some content may not draw
07-25 11:21:58.107  6058  6137 E chromium: [ERROR:cc/tiles/tile_manager.cc:1001] WARNING: tile memory limits exceeded, some content may not draw
07-25 11:21:58.107  6058  6137 E chromium: [ERROR:cc/tiles/tile_manager.cc:1001] WARNING: tile memory limits exceeded, some content may not draw
07-25 11:21:58.122  6058  6137 E chromium: [ERROR:cc/tiles/tile_manager.cc:1001] WARNING: tile memory limits exceeded, some content may not draw
07-25 11:21:58.123  6058  6137 E chromium: [ERROR:cc/tiles/tile_manager.cc:1001] WARNING: tile memory limits exceeded, some content may not draw
07-25 11:21:58.123  6058  6137 E chromium: [ERROR:cc/tiles/tile_manager.cc:1001] WARNING: tile memory limits exceeded, some content may not draw
07-25 11:21:58.124  6058  6137 E chromium: [ERROR:cc/tiles/tile_manager.cc:1001] WARNING: tile memory limits exceeded, some content may not draw
07-25 11:21:58.138  6058  6137 E chromium: [ERROR:cc/tiles/tile_manager.cc:1001] WARNING: tile memory limits exceeded, some content may not draw
07-25 11:21:58.139  6058  6137 E chromium: [ERROR:cc/tiles/tile_manager.cc:1001] WARNING: tile memory limits exceeded, some content may not draw
07-25 11:21:58.139  6058  6137 E chromium: [ERROR:cc/tiles/tile_manager.cc:1001] WARNING: tile memory limits exceeded, some content may not draw
07-25 11:21:58.140  6058  6137 E chromium: [ERROR:cc/tiles/tile_manager.cc:1001] WARNING: tile memory limits exceeded, some content may not draw
07-25 11:21:58.155  6058  6137 E chromium: [ERROR:cc/tiles/tile_manager.cc:1001] WARNING: tile memory limits exceeded, some content may not draw
07-25 11:21:58.156  6058  6137 E chromium: [ERROR:cc/tiles/tile_manager.cc:1001] WARNING: tile memory limits exceeded, some content may not draw
07-25 11:21:58.156  6058  6137 E chromium: [ERROR:cc/tiles/tile_manager.cc:1001] WARNING: tile memory limits exceeded, some content may not draw
07-25 11:21:58.156  6058  6137 E chromium: [ERROR:cc/tiles/tile_manager.cc:1001] WARNING: tile memory limits exceeded, some content may not draw
07-25 11:21:58.172  6058  6137 E chromium: [ERROR:cc/tiles/tile_manager.cc:1001] WARNING: tile memory limits exceeded, some content may not draw
07-25 11:21:58.172  6058  6137 E chromium: [ERROR:cc/tiles/tile_manager.cc:1001] WARNING: tile memory limits exceeded, some content may not draw
07-25 11:21:58.173  6058  6137 E chromium: [ERROR:cc/tiles/tile_manager.cc:1001] WARNING: tile memory limits exceeded, some content may not draw
07-25 11:21:58.173  6058  6137 E chromium: [ERROR:cc/tiles/tile_manager.cc:1001] WARNING: tile memory limits exceeded, some content may not draw
07-25 11:21:58.190  6058  6137 E chromium: [ERROR:cc/tiles/tile_manager.cc:1001] WARNING: tile memory limits exceeded, some content may not draw
07-25 11:21:58.190  6058  6137 E chromium: [ERROR:cc/tiles/tile_manager.cc:1001] WARNING: tile memory limits exceeded, some content may not draw
07-25 11:21:58.190  6058  6137 E chromium: [ERROR:cc/tiles/tile_manager.cc:1001] WARNING: tile memory limits exceeded, some content may not draw
07-25 11:21:58.191  6058  6137 E chromium: [ERROR:cc/tiles/tile_manager.cc:1001] WARNING: tile memory limits exceeded, some content may not draw
07-25 11:21:58.193  6058  6137 E chromium: [ERROR:cc/tiles/tile_manager.cc:1001] WARNING: tile memory limits exceeded, some content may not draw
07-25 11:21:58.194  6058  6137 E chromium: [ERROR:cc/tiles/tile_manager.cc:1001] WARNING: tile memory limits exceeded, some content may not draw
07-25 11:21:59.359  1081  3190 E SemWifiService: getCurrentNetworkScore - invalid score data
07-25 11:21:59.359  1081  3190 E WifiProfileShare.Caster: failed to generate qos array, need to check network score data
07-25 11:22:02.446  1081  3190 E SemWifiService: getCurrentNetworkScore - invalid score data
07-25 11:22:02.446  1081  3190 E WifiProfileShare.Caster: failed to generate qos array, need to check network score data
07-25 11:22:05.478  1081  3190 E SemWifiService: getCurrentNetworkScore - invalid score data
07-25 11:22:05.478  1081  3190 E WifiProfileShare.Caster: failed to generate qos array, need to check network score data
07-25 11:22:05.892  1081  1255 E Watchdog: !@Sync: 50546 heap(MB): 171 / 205 FD: 1308 [2025-07-25 11:22:05.892]
07-25 11:22:06.427  1081  4372 E BatteryStatsService: Invalid uid for waking network packet: -1
07-25 11:22:08.505  1081  3190 E SemWifiService: getCurrentNetworkScore - invalid score data
07-25 11:22:08.505  1081  3190 E WifiProfileShare.Caster: failed to generate qos array, need to check network score data
07-25 11:22:13.174  1081  4372 E BatteryStatsService: Invalid uid for waking network packet: -1
07-25 11:22:14.621  1081  3190 E SemWifiService: getCurrentNetworkScore - invalid score data
07-25 11:22:14.621  1081  3190 E WifiProfileShare.Caster: failed to generate qos array, need to check network score data
07-25 11:22:17.683  1081  3190 E SemWifiService: getCurrentNetworkScore - invalid score data
07-25 11:22:17.683  1081  3190 E WifiProfileShare.Caster: failed to generate qos array, need to check network score data
07-25 11:22:20.789  1081  3190 E SemWifiService: getCurrentNetworkScore - invalid score data
07-25 11:22:20.789  1081  3190 E WifiProfileShare.Caster: failed to generate qos array, need to check network score data
07-25 11:22:20.866   799  1904 E audio_hw_proxy_mixer: proxy-proxy_set_mixer_value_int: cannot find ABOX Display Mixer Control
07-25 11:22:25.658   838   849 E BatteryDump: !@new_battery_dump : 4151,-109,100,100,76,317,322,328,317,0,322,342,0,Discharging,NO_CHARGING,None,Good,NONE,0,Normal,0,0,8340,0x40000000,0x10000,0x0,0,0,0000,0000,00000000,0,0,0,0,192,4158,7566,990,0,
07-25 11:22:26.744  1081  4510 E SemContext.CaeProvider: setAttribute() : attribute is null!
07-25 11:22:26.747  1081  4563 E SensorService: BigData:Pakage) 5 already enabled. 
07-25 11:22:27.331  1081  4563 E SensorService: BigData:Pakage) 5 already disabled. 
07-25 11:22:28.246  1081  4563 E BatteryStatsService: Invalid uid for waking network packet: -1
07-25 11:22:30.006  1081  3190 E SemWifiService: getCurrentNetworkScore - invalid score data
07-25 11:22:30.006  1081  3190 E WifiProfileShare.Caster: failed to generate qos array, need to check network score data
07-25 11:22:33.159  1081  3190 E SemWifiService: getCurrentNetworkScore - invalid score data
07-25 11:22:33.159  1081  3190 E WifiProfileShare.Caster: failed to generate qos array, need to check network score data
07-25 11:22:35.463  1081  2046 E SmartFaceManager: checkForSmartStay S
07-25 11:22:35.501  1066  1066 E cameraserver: isBiometricsFaceService : face AIDL HAL Pid(814) is not same with callingPid(8914)
07-25 11:22:35.511  1066  1066 E cameraserver: isBiometricsFaceService : face AIDL HAL Pid(814) is not same with callingPid(8914)
07-25 11:22:35.531  1066  1066 E Camera2-FrameProcessorBase: FrameProcessorBase: created
07-25 11:22:35.531  1066  1066 E Camera2-FrameProcessorBase: registerListener: Registering listener for frame id range 0 - 2147483647
07-25 11:22:35.555   829   829 E Unihal  : BeautyVideoUnit.cpp: BeautyVideoUnit: 36: Failed to Fetch Samsung Camera Value
07-25 11:22:35.614   829 14184 E WNC]ColorFormat: [calculateBufferInfo:962] Invalid pixelFormat(0)
07-25 11:22:35.618   811   855 E SensorsHub: AccSensor : Meta event
07-25 11:22:35.621  1081  4510 E SensorService: BigData:Pakage) 4 already enabled. 
07-25 11:22:35.622   811   855 E SensorsHub: GyroSensor : Meta event
07-25 11:22:35.658   829   829 E Unihal  : CameraMetadata.cpp: SetData: 992: Failed to set data. : parameterTag=PARAMETER_SAMSUNG_EXTRA_UNIHAL_PREVIEW_DATASPACE(0xe000007c), tag=0x00000000, tagName=.PARAMETER_SAMSUNG_EXTRA_UNIHAL_PREVIEW_DATASPACE, count=1
07-25 11:22:35.658   829   829 E Unihal  : CameraMetadata.cpp: SetData: 992: Failed to set data. : parameterTag=PARAMETER_SAMSUNG_EXTRA_UNIHAL_RECORD_DATASPACE(0xe000007d), tag=0x00000000, tagName=.PARAMETER_SAMSUNG_EXTRA_UNIHAL_RECORD_DATASPACE, count=1
07-25 11:22:35.658   829   829 E Unihal  : CameraMetadata.cpp: SetData: 992: Failed to set data. : parameterTag=PARAMETER_SAMSUNG_EXTRA_UNIHAL_YUV_CAPTURE_DATASPACE(0xe000007e), tag=0x00000000, tagName=.PARAMETER_SAMSUNG_EXTRA_UNIHAL_YUV_CAPTURE_DATASPACE, count=1
07-25 11:22:35.663  1066 14248 E cameraserver: isBiometricsFaceService : face AIDL HAL Pid(814) is not same with callingPid(8914)
07-25 11:22:35.663  1081 14180 E SmartFaceManager: Listener does not implements SmartFaceInfoListener2
07-25 11:22:35.713   811   855 E SensorsHub: GyroSensor : Meta event
07-25 11:22:35.713  1081  4250 E SensorService: BigData:Pakage) 4 already enabled. 
07-25 11:22:35.732   829 14273 E WNC]SensorHWProcessorImpl: [acquire3aaPath:122] [F_0_Preview] reserved 0 is used for specific scednario(pip:1, single:0)
07-25 11:22:35.828   829 14272 E WNC]DeviceNode: [dequeueImage:808] [F_0_Preview_FRONT0_SENSOR:/dev/video102:0xb400007abad93890] failed to dequeueImage. videoNodeFd = 71 buf->id = -1 errno(22-Invalid argument), length:4
07-25 11:22:35.828   829 14272 E WNC]DeviceNode: [dequeueImage:808] [F_0_Preview_FRONT0_SENSOR:/dev/video102:0xb400007abad93890] failed to dequeueImage. videoNodeFd = 71 buf->id = -1 errno(22-Invalid argument), length:3
07-25 11:22:35.829   829 14272 E WNC]DeviceNode: [dequeueImage:808] [F_0_Preview_FRONT0_SENSOR:/dev/video102:0xb400007abad93890] failed to dequeueImage. videoNodeFd = 71 buf->id = -1 errno(22-Invalid argument), length:2
07-25 11:22:35.829   829 14272 E WNC]DeviceNode: [dequeueImage:808] [F_0_Preview_FRONT0_SENSOR:/dev/video102:0xb400007abad93890] failed to dequeueImage. videoNodeFd = 71 buf->id = -1 errno(22-Invalid argument), length:1
07-25 11:22:35.868   811   855 E SensorsHub: GyroSensor : Meta event
07-25 11:22:35.895  1081  1255 E Watchdog: !@Sync: 50547 heap(MB): 181 / 205 FD: 1316 [2025-07-25 11:22:35.895]
07-25 11:22:35.903   829 14289 E WNC]SensorHWProcessorImpl: [acquire3aaPath:122] [F_0_Preview] reserved 0 is used for specific scednario(pip:1, single:0)
07-25 11:22:36.128   829 14274 E WNC]LmeMcscPreviewHWProcessor: [handleLmePrevImage:206] [F_104_Preview] lmePrevQueue is empty.
07-25 11:22:36.158  8914  8933 E SmartScreen_JNI: processImage start : prev time [ 123357 ]
07-25 11:22:36.202  1081  3190 E SemWifiService: getCurrentNetworkScore - invalid score data
07-25 11:22:36.202  1081  3190 E WifiProfileShare.Caster: failed to generate qos array, need to check network score data
07-25 11:22:36.217  8914  8933 E SmartScreen_JNI: processImage end : function time [ 79850 ] [-1] 
07-25 11:22:36.218  8914  8933 E SmartScreen_JNI: processImage start : prev time [ 80343 ]
07-25 11:22:36.219  1081 14180 E SmartFaceManager: checkForSmartStay onInfo: 100: 0
07-25 11:22:36.266  8914  8933 E SmartScreen_JNI: processImage end : function time [ 71993 ] [-1] 
07-25 11:22:36.266  8914  8933 E SmartScreen_JNI: processImage start : prev time [ 72468 ]
07-25 11:22:36.266  1081 14180 E SmartFaceManager: checkForSmartStay onInfo: 100: 0
07-25 11:22:36.276  1066  8231 E Camera2-FrameProcessorBase: removeListener: 
07-25 11:22:36.304   829 14286 E WNC]DeviceNode: [dequeueImage:808] [F_0_Preview_FRONT0_SENSOR:/dev/video102:0xb400007abad93890] failed to dequeueImage. videoNodeFd = 71 buf->id = -1 errno(22-Invalid argument), length:5
07-25 11:22:36.304   829 14286 E WNC]DeviceNode: [dequeueImage:808] [F_0_Preview_FRONT0_SENSOR:/dev/video102:0xb400007abad93890] failed to dequeueImage. videoNodeFd = 71 buf->id = -1 errno(22-Invalid argument), length:4
07-25 11:22:36.304   829 14286 E WNC]DeviceNode: [dequeueImage:808] [F_0_Preview_FRONT0_SENSOR:/dev/video102:0xb400007abad93890] failed to dequeueImage. videoNodeFd = 71 buf->id = -1 errno(22-Invalid argument), length:3
07-25 11:22:36.304   829 14286 E WNC]DeviceNode: [dequeueImage:808] [F_0_Preview_FRONT0_SENSOR:/dev/video102:0xb400007abad93890] failed to dequeueImage. videoNodeFd = 71 buf->id = -1 errno(22-Invalid argument), length:2
07-25 11:22:36.304   829 14286 E WNC]DeviceNode: [dequeueImage:808] [F_0_Preview_FRONT0_SENSOR:/dev/video102:0xb400007abad93890] failed to dequeueImage. videoNodeFd = 71 buf->id = -1 errno(22-Invalid argument), length:1
07-25 11:22:36.306   829 14250 E WNC]CaptureController: [handleRequestCaptureFail:1350] [Cam1][(N) camIndex:0 frN:6 HwfrN:16 Id:6 T:3442252573] (frameType:1, frameCount:1)
07-25 11:22:36.306   829 14250 E WNC]CaptureController: [handleRequestCaptureFail:1350] [Cam1][(N) camIndex:0 frN:7 HwfrN:17 Id:7 T:3442252603] (frameType:1, frameCount:1)
07-25 11:22:36.306   829 14250 E WNC]CaptureController: [handleRequestCaptureFail:1350] [Cam1][(N) camIndex:0 frN:8 HwfrN:0 Id:8 T:0] (frameType:1, frameCount:1)
07-25 11:22:36.306   829 14250 E WNC]CaptureController: [handleRequestCaptureFail:1350] [Cam1][(N) camIndex:0 frN:9 HwfrN:0 Id:9 T:0] (frameType:1, frameCount:1)
07-25 11:22:36.306   829 14250 E WNC]CaptureController: [handleRequestCaptureFail:1350] [Cam1][(N) camIndex:0 frN:10 HwfrN:0 Id:10 T:0] (frameType:1, frameCount:1)
07-25 11:22:36.315  8914  8933 E SmartScreen_JNI: processImage end : function time [ 69419 ] [-1] 
07-25 11:22:36.368  1081  4056 E SensorService: BigData:Pakage) 4 already disabled. 
07-25 11:22:36.373  1066  1066 E CameraDeviceClient: notifyError: pid=8914, errorCode=3, errorStreamId=0, frameNumber=6
07-25 11:22:36.373  1066  1066 E CameraDeviceClient: notifyError: pid=8914, skipClientNotification=false
07-25 11:22:36.373   829 14184 E WNC]RequestManager: [sendBufferError:763] sendBufferError: frN:6 Send Buffer:0 fence(-1, -1)
07-25 11:22:36.373   829 14184 E WNC]RequestManager: [sendBufferError:763] sendBufferError: frN:7 Send Buffer:0 fence(-1, -1)
07-25 11:22:36.373   829 14184 E WNC]RequestManager: [sendBufferError:763] sendBufferError: frN:8 Send Buffer:0 fence(-1, -1)
07-25 11:22:36.373   829 14184 E WNC]RequestManager: [sendBufferError:763] sendBufferError: frN:9 Send Buffer:0 fence(-1, -1)
07-25 11:22:36.373   829 14184 E WNC]RequestManager: [sendBufferError:763] sendBufferError: frN:10 Send Buffer:0 fence(-1, -1)
07-25 11:22:36.374  1066  6433 E Camera3-OutputStream: returnBufferCheckedLocked: A frame is dropped for stream 0 frame 6 , due to buffer error.
07-25 11:22:36.374  1066  6433 E CameraDeviceClient: notifyError: pid=8914, errorCode=3, errorStreamId=0, frameNumber=7
07-25 11:22:36.374  1066  6433 E CameraDeviceClient: notifyError: pid=8914, skipClientNotification=false
07-25 11:22:36.375  1066  6433 E Camera3-OutputStream: returnBufferCheckedLocked: A frame is dropped for stream 0 frame 7 , due to buffer error.
07-25 11:22:36.376  1066  6433 E CameraDeviceClient: notifyError: pid=8914, errorCode=3, errorStreamId=0, frameNumber=8
07-25 11:22:36.376  1066  6433 E CameraDeviceClient: notifyError: pid=8914, skipClientNotification=false
07-25 11:22:36.377  1066  6433 E Camera3-OutputStream: returnBufferCheckedLocked: A frame is dropped for stream 0 frame 8 , due to buffer error.
07-25 11:22:36.378  1066  6433 E CameraDeviceClient: notifyError: pid=8914, errorCode=3, errorStreamId=0, frameNumber=9
07-25 11:22:36.378  1066  6433 E CameraDeviceClient: notifyError: pid=8914, skipClientNotification=false
07-25 11:22:36.379  1066  6433 E Camera3-OutputStream: returnBufferCheckedLocked: A frame is dropped for stream 0 frame 9 , due to buffer error.
07-25 11:22:36.380  1066  6433 E CameraDeviceClient: notifyError: pid=8914, errorCode=3, errorStreamId=0, frameNumber=10
07-25 11:22:36.380  1066  6433 E CameraDeviceClient: notifyError: pid=8914, skipClientNotification=false
07-25 11:22:36.381  1066  6433 E Camera3-OutputStream: returnBufferCheckedLocked: A frame is dropped for stream 0 frame 10 , due to buffer error.
07-25 11:22:36.387   829 14184 E WNC]Scenario: [stop:258] invalid state 1
07-25 11:22:36.397  1081  4056 E SensorService: BigData:Pakage) 4 already disabled. 
07-25 11:22:36.440  1081  4056 E BatteryStatsService: Invalid uid for waking network packet: -1
07-25 11:22:36.453  1066  8231 E cameraserver: isBiometricsFaceService : face AIDL HAL Pid(814) is not same with callingPid(8914)
07-25 11:22:36.455   829 14192 E ExynosGDCInterface: [LIB_GDC][stop:139]Can't stop since current state is 1
07-25 11:22:36.468  1081  2046 E SmartFaceManager: checkForSmartStay X: false
07-25 11:22:38.355   799  1904 E audio_hw_proxy_mixer: proxy-proxy_set_mixer_value_int: cannot find ABOX Display Mixer Control
07-25 11:22:42.376   799  1904 E audio_hw_proxy_mixer: proxy-proxy_set_mixer_value_int: cannot find ABOX Display Mixer Control
